../Core/Src/lib/screen/USER/GUI.c:94:6:GUI_DrawPoint	16	static
../Core/Src/lib/screen/USER/GUI.c:111:6:LCD_Fill	32	static
../Core/Src/lib/screen/USER/GUI.c:135:6:LCD_DrawLine	64	static
../Core/Src/lib/screen/USER/GUI.c:181:6:LCD_DrawRectangle	24	static
../Core/Src/lib/screen/USER/GUI.c:199:6:LCD_DrawFillRectangle	32	static
../Core/Src/lib/screen/USER/GUI.c:215:6:_draw_circle_8	24	static
../Core/Src/lib/screen/USER/GUI.c:244:6:gui_circle	48	static
../Core/Src/lib/screen/USER/GUI.c:294:6:Draw_Triangel	24	static
../Core/Src/lib/screen/USER/GUI.c:301:13:_swap	24	static
../Core/Src/lib/screen/USER/GUI.c:321:6:Fill_Triangel	72	static
../Core/Src/lib/screen/USER/GUI.c:420:6:LCD_ShowChar	32	static
../Core/Src/lib/screen/USER/GUI.c:472:7:LCD_ShowString	48	static
../Core/Src/lib/screen/USER/GUI.c:492:5:mypow	24	static
../Core/Src/lib/screen/USER/GUI.c:510:6:LCD_ShowNum	56	static
../Core/Src/lib/screen/USER/GUI.c:543:6:Show_Str	48	static
../Core/Src/lib/screen/USER/GUI.c:605:6:Gui_StrCenter	48	static
../Core/Src/lib/screen/USER/GUI.c:621:6:Gui_Drawbmp16	24	static
../Core/Src/lib/screen/USER/GUI.c:636:6:LCD_DrawPage1	56	static
../Core/Src/lib/screen/USER/GUI.c:655:6:LCD_DrawKeyPad	88	static
../Core/Src/lib/screen/USER/GUI.c:702:6:LCD_UpdateTemperature	16	static
../Core/Src/lib/screen/USER/GUI.c:719:6:LCD_UpdateTempSet	72	static
../Core/Src/lib/screen/USER/GUI.c:728:6:LCD_UpdateHotWater	72	static
../Core/Src/lib/screen/USER/GUI.c:737:6:LCD_STALL_FLAG	72	static
../Core/Src/lib/screen/USER/GUI.c:746:6:LCD_UpdateTerminalWater	72	static
../Core/Src/lib/screen/USER/GUI.c:755:6:LCD_UpdateOpening	64	static
../Core/Src/lib/screen/USER/GUI.c:763:6:LCD_UpdateFlash	64	static
../Core/Src/lib/screen/USER/GUI.c:770:6:LCD_UpdateTypedTemp	32	static
../Core/Src/lib/screen/USER/GUI.c:775:6:LCD_typeDebug	32	static
../Core/Src/lib/screen/USER/GUI.c:780:6:GUI_INIT	24	static
../Core/Src/lib/screen/USER/GUI.c:801:6:GUI_ADD_CANVAS	24	static
../Core/Src/lib/screen/USER/GUI.c:820:6:GUI_DELETE_CANVAS	16	static
../Core/Src/lib/screen/USER/GUI.c:824:6:GUI_ADD_PAGE	24	static
../Core/Src/lib/screen/USER/GUI.c:849:6:GUI_DELETE_PAGE	16	static
../Core/Src/lib/screen/USER/GUI.c:855:6:GUI_DRAW_PAGE	24	static
../Core/Src/lib/screen/USER/GUI.c:862:6:GUI_DRAW_CANVAS	24	static
../Core/Src/lib/screen/USER/GUI.c:867:6:GUI_SET_PAGE1	24	static
