../Core/Src/lib/screen/USER/GUI.c:93:6:GUI_DrawPoint	16	static
../Core/Src/lib/screen/USER/GUI.c:110:6:LCD_Fill	32	static
../Core/Src/lib/screen/USER/GUI.c:134:6:LCD_DrawLine	64	static
../Core/Src/lib/screen/USER/GUI.c:180:6:LCD_DrawRectangle	24	static
../Core/Src/lib/screen/USER/GUI.c:198:6:LCD_DrawFillRectangle	32	static
../Core/Src/lib/screen/USER/GUI.c:214:6:_draw_circle_8	24	static
../Core/Src/lib/screen/USER/GUI.c:243:6:gui_circle	48	static
../Core/Src/lib/screen/USER/GUI.c:293:6:Draw_Triangel	24	static
../Core/Src/lib/screen/USER/GUI.c:300:13:_swap	24	static
../Core/Src/lib/screen/USER/GUI.c:320:6:Fill_Triangel	72	static
../Core/Src/lib/screen/USER/GUI.c:419:6:LCD_ShowChar	32	static
../Core/Src/lib/screen/USER/GUI.c:471:7:LCD_ShowString	48	static
../Core/Src/lib/screen/USER/GUI.c:491:5:mypow	24	static
../Core/Src/lib/screen/USER/GUI.c:509:6:LCD_ShowNum	56	static
../Core/Src/lib/screen/USER/GUI.c:542:6:Show_Str	48	static
../Core/Src/lib/screen/USER/GUI.c:604:6:Gui_StrCenter	48	static
../Core/Src/lib/screen/USER/GUI.c:620:6:Gui_Drawbmp16	24	static
../Core/Src/lib/screen/USER/GUI.c:635:6:LCD_DrawPage1	56	static
../Core/Src/lib/screen/USER/GUI.c:654:6:LCD_DrawKeyPad	88	static
../Core/Src/lib/screen/USER/GUI.c:701:6:LCD_UpdateTemperature	16	static
../Core/Src/lib/screen/USER/GUI.c:718:6:LCD_UpdateTempSet	72	static
../Core/Src/lib/screen/USER/GUI.c:727:6:LCD_UpdateHotWater	72	static
../Core/Src/lib/screen/USER/GUI.c:736:6:LCD_STALL_FLAG	72	static
../Core/Src/lib/screen/USER/GUI.c:745:6:LCD_UpdateTerminalWater	72	static
../Core/Src/lib/screen/USER/GUI.c:754:6:LCD_UpdateOpening	64	static
../Core/Src/lib/screen/USER/GUI.c:762:6:LCD_UpdateFlash	64	static
../Core/Src/lib/screen/USER/GUI.c:769:6:LCD_UpdateTypedTemp	32	static
../Core/Src/lib/screen/USER/GUI.c:774:6:LCD_typeDebug	32	static
../Core/Src/lib/screen/USER/GUI.c:779:6:SCAN_HANDLE	40	static
../Core/Src/lib/screen/USER/GUI.c:806:6:LCD_HANDLE_PAGE_1	32	static
