Archive member included to satisfy reference by file (symbol)

C:/ST/STM32CubeIDE_1.17.0/STM32CubeIDE/plugins/com.st.stm32cube.ide.mcu.externaltools.gnu-tools-for-stm32.12.3.rel1.win32_1.1.0.202410251130/tools/bin/../lib/gcc/arm-none-eabi/12.3.1/../../../../arm-none-eabi/lib/thumb/v7e-m+fp/hard\libc_nano.a(libc_a-atoi.o)
                              ./Core/Src/lib/equipments/temperature_control.o (atoi)
C:/ST/STM32CubeIDE_1.17.0/STM32CubeIDE/plugins/com.st.stm32cube.ide.mcu.externaltools.gnu-tools-for-stm32.12.3.rel1.win32_1.1.0.202410251130/tools/bin/../lib/gcc/arm-none-eabi/12.3.1/../../../../arm-none-eabi/lib/thumb/v7e-m+fp/hard\libc_nano.a(libc_a-exit.o)
                              C:/ST/STM32CubeIDE_1.17.0/STM32CubeIDE/plugins/com.st.stm32cube.ide.mcu.externaltools.gnu-tools-for-stm32.12.3.rel1.win32_1.1.0.202410251130/tools/bin/../lib/gcc/arm-none-eabi/12.3.1/../../../../arm-none-eabi/lib/thumb/v7e-m+fp/hard/crt0.o (exit)
C:/ST/STM32CubeIDE_1.17.0/STM32CubeIDE/plugins/com.st.stm32cube.ide.mcu.externaltools.gnu-tools-for-stm32.12.3.rel1.win32_1.1.0.202410251130/tools/bin/../lib/gcc/arm-none-eabi/12.3.1/../../../../arm-none-eabi/lib/thumb/v7e-m+fp/hard\libc_nano.a(libc_a-strtol.o)
                              C:/ST/STM32CubeIDE_1.17.0/STM32CubeIDE/plugins/com.st.stm32cube.ide.mcu.externaltools.gnu-tools-for-stm32.12.3.rel1.win32_1.1.0.202410251130/tools/bin/../lib/gcc/arm-none-eabi/12.3.1/../../../../arm-none-eabi/lib/thumb/v7e-m+fp/hard\libc_nano.a(libc_a-atoi.o) (_strtol_r)
C:/ST/STM32CubeIDE_1.17.0/STM32CubeIDE/plugins/com.st.stm32cube.ide.mcu.externaltools.gnu-tools-for-stm32.12.3.rel1.win32_1.1.0.202410251130/tools/bin/../lib/gcc/arm-none-eabi/12.3.1/../../../../arm-none-eabi/lib/thumb/v7e-m+fp/hard\libc_nano.a(libc_a-ctype_.o)
                              C:/ST/STM32CubeIDE_1.17.0/STM32CubeIDE/plugins/com.st.stm32cube.ide.mcu.externaltools.gnu-tools-for-stm32.12.3.rel1.win32_1.1.0.202410251130/tools/bin/../lib/gcc/arm-none-eabi/12.3.1/../../../../arm-none-eabi/lib/thumb/v7e-m+fp/hard\libc_nano.a(libc_a-strtol.o) (_ctype_)
C:/ST/STM32CubeIDE_1.17.0/STM32CubeIDE/plugins/com.st.stm32cube.ide.mcu.externaltools.gnu-tools-for-stm32.12.3.rel1.win32_1.1.0.202410251130/tools/bin/../lib/gcc/arm-none-eabi/12.3.1/../../../../arm-none-eabi/lib/thumb/v7e-m+fp/hard\libc_nano.a(libc_a-findfp.o)
                              ./Middlewares/Third_Party/FreeRTOS/Source/tasks.o (__sf)
C:/ST/STM32CubeIDE_1.17.0/STM32CubeIDE/plugins/com.st.stm32cube.ide.mcu.externaltools.gnu-tools-for-stm32.12.3.rel1.win32_1.1.0.202410251130/tools/bin/../lib/gcc/arm-none-eabi/12.3.1/../../../../arm-none-eabi/lib/thumb/v7e-m+fp/hard\libc_nano.a(libc_a-fwalk.o)
                              C:/ST/STM32CubeIDE_1.17.0/STM32CubeIDE/plugins/com.st.stm32cube.ide.mcu.externaltools.gnu-tools-for-stm32.12.3.rel1.win32_1.1.0.202410251130/tools/bin/../lib/gcc/arm-none-eabi/12.3.1/../../../../arm-none-eabi/lib/thumb/v7e-m+fp/hard\libc_nano.a(libc_a-findfp.o) (_fwalk_sglue)
C:/ST/STM32CubeIDE_1.17.0/STM32CubeIDE/plugins/com.st.stm32cube.ide.mcu.externaltools.gnu-tools-for-stm32.12.3.rel1.win32_1.1.0.202410251130/tools/bin/../lib/gcc/arm-none-eabi/12.3.1/../../../../arm-none-eabi/lib/thumb/v7e-m+fp/hard\libc_nano.a(libc_a-snprintf.o)
                              ./Core/Src/main.o (snprintf)
C:/ST/STM32CubeIDE_1.17.0/STM32CubeIDE/plugins/com.st.stm32cube.ide.mcu.externaltools.gnu-tools-for-stm32.12.3.rel1.win32_1.1.0.202410251130/tools/bin/../lib/gcc/arm-none-eabi/12.3.1/../../../../arm-none-eabi/lib/thumb/v7e-m+fp/hard\libc_nano.a(libc_a-sprintf.o)
                              ./Core/Src/main.o (sprintf)
C:/ST/STM32CubeIDE_1.17.0/STM32CubeIDE/plugins/com.st.stm32cube.ide.mcu.externaltools.gnu-tools-for-stm32.12.3.rel1.win32_1.1.0.202410251130/tools/bin/../lib/gcc/arm-none-eabi/12.3.1/../../../../arm-none-eabi/lib/thumb/v7e-m+fp/hard\libc_nano.a(libc_a-stdio.o)
                              C:/ST/STM32CubeIDE_1.17.0/STM32CubeIDE/plugins/com.st.stm32cube.ide.mcu.externaltools.gnu-tools-for-stm32.12.3.rel1.win32_1.1.0.202410251130/tools/bin/../lib/gcc/arm-none-eabi/12.3.1/../../../../arm-none-eabi/lib/thumb/v7e-m+fp/hard\libc_nano.a(libc_a-findfp.o) (__sread)
C:/ST/STM32CubeIDE_1.17.0/STM32CubeIDE/plugins/com.st.stm32cube.ide.mcu.externaltools.gnu-tools-for-stm32.12.3.rel1.win32_1.1.0.202410251130/tools/bin/../lib/gcc/arm-none-eabi/12.3.1/../../../../arm-none-eabi/lib/thumb/v7e-m+fp/hard\libc_nano.a(libc_a-memset.o)
                              C:/ST/STM32CubeIDE_1.17.0/STM32CubeIDE/plugins/com.st.stm32cube.ide.mcu.externaltools.gnu-tools-for-stm32.12.3.rel1.win32_1.1.0.202410251130/tools/bin/../lib/gcc/arm-none-eabi/12.3.1/../../../../arm-none-eabi/lib/thumb/v7e-m+fp/hard/crt0.o (memset)
C:/ST/STM32CubeIDE_1.17.0/STM32CubeIDE/plugins/com.st.stm32cube.ide.mcu.externaltools.gnu-tools-for-stm32.12.3.rel1.win32_1.1.0.202410251130/tools/bin/../lib/gcc/arm-none-eabi/12.3.1/../../../../arm-none-eabi/lib/thumb/v7e-m+fp/hard\libc_nano.a(libc_a-strcat.o)
[...]
Memory Configuration

Name             Origin             Length             Attributes
RAM              0x20000000         0x00020000         xrw
FLASH            0x08000000         0x00040000         xr
*default*        0x00000000         0xffffffff

Linker script and memory map

LOAD C:/ST/STM32CubeIDE_1.17.0/STM32CubeIDE/plugins/com.st.stm32cube.ide.mcu.externaltools.gnu-tools-for-stm32.12.3.rel1.win32_1.1.0.202410251130/tools/bin/../lib/gcc/arm-none-eabi/12.3.1/thumb/v7e-m+fp/hard/crti.o
LOAD C:/ST/STM32CubeIDE_1.17.0/STM32CubeIDE/plugins/com.st.stm32cube.ide.mcu.externaltools.gnu-tools-for-stm32.12.3.rel1.win32_1.1.0.202410251130/tools/bin/../lib/gcc/arm-none-eabi/12.3.1/thumb/v7e-m+fp/hard/crtbegin.o
LOAD C:/ST/STM32CubeIDE_1.17.0/STM32CubeIDE/plugins/com.st.stm32cube.ide.mcu.externaltools.gnu-tools-for-stm32.12.3.rel1.win32_1.1.0.202410251130/tools/bin/../lib/gcc/arm-none-eabi/12.3.1/../../../../arm-none-eabi/lib/thumb/v7e-m+fp/hard/crt0.o
LOAD ./Core/Src/freertos.o
LOAD ./Core/Src/main.o
LOAD ./Core/Src/stm32f4xx_hal_msp.o
LOAD ./Core/Src/stm32f4xx_hal_timebase_tim.o
LOAD ./Core/Src/stm32f4xx_it.o
LOAD ./Core/Src/syscalls.o
LOAD ./Core/Src/sysmem.o
LOAD ./Core/Src/system_stm32f4xx.o
LOAD ./Core/Src/lib/DMA/dma.o
LOAD ./Core/Src/lib/ESP/esp.o
LOAD ./Core/Src/lib/UART_FUNC/uart.o
LOAD ./Core/Src/lib/ds18b20_lib/ds18b20.o
LOAD ./Core/Src/lib/equipments/pumps.o
LOAD ./Core/Src/lib/equipments/temperature_control.o
LOAD ./Core/Src/lib/equipments/valves.o
LOAD ./Core/Src/lib/screen/LCD/FONT.o
LOAD ./Core/Src/lib/screen/LCD/lcd.o
LOAD ./Core/Src/lib/screen/LED/LED.o
LOAD ./Core/Src/lib/screen/USER/GUI.o
LOAD ./Core/Src/lib/screen/USER/test.o
LOAD ./Core/Src/lib/screen/paint.o
LOAD ./Core/Src/lib/screen/screen.o
LOAD ./Core/Src/lib/serial_printing/serial_printing.o
LOAD ./Core/Src/lib/timer_us/timer_us.o
LOAD ./Core/Startup/startup_stm32f411rctx.o
LOAD ./Drivers/STM32F4xx_HAL_Driver/Src/stm32f4xx_hal.o
LOAD ./Drivers/STM32F4xx_HAL_Driver/Src/stm32f4xx_hal_cortex.o
LOAD ./Drivers/STM32F4xx_HAL_Driver/Src/stm32f4xx_hal_dma.o
LOAD ./Drivers/STM32F4xx_HAL_Driver/Src/stm32f4xx_hal_dma_ex.o
LOAD ./Drivers/STM32F4xx_HAL_Driver/Src/stm32f4xx_hal_exti.o
LOAD ./Drivers/STM32F4xx_HAL_Driver/Src/stm32f4xx_hal_flash.o
LOAD ./Drivers/STM32F4xx_HAL_Driver/Src/stm32f4xx_hal_flash_ex.o
LOAD ./Drivers/STM32F4xx_HAL_Driver/Src/stm32f4xx_hal_flash_ramfunc.o
LOAD ./Drivers/STM32F4xx_HAL_Driver/Src/stm32f4xx_hal_gpio.o
LOAD ./Drivers/STM32F4xx_HAL_Driver/Src/stm32f4xx_hal_pwr.o
LOAD ./Drivers/STM32F4xx_HAL_Driver/Src/stm32f4xx_hal_pwr_ex.o
LOAD ./Drivers/STM32F4xx_HAL_Driver/Src/stm32f4xx_hal_rcc.o
LOAD ./Drivers/STM32F4xx_HAL_Driver/Src/stm32f4xx_hal_rcc_ex.o
LOAD ./Drivers/STM32F4xx_HAL_Driver/Src/stm32f4xx_hal_spi.o
LOAD ./Drivers/STM32F4xx_HAL_Driver/Src/stm32f4xx_hal_tim.o
LOAD ./Drivers/STM32F4xx_HAL_Driver/Src/stm32f4xx_hal_tim_ex.o
LOAD ./Drivers/STM32F4xx_HAL_Driver/Src/stm32f4xx_hal_uart.o
LOAD ./Middlewares/Third_Party/FreeRTOS/Source/CMSIS_RTOS_V2/cmsis_os2.o
LOAD ./Middlewares/Third_Party/FreeRTOS/Source/croutine.o
LOAD ./Middlewares/Third_Party/FreeRTOS/Source/event_groups.o
LOAD ./Middlewares/Third_Party/FreeRTOS/Source/list.o
LOAD ./Middlewares/Third_Party/FreeRTOS/Source/queue.o
LOAD ./Middlewares/Third_Party/FreeRTOS/Source/stream_buffer.o
LOAD ./Middlewares/Third_Party/FreeRTOS/Source/tasks.o
LOAD ./Middlewares/Third_Party/FreeRTOS/Source/timers.o
LOAD ./Middlewares/Third_Party/FreeRTOS/Source/portable/GCC/ARM_CM4F/port.o
LOAD ./Middlewares/Third_Party/FreeRTOS/Source/portable/MemMang/heap_4.o
START GROUP
LOAD C:/ST/STM32CubeIDE_1.17.0/STM32CubeIDE/plugins/com.st.stm32cube.ide.mcu.externaltools.gnu-tools-for-stm32.12.3.rel1.win32_1.1.0.202410251130/tools/bin/../lib/gcc/arm-none-eabi/12.3.1/../../../../arm-none-eabi/lib/thumb/v7e-m+fp/hard\libc_nano.a
LOAD C:/ST/STM32CubeIDE_1.17.0/STM32CubeIDE/plugins/com.st.stm32cube.ide.mcu.externaltools.gnu-tools-for-stm32.12.3.rel1.win32_1.1.0.202410251130/tools/bin/../lib/gcc/arm-none-eabi/12.3.1/../../../../arm-none-eabi/lib/thumb/v7e-m+fp/hard\libm.a
END GROUP
START GROUP
LOAD C:/ST/STM32CubeIDE_1.17.0/STM32CubeIDE/plugins/com.st.stm32cube.ide.mcu.externaltools.gnu-tools-for-stm32.12.3.rel1.win32_1.1.0.202410251130/tools/bin/../lib/gcc/arm-none-eabi/12.3.1/thumb/v7e-m+fp/hard\libgcc.a
LOAD C:/ST/STM32CubeIDE_1.17.0/STM32CubeIDE/plugins/com.st.stm32cube.ide.mcu.externaltools.gnu-tools-for-stm32.12.3.rel1.win32_1.1.0.202410251130/tools/bin/../lib/gcc/arm-none-eabi/12.3.1/../../../../arm-none-eabi/lib/thumb/v7e-m+fp/hard\libc_nano.a
END GROUP
START GROUP
LOAD C:/ST/STM32CubeIDE_1.17.0/STM32CubeIDE/plugins/com.st.stm32cube.ide.mcu.externaltools.gnu-tools-for-stm32.12.3.rel1.win32_1.1.0.202410251130/tools/bin/../lib/gcc/arm-none-eabi/12.3.1/thumb/v7e-m+fp/hard\libgcc.a
LOAD C:/ST/STM32CubeIDE_1.17.0/STM32CubeIDE/plugins/com.st.stm32cube.ide.mcu.externaltools.gnu-tools-for-stm32.12.3.rel1.win32_1.1.0.202410251130/tools/bin/../lib/gcc/arm-none-eabi/12.3.1/../../../../arm-none-eabi/lib/thumb/v7e-m+fp/hard\libc_nano.a
LOAD C:/ST/STM32CubeIDE_1.17.0/STM32CubeIDE/plugins/com.st.stm32cube.ide.mcu.externaltools.gnu-tools-for-stm32.12.3.rel1.win32_1.1.0.202410251130/tools/bin/../lib/gcc/arm-none-eabi/12.3.1/../../../../arm-none-eabi/lib/thumb/v7e-m+fp/hard\libnosys.a
END GROUP
START GROUP
LOAD C:/ST/STM32CubeIDE_1.17.0/STM32CubeIDE/plugins/com.st.stm32cube.ide.mcu.externaltools.gnu-tools-for-stm32.12.3.rel1.win32_1.1.0.202410251130/tools/bin/../lib/gcc/arm-none-eabi/12.3.1/thumb/v7e-m+fp/hard\libgcc.a
LOAD C:/ST/STM32CubeIDE_1.17.0/STM32CubeIDE/plugins/com.st.stm32cube.ide.mcu.externaltools.gnu-tools-for-stm32.12.3.rel1.win32_1.1.0.202410251130/tools/bin/../lib/gcc/arm-none-eabi/12.3.1/../../../../arm-none-eabi/lib/thumb/v7e-m+fp/hard\libc_nano.a
LOAD C:/ST/STM32CubeIDE_1.17.0/STM32CubeIDE/plugins/com.st.stm32cube.ide.mcu.externaltools.gnu-tools-for-stm32.12.3.rel1.win32_1.1.0.202410251130/tools/bin/../lib/gcc/arm-none-eabi/12.3.1/../../../../arm-none-eabi/lib/thumb/v7e-m+fp/hard\libnosys.a
END GROUP
LOAD C:/ST/STM32CubeIDE_1.17.0/STM32CubeIDE/plugins/com.st.stm32cube.ide.mcu.externaltools.gnu-tools-for-stm32.12.3.rel1.win32_1.1.0.202410251130/tools/bin/../lib/gcc/arm-none-eabi/12.3.1/thumb/v7e-m+fp/hard/crtend.o
LOAD C:/ST/STM32CubeIDE_1.17.0/STM32CubeIDE/plugins/com.st.stm32cube.ide.mcu.externaltools.gnu-tools-for-stm32.12.3.rel1.win32_1.1.0.202410251130/tools/bin/../lib/gcc/arm-none-eabi/12.3.1/thumb/v7e-m+fp/hard/crtn.o
                0x20020000                        _estack = (ORIGIN (RAM) + LENGTH (RAM))
                0x00000200                        _Min_Heap_Size = 0x200
                0x00000400                        _Min_Stack_Size = 0x400

.isr_vector     0x08000000      0x198
                0x08000000                        . = ALIGN (0x4)
 *(.isr_vector)
 .isr_vector    0x08000000      0x198 ./Core/Startup/startup_stm32f411rctx.o
                0x08000000                g_pfnVectors
                0x08000198                        . = ALIGN (0x4)

.text           0x080001a0     0xd270
                0x080001a0                        . = ALIGN (0x4)
 *(.text)
 .text          0x080001a0       0x40 C:/ST/STM32CubeIDE_1.17.0/STM32CubeIDE/plugins/com.st.stm32cube.ide.mcu.externaltools.gnu-tools-for-stm32.12.3.rel1.win32_1.1.0.202410251130/tools/bin/../lib/gcc/arm-none-eabi/12.3.1/thumb/v7e-m+fp/hard/crtbegin.o
 .text          0x080001e0       0x14 C:/ST/STM32CubeIDE_1.17.0/STM32CubeIDE/plugins/com.st.stm32cube.ide.mcu.externaltools.gnu-tools-for-stm32.12.3.rel1.win32_1.1.0.202410251130/tools/bin/../lib/gcc/arm-none-eabi/12.3.1/../../../../arm-none-eabi/lib/thumb/v7e-m+fp/hard\libc_nano.a(libc_a-strcmp.o)
                0x080001e0                strcmp
 .text          0x080001f4       0x10 C:/ST/STM32CubeIDE_1.17.0/STM32CubeIDE/plugins/com.st.stm32cube.ide.mcu.externaltools.gnu-tools-for-stm32.12.3.rel1.win32_1.1.0.202410251130/tools/bin/../lib/gcc/arm-none-eabi/12.3.1/../../../../arm-none-eabi/lib/thumb/v7e-m+fp/hard\libc_nano.a(libc_a-strlen.o)
                0x080001f4                strlen
 *fill*         0x08000204        0xc 
 .text          0x08000210       0xa0 C:/ST/STM32CubeIDE_1.17.0/STM32CubeIDE/plugins/com.st.stm32cube.ide.mcu.externaltools.gnu-tools-for-stm32.12.3.rel1.win32_1.1.0.202410251130/tools/bin/../lib/gcc/arm-none-eabi/12.3.1/../../../../arm-none-eabi/lib/thumb/v7e-m+fp/hard\libc_nano.a(libc_a-memchr.o)
                0x08000210                memchr
 .text          0x080002b0      0x254 C:/ST/STM32CubeIDE_1.17.0/STM32CubeIDE/plugins/com.st.stm32cube.ide.mcu.externaltools.gnu-tools-for-stm32.12.3.rel1.win32_1.1.0.202410251130/tools/bin/../lib/gcc/arm-none-eabi/12.3.1/thumb/v7e-m+fp/hard\libgcc.a(_arm_muldf3.o)
                0x080002b0                __muldf3
                0x080002b0                __aeabi_dmul
 .text          0x08000504      0x378 C:/ST/STM32CubeIDE_1.17.0/STM32CubeIDE/plugins/com.st.stm32cube.ide.mcu.externaltools.gnu-tools-for-stm32.12.3.rel1.win32_1.1.0.202410251130/tools/bin/../lib/gcc/arm-none-eabi/12.3.1/thumb/v7e-m+fp/hard\libgcc.a(_arm_addsubdf3.o)
                0x08000504                __aeabi_drsub
                0x0800050c                __aeabi_dsub
                0x0800050c                __subdf3
                0x08000510                __aeabi_dadd
                0x08000510                __adddf3
                0x08000788                __floatunsidf
                0x08000788                __aeabi_ui2d
                0x080007a8                __floatsidf
                0x080007a8                __aeabi_i2d
                0x080007cc                __aeabi_f2d
                0x080007cc                __extendsfdf2
                0x08000810                __floatundidf
                0x08000810                __aeabi_ul2d
                0x08000820                __floatdidf
                0x08000820                __aeabi_l2d
 .text          0x0800087c      0x110 C:/ST/STM32CubeIDE_1.17.0/STM32CubeIDE/plugins/com.st.stm32cube.ide.mcu.externaltools.gnu-tools-for-stm32.12.3.rel1.win32_1.1.0.202410251130/tools/bin/../lib/gcc/arm-none-eabi/12.3.1/thumb/v7e-m+fp/hard\libgcc.a(_arm_cmpdf2.o)
                0x0800087c                __gtdf2
                0x0800087c                __gedf2
                0x08000884                __ltdf2
                0x08000884                __ledf2
                0x0800088c                __nedf2
                0x0800088c                __eqdf2
                0x0800088c                __cmpdf2
                0x08000908                __aeabi_cdrcmple
                0x08000918                __aeabi_cdcmpeq
                0x08000918                __aeabi_cdcmple
                0x08000928                __aeabi_dcmpeq
                0x0800093c                __aeabi_dcmplt
                0x08000950                __aeabi_dcmple
                0x08000964                __aeabi_dcmpge
                0x08000978                __aeabi_dcmpgt
 .text          0x0800098c       0x50 C:/ST/STM32CubeIDE_1.17.0/STM32CubeIDE/plugins/com.st.stm32cube.ide.mcu.externaltools.gnu-tools-for-stm32.12.3.rel1.win32_1.1.0.202410251130/tools/bin/../lib/gcc/arm-none-eabi/12.3.1/thumb/v7e-m+fp/hard\libgcc.a(_arm_fixdfsi.o)
                0x0800098c                __aeabi_d2iz
                0x0800098c                __fixdfsi
 .text          0x080009dc       0xa0 C:/ST/STM32CubeIDE_1.17.0/STM32CubeIDE/plugins/com.st.stm32cube.ide.mcu.externaltools.gnu-tools-for-stm32.12.3.rel1.win32_1.1.0.202410251130/tools/bin/../lib/gcc/arm-none-eabi/12.3.1/thumb/v7e-m+fp/hard\libgcc.a(_arm_truncdfsf2.o)
                0x080009dc                __truncdfsf2
                0x080009dc                __aeabi_d2f
 .text          0x08000a7c       0x30 C:/ST/STM32CubeIDE_1.17.0/STM32CubeIDE/plugins/com.st.stm32cube.ide.mcu.externaltools.gnu-tools-for-stm32.12.3.rel1.win32_1.1.0.202410251130/tools/bin/../lib/gcc/arm-none-eabi/12.3.1/thumb/v7e-m+fp/hard\libgcc.a(_aeabi_uldivmod.o)
                0x08000a7c                __aeabi_uldivmod
 .text          0x08000aac      0x2bc C:/ST/STM32CubeIDE_1.17.0/STM32CubeIDE/plugins/com.st.stm32cube.ide.mcu.externaltools.gnu-tools-for-stm32.12.3.rel1.win32_1.1.0.202410251130/tools/bin/../lib/gcc/arm-none-eabi/12.3.1/thumb/v7e-m+fp/hard\libgcc.a(_udivmoddi4.o)
                0x08000aac                __udivmoddi4
 .text          0x08000d68        0x4 C:/ST/STM32CubeIDE_1.17.0/STM32CubeIDE/plugins/com.st.stm32cube.ide.mcu.externaltools.gnu-tools-for-stm32.12.3.rel1.win32_1.1.0.202410251130/tools/bin/../lib/gcc/arm-none-eabi/12.3.1/thumb/v7e-m+fp/hard\libgcc.a(_dvmd_tls.o)
                0x08000d68                __aeabi_idiv0
                0x08000d68                __aeabi_ldiv0
 *(.text*)
 .text.main     0x08000d6c      0x3a0 ./Core/Src/main.o
                0x08000d6c                main
 .text.SystemClock_Config
                0x0800110c       0xd0 ./Core/Src/main.o
                0x0800110c                SystemClock_Config
 .text.MX_SPI2_Init
                0x080011dc       0x6c ./Core/Src/main.o
 .text.MX_SPI4_Init
                0x08001248       0x6c ./Core/Src/main.o
 .text.MX_TIM2_Init
                0x080012b4       0x9c ./Core/Src/main.o
 .text.MX_TIM3_Init
                0x08001350       0x9c ./Core/Src/main.o
 .text.MX_TIM10_Init
                0x080013ec       0x48 ./Core/Src/main.o
 .text.MX_TIM11_Init
                0x08001434       0x48 ./Core/Src/main.o
 .text.MX_USART1_UART_Init
                0x0800147c       0x54 ./Core/Src/main.o
 .text.MX_USART2_UART_Init
                0x080014d0       0x54 ./Core/Src/main.o
 .text.MX_DMA_Init
                0x08001524       0x7c ./Core/Src/main.o
 .text.MX_GPIO_Init
                0x080015a0      0x1dc ./Core/Src/main.o
 .text.getFloatString
                0x0800177c       0x70 ./Core/Src/main.o
                0x0800177c                getFloatString
 .text.HAL_UARTEx_RxEventCallback
                0x080017ec       0x58 ./Core/Src/main.o
                0x080017ec                HAL_UARTEx_RxEventCallback
 .text.HAL_UART_TxCpltCallback
                0x08001844       0x14 ./Core/Src/main.o
                0x08001844                HAL_UART_TxCpltCallback
 .text.mainFunction
                0x08001858       0x18 ./Core/Src/main.o
                0x08001858                mainFunction
 .text.valveFunction
                0x08001870       0x18 ./Core/Src/main.o
                0x08001870                valveFunction
 .text.uartFunction
                0x08001888      0x148 ./Core/Src/main.o
                0x08001888                uartFunction
 .text.ds18b20Function
                0x080019d0       0x18 ./Core/Src/main.o
                0x080019d0                ds18b20Function
 .text.HAL_TIM_PeriodElapsedCallback
                0x080019e8       0x24 ./Core/Src/main.o
                0x080019e8                HAL_TIM_PeriodElapsedCallback
 .text.Error_Handler
                0x08001a0c        0xc ./Core/Src/main.o
                0x08001a0c                Error_Handler
 .text.HAL_MspInit
                0x08001a18       0x58 ./Core/Src/stm32f4xx_hal_msp.o
                0x08001a18                HAL_MspInit
 .text.HAL_SPI_MspInit
                0x08001a70      0x15c ./Core/Src/stm32f4xx_hal_msp.o
                0x08001a70                HAL_SPI_MspInit
 .text.HAL_TIM_Base_MspInit
                0x08001bcc       0xf0 ./Core/Src/stm32f4xx_hal_msp.o
                0x08001bcc                HAL_TIM_Base_MspInit
 .text.HAL_UART_MspInit
                0x08001cbc      0x23c ./Core/Src/stm32f4xx_hal_msp.o
                0x08001cbc                HAL_UART_MspInit
 .text.HAL_InitTick
                0x08001ef8       0xe4 ./Core/Src/stm32f4xx_hal_timebase_tim.o
                0x08001ef8                HAL_InitTick
 .text.NMI_Handler
                0x08001fdc        0x8 ./Core/Src/stm32f4xx_it.o
                0x08001fdc                NMI_Handler
 .text.HardFault_Handler
                0x08001fe4        0x8 ./Core/Src/stm32f4xx_it.o
                0x08001fe4                HardFault_Handler
 .text.MemManage_Handler
                0x08001fec        0x8 ./Core/Src/stm32f4xx_it.o
                0x08001fec                MemManage_Handler
 .text.BusFault_Handler
                0x08001ff4        0x8 ./Core/Src/stm32f4xx_it.o
                0x08001ff4                BusFault_Handler
 .text.UsageFault_Handler
                0x08001ffc        0x8 ./Core/Src/stm32f4xx_it.o
                0x08001ffc                UsageFault_Handler
 .text.DebugMon_Handler
                0x08002004        0xe ./Core/Src/stm32f4xx_it.o
                0x08002004                DebugMon_Handler
 *fill*         0x08002012        0x2 
 .text.DMA1_Stream6_IRQHandler
                0x08002014       0x14 ./Core/Src/stm32f4xx_it.o
                0x08002014                DMA1_Stream6_IRQHandler
 .text.EXTI9_5_IRQHandler
                0x08002028       0x24 ./Core/Src/stm32f4xx_it.o
                0x08002028                EXTI9_5_IRQHandler
 .text.TIM1_UP_TIM10_IRQHandler
                0x0800204c       0x3c ./Core/Src/stm32f4xx_it.o
                0x0800204c                TIM1_UP_TIM10_IRQHandler
 .text.TIM2_IRQHandler
                0x08002088       0x14 ./Core/Src/stm32f4xx_it.o
                0x08002088                TIM2_IRQHandler
 .text.TIM3_IRQHandler
                0x0800209c       0x14 ./Core/Src/stm32f4xx_it.o
                0x0800209c                TIM3_IRQHandler
 .text.USART1_IRQHandler
                0x080020b0       0x14 ./Core/Src/stm32f4xx_it.o
                0x080020b0                USART1_IRQHandler
 .text.DMA2_Stream5_IRQHandler
                0x080020c4       0x14 ./Core/Src/stm32f4xx_it.o
                0x080020c4                DMA2_Stream5_IRQHandler
 .text.DMA2_Stream7_IRQHandler
                0x080020d8       0x14 ./Core/Src/stm32f4xx_it.o
                0x080020d8                DMA2_Stream7_IRQHandler
 .text._sbrk    0x080020ec       0x6c ./Core/Src/sysmem.o
                0x080020ec                _sbrk
 .text.SystemInit
                0x08002158       0x24 ./Core/Src/system_stm32f4xx.o
                0x08002158                SystemInit
 .text.SET_UP_DMAR
                0x0800217c       0xf0 ./Core/Src/lib/DMA/dma.o
                0x0800217c                SET_UP_DMAR
 .text.RESET_DMAR
                0x0800226c      0x650 ./Core/Src/lib/DMA/dma.o
                0x0800226c                RESET_DMAR
 .text.UART_DMA_MFLAG
                0x080028bc       0x90 ./Core/Src/lib/DMA/dma.o
                0x080028bc                UART_DMA_MFLAG
 .text.SET_UP_DMAT
                0x0800294c      0x136 ./Core/Src/lib/DMA/dma.o
                0x0800294c                SET_UP_DMAT
 .text.SEND_DMA
                0x08002a82       0xb2 ./Core/Src/lib/DMA/dma.o
                0x08002a82                SEND_DMA
 .text.SEND_ACK_DMA
                0x08002b34       0xac ./Core/Src/lib/DMA/dma.o
                0x08002b34                SEND_ACK_DMA
 .text.ESP_HAND_SHAKE_HANDLE
                0x08002be0      0x194 ./Core/Src/lib/ESP/esp.o
                0x08002be0                ESP_HAND_SHAKE_HANDLE
 .text.ESP_START_PROTOCOL
                0x08002d74       0x4c ./Core/Src/lib/ESP/esp.o
                0x08002d74                ESP_START_PROTOCOL
 .text.ESP_UART_ACK
                0x08002dc0       0x50 ./Core/Src/lib/ESP/esp.o
                0x08002dc0                ESP_UART_ACK
 .text.FLAG_BINARY_PRINT
                0x08002e10       0x54 ./Core/Src/lib/ESP/esp.o
                0x08002e10                FLAG_BINARY_PRINT
 .text.ds18b20_drive_LOW
                0x08002e64       0x18 ./Core/Src/lib/ds18b20_lib/ds18b20.o
                0x08002e64                ds18b20_drive_LOW
 .text.ds18b20_release_HIGH
                0x08002e7c       0x18 ./Core/Src/lib/ds18b20_lib/ds18b20.o
                0x08002e7c                ds18b20_release_HIGH
 .text.ds18b20_write_0
                0x08002e94       0x22 ./Core/Src/lib/ds18b20_lib/ds18b20.o
                0x08002e94                ds18b20_write_0
 .text.ds18b20_write_1
                0x08002eb6       0x22 ./Core/Src/lib/ds18b20_lib/ds18b20.o
                0x08002eb6                ds18b20_write_1
 .text.ds18b20_start
                0x08002ed8       0x58 ./Core/Src/lib/ds18b20_lib/ds18b20.o
                0x08002ed8                ds18b20_start
 .text.ds18b20_write_byte
                0x08002f30       0x40 ./Core/Src/lib/ds18b20_lib/ds18b20.o
                0x08002f30                ds18b20_write_byte
 .text.ds18b20_read
                0x08002f70       0xc4 ./Core/Src/lib/ds18b20_lib/ds18b20.o
                0x08002f70                ds18b20_read
 .text.ds18b20_get_temperature
                0x08003034       0x80 ./Core/Src/lib/ds18b20_lib/ds18b20.o
                0x08003034                ds18b20_get_temperature
 .text.ds18b20_match_ROM
                0x080030b4       0x38 ./Core/Src/lib/ds18b20_lib/ds18b20.o
                0x080030b4                ds18b20_match_ROM
 .text.ds18b20_skip_ROM
                0x080030ec        0xe ./Core/Src/lib/ds18b20_lib/ds18b20.o
                0x080030ec                ds18b20_skip_ROM
 .text.ds18b20_convert_T
                0x080030fa        0xe ./Core/Src/lib/ds18b20_lib/ds18b20.o
                0x080030fa                ds18b20_convert_T
 .text.ds18b20_read_scratchpad
                0x08003108       0x60 ./Core/Src/lib/ds18b20_lib/ds18b20.o
                0x08003108                ds18b20_read_scratchpad
 .text.COMMAND_HANDLE
                0x08003168      0x1a0 ./Core/Src/lib/equipments/temperature_control.o
                0x08003168                COMMAND_HANDLE
 .text.VALVE_CONTROL_RUN
                0x08003308       0x64 ./Core/Src/lib/equipments/temperature_control.o
                0x08003308                VALVE_CONTROL_RUN
 .text.VALVE_MODE_FULL_CW
                0x0800336c       0x2c ./Core/Src/lib/equipments/valves.o
                0x0800336c                VALVE_MODE_FULL_CW
 .text.VALVE_CONTROL_CW_STEP
                0x08003398       0xa4 ./Core/Src/lib/equipments/valves.o
                0x08003398                VALVE_CONTROL_CW_STEP
 .text.VALVE_CONTROL_CCW_STEP
                0x0800343c       0xa4 ./Core/Src/lib/equipments/valves.o
                0x0800343c                VALVE_CONTROL_CCW_STEP
 .text.VALVE_CONTROL_APROX
                0x080034e0       0x5c ./Core/Src/lib/equipments/valves.o
                0x080034e0                VALVE_CONTROL_APROX
 .text.VALVE_CONTROL_HANDLE_INIT
                0x0800353c       0x68 ./Core/Src/lib/equipments/valves.o
                0x0800353c                VALVE_CONTROL_HANDLE_INIT
 .text.FLASH_HANDLE
                0x080035a4       0x54 ./Core/Src/lib/equipments/valves.o
                0x080035a4                FLASH_HANDLE
 .text.LCD_WR_REG
                0x080035f8       0x44 ./Core/Src/lib/screen/LCD/lcd.o
                0x080035f8                LCD_WR_REG
 .text.LCD_WR_DATA
                0x0800363c       0x40 ./Core/Src/lib/screen/LCD/lcd.o
                0x0800363c                LCD_WR_DATA
 .text.LCD_WriteReg
                0x0800367c       0x2a ./Core/Src/lib/screen/LCD/lcd.o
                0x0800367c                LCD_WriteReg
 *fill*         0x080036a6        0x2 
 .text.LCD_WriteRAM_Prepare
                0x080036a8       0x18 ./Core/Src/lib/screen/LCD/lcd.o
                0x080036a8                LCD_WriteRAM_Prepare
 .text.Lcd_WriteData_16Bit
                0x080036c0       0x68 ./Core/Src/lib/screen/LCD/lcd.o
                0x080036c0                Lcd_WriteData_16Bit
 .text.LCD_DrawPoint
                0x08003728       0x34 ./Core/Src/lib/screen/LCD/lcd.o
                0x08003728                LCD_DrawPoint
 .text.LCD_Clear
                0x0800375c       0x84 ./Core/Src/lib/screen/LCD/lcd.o
                0x0800375c                LCD_Clear
 .text.LCD_RESET
                0x080037e0       0x28 ./Core/Src/lib/screen/LCD/lcd.o
                0x080037e0                LCD_RESET
 .text.LCD_Init
                0x08003808      0x242 ./Core/Src/lib/screen/LCD/lcd.o
                0x08003808                LCD_Init
 *fill*         0x08003a4a        0x2 
 .text.LCD_SetWindows
                0x08003a4c       0xa8 ./Core/Src/lib/screen/LCD/lcd.o
                0x08003a4c                LCD_SetWindows
 .text.LCD_SetCursor
                0x08003af4       0x24 ./Core/Src/lib/screen/LCD/lcd.o
                0x08003af4                LCD_SetCursor
 .text.LCD_direction
                0x08003b18       0xa8 ./Core/Src/lib/screen/LCD/lcd.o
                0x08003b18                LCD_direction
 .text.LCD_Fill
                0x08003bc0       0x98 ./Core/Src/lib/screen/USER/GUI.o
                0x08003bc0                LCD_Fill
 .text.LCD_ShowChar
                0x08003c58      0x1b8 ./Core/Src/lib/screen/USER/GUI.o
                0x08003c58                LCD_ShowChar
 .text.Show_Str
                0x08003e10      0x144 ./Core/Src/lib/screen/USER/GUI.o
                0x08003e10                Show_Str
 .text.LCD_DrawPage1
                0x08003f54      0x100 ./Core/Src/lib/screen/USER/GUI.o
                0x08003f54                LCD_DrawPage1
 .text.LCD_DrawKeyPad
                0x08004054      0x624 ./Core/Src/lib/screen/USER/GUI.o
                0x08004054                LCD_DrawKeyPad
 .text.LCD_UpdateTemperature
                0x08004678       0x42 ./Core/Src/lib/screen/USER/GUI.o
                0x08004678                LCD_UpdateTemperature
 *fill*         0x080046ba        0x2 
 .text.LCD_UpdateTempSet
                0x080046bc       0x88 ./Core/Src/lib/screen/USER/GUI.o
                0x080046bc                LCD_UpdateTempSet
 .text.LCD_UpdateHotWater
                0x08004744       0x88 ./Core/Src/lib/screen/USER/GUI.o
                0x08004744                LCD_UpdateHotWater
 .text.LCD_STALL_FLAG
                0x080047cc       0x88 ./Core/Src/lib/screen/USER/GUI.o
                0x080047cc                LCD_STALL_FLAG
 .text.LCD_UpdateTerminalWater
                0x08004854       0x88 ./Core/Src/lib/screen/USER/GUI.o
                0x08004854                LCD_UpdateTerminalWater
 .text.LCD_UpdateOpening
                0x080048dc       0x50 ./Core/Src/lib/screen/USER/GUI.o
                0x080048dc                LCD_UpdateOpening
 .text.LCD_UpdateFlash
                0x0800492c       0x50 ./Core/Src/lib/screen/USER/GUI.o
                0x0800492c                LCD_UpdateFlash
 .text.LCD_UpdateTypedTemp
                0x0800497c       0x3c ./Core/Src/lib/screen/USER/GUI.o
                0x0800497c                LCD_UpdateTypedTemp
 .text.LCD_typeDebug
                0x080049b8       0x3c ./Core/Src/lib/screen/USER/GUI.o
                0x080049b8                LCD_typeDebug
 .text.SCAN_HANDLE
                0x080049f4      0x130 ./Core/Src/lib/screen/USER/GUI.o
                0x080049f4                SCAN_HANDLE
 .text.LCD_HANDLE_PAGE_1
                0x08004b24       0xc0 ./Core/Src/lib/screen/USER/GUI.o
                0x08004b24                LCD_HANDLE_PAGE_1
 .text.scan     0x08004be4      0x2a8 ./Core/Src/lib/screen/screen.o
                0x08004be4                scan
 .text.read_col
                0x08004e8c       0x90 ./Core/Src/lib/screen/screen.o
                0x08004e8c                read_col
 .text.read_row
                0x08004f1c       0xac ./Core/Src/lib/screen/screen.o
                0x08004f1c                read_row
 .text.get_button
                0x08004fc8      0x1ac ./Core/Src/lib/screen/screen.o
                0x08004fc8                get_button
 .text.print_hex_f_array
                0x08005174       0xe4 ./Core/Src/lib/serial_printing/serial_printing.o
                0x08005174                print_hex_f_array
 .text.TIMER_US_INIT
                0x08005258       0x50 ./Core/Src/lib/timer_us/timer_us.o
                0x08005258                TIMER_US_INIT
 .text.TIMER_US_DELAY
                0x080052a8       0x4c ./Core/Src/lib/timer_us/timer_us.o
                0x080052a8                TIMER_US_DELAY
 .text.Reset_Handler
                0x080052f4       0x50 ./Core/Startup/startup_stm32f411rctx.o
                0x080052f4                Reset_Handler
 .text.Default_Handler
                0x08005344        0x2 ./Core/Startup/startup_stm32f411rctx.o
                0x08005344                RTC_Alarm_IRQHandler
                0x08005344                EXTI2_IRQHandler
                0x08005344                SPI4_IRQHandler
                0x08005344                TIM1_CC_IRQHandler
                0x08005344                DMA1_Stream5_IRQHandler
                0x08005344                PVD_IRQHandler
                0x08005344                SDIO_IRQHandler
                0x08005344                TAMP_STAMP_IRQHandler
                0x08005344                EXTI3_IRQHandler
                0x08005344                I2C3_ER_IRQHandler
                0x08005344                EXTI0_IRQHandler
                0x08005344                I2C2_EV_IRQHandler
                0x08005344                DMA1_Stream2_IRQHandler
                0x08005344                FPU_IRQHandler
                0x08005344                DMA2_Stream2_IRQHandler
                0x08005344                SPI1_IRQHandler
                0x08005344                TIM1_BRK_TIM9_IRQHandler
                0x08005344                DMA2_Stream3_IRQHandler
                0x08005344                USART6_IRQHandler
                0x08005344                DMA2_Stream0_IRQHandler
                0x08005344                TIM4_IRQHandler
                0x08005344                I2C1_EV_IRQHandler
                0x08005344                DMA1_Stream1_IRQHandler
                0x08005344                RCC_IRQHandler
                0x08005344                Default_Handler
                0x08005344                EXTI15_10_IRQHandler
                0x08005344                ADC_IRQHandler
                0x08005344                DMA1_Stream7_IRQHandler
                0x08005344                SPI5_IRQHandler
                0x08005344                TIM5_IRQHandler
                0x08005344                I2C3_EV_IRQHandler
                0x08005344                RTC_WKUP_IRQHandler
                0x08005344                SPI2_IRQHandler
                0x08005344                DMA1_Stream0_IRQHandler
                0x08005344                EXTI4_IRQHandler
                0x08005344                WWDG_IRQHandler
                0x08005344                OTG_FS_WKUP_IRQHandler
                0x08005344                TIM1_TRG_COM_TIM11_IRQHandler
                0x08005344                EXTI1_IRQHandler
                0x08005344                USART2_IRQHandler
                0x08005344                I2C2_ER_IRQHandler
                0x08005344                DMA2_Stream1_IRQHandler
                0x08005344                FLASH_IRQHandler
                0x08005344                DMA2_Stream4_IRQHandler
                0x08005344                OTG_FS_IRQHandler
                0x08005344                SPI3_IRQHandler
                0x08005344                DMA1_Stream4_IRQHandler
                0x08005344                I2C1_ER_IRQHandler
                0x08005344                DMA2_Stream6_IRQHandler
                0x08005344                DMA1_Stream3_IRQHandler
 *fill*         0x08005346        0x2 
 .text.HAL_Init
                0x08005348       0x44 ./Drivers/STM32F4xx_HAL_Driver/Src/stm32f4xx_hal.o
                0x08005348                HAL_Init
 .text.HAL_IncTick
                0x0800538c       0x28 ./Drivers/STM32F4xx_HAL_Driver/Src/stm32f4xx_hal.o
                0x0800538c                HAL_IncTick
 .text.HAL_GetTick
                0x080053b4       0x18 ./Drivers/STM32F4xx_HAL_Driver/Src/stm32f4xx_hal.o
                0x080053b4                HAL_GetTick
 .text.HAL_Delay
                0x080053cc       0x48 ./Drivers/STM32F4xx_HAL_Driver/Src/stm32f4xx_hal.o
                0x080053cc                HAL_Delay
 .text.__NVIC_SetPriorityGrouping
                0x08005414       0x48 ./Drivers/STM32F4xx_HAL_Driver/Src/stm32f4xx_hal_cortex.o
 .text.__NVIC_GetPriorityGrouping
                0x0800545c       0x1c ./Drivers/STM32F4xx_HAL_Driver/Src/stm32f4xx_hal_cortex.o
 .text.__NVIC_EnableIRQ
                0x08005478       0x3c ./Drivers/STM32F4xx_HAL_Driver/Src/stm32f4xx_hal_cortex.o
 .text.__NVIC_SetPriority
                0x080054b4       0x54 ./Drivers/STM32F4xx_HAL_Driver/Src/stm32f4xx_hal_cortex.o
 .text.NVIC_EncodePriority
                0x08005508       0x66 ./Drivers/STM32F4xx_HAL_Driver/Src/stm32f4xx_hal_cortex.o
 .text.HAL_NVIC_SetPriorityGrouping
                0x0800556e       0x16 ./Drivers/STM32F4xx_HAL_Driver/Src/stm32f4xx_hal_cortex.o
                0x0800556e                HAL_NVIC_SetPriorityGrouping
 .text.HAL_NVIC_SetPriority
                0x08005584       0x38 ./Drivers/STM32F4xx_HAL_Driver/Src/stm32f4xx_hal_cortex.o
                0x08005584                HAL_NVIC_SetPriority
 .text.HAL_NVIC_EnableIRQ
                0x080055bc       0x1c ./Drivers/STM32F4xx_HAL_Driver/Src/stm32f4xx_hal_cortex.o
                0x080055bc                HAL_NVIC_EnableIRQ
 .text.HAL_DMA_Init
                0x080055d8      0x15c ./Drivers/STM32F4xx_HAL_Driver/Src/stm32f4xx_hal_dma.o
                0x080055d8                HAL_DMA_Init
 .text.HAL_DMA_Start_IT
                0x08005734       0xb0 ./Drivers/STM32F4xx_HAL_Driver/Src/stm32f4xx_hal_dma.o
                0x08005734                HAL_DMA_Start_IT
 .text.HAL_DMA_Abort
                0x080057e4       0xe0 ./Drivers/STM32F4xx_HAL_Driver/Src/stm32f4xx_hal_dma.o
                0x080057e4                HAL_DMA_Abort
 .text.HAL_DMA_Abort_IT
                0x080058c4       0x44 ./Drivers/STM32F4xx_HAL_Driver/Src/stm32f4xx_hal_dma.o
                0x080058c4                HAL_DMA_Abort_IT
 .text.HAL_DMA_IRQHandler
                0x08005908      0x314 ./Drivers/STM32F4xx_HAL_Driver/Src/stm32f4xx_hal_dma.o
                0x08005908                HAL_DMA_IRQHandler
 .text.DMA_SetConfig
                0x08005c1c       0x5c ./Drivers/STM32F4xx_HAL_Driver/Src/stm32f4xx_hal_dma.o
 .text.DMA_CalcBaseAndBitshift
                0x08005c78       0x6c ./Drivers/STM32F4xx_HAL_Driver/Src/stm32f4xx_hal_dma.o
 .text.DMA_CheckFifoParam
                0x08005ce4       0xf8 ./Drivers/STM32F4xx_HAL_Driver/Src/stm32f4xx_hal_dma.o
 .text.HAL_FLASH_Program_IT
                0x08005ddc       0x88 ./Drivers/STM32F4xx_HAL_Driver/Src/stm32f4xx_hal_flash.o
                0x08005ddc                HAL_FLASH_Program_IT
 .text.HAL_FLASH_Unlock
                0x08005e64       0x44 ./Drivers/STM32F4xx_HAL_Driver/Src/stm32f4xx_hal_flash.o
                0x08005e64                HAL_FLASH_Unlock
 .text.HAL_FLASH_Lock
                0x08005ea8       0x20 ./Drivers/STM32F4xx_HAL_Driver/Src/stm32f4xx_hal_flash.o
                0x08005ea8                HAL_FLASH_Lock
 .text.FLASH_Program_DoubleWord
                0x08005ec8       0x64 ./Drivers/STM32F4xx_HAL_Driver/Src/stm32f4xx_hal_flash.o
 .text.FLASH_Program_Word
                0x08005f2c       0x44 ./Drivers/STM32F4xx_HAL_Driver/Src/stm32f4xx_hal_flash.o
 .text.FLASH_Program_HalfWord
                0x08005f70       0x48 ./Drivers/STM32F4xx_HAL_Driver/Src/stm32f4xx_hal_flash.o
 .text.FLASH_Program_Byte
                0x08005fb8       0x44 ./Drivers/STM32F4xx_HAL_Driver/Src/stm32f4xx_hal_flash.o
 .text.HAL_FLASHEx_Erase_IT
                0x08005ffc       0x98 ./Drivers/STM32F4xx_HAL_Driver/Src/stm32f4xx_hal_flash_ex.o
                0x08005ffc                HAL_FLASHEx_Erase_IT
 .text.FLASH_MassErase
                0x08006094       0x48 ./Drivers/STM32F4xx_HAL_Driver/Src/stm32f4xx_hal_flash_ex.o
 .text.FLASH_Erase_Sector
                0x080060dc       0x90 ./Drivers/STM32F4xx_HAL_Driver/Src/stm32f4xx_hal_flash_ex.o
                0x080060dc                FLASH_Erase_Sector
 .text.HAL_GPIO_Init
                0x0800616c      0x308 ./Drivers/STM32F4xx_HAL_Driver/Src/stm32f4xx_hal_gpio.o
                0x0800616c                HAL_GPIO_Init
 .text.HAL_GPIO_ReadPin
                0x08006474       0x30 ./Drivers/STM32F4xx_HAL_Driver/Src/stm32f4xx_hal_gpio.o
                0x08006474                HAL_GPIO_ReadPin
 .text.HAL_GPIO_WritePin
                0x080064a4       0x32 ./Drivers/STM32F4xx_HAL_Driver/Src/stm32f4xx_hal_gpio.o
                0x080064a4                HAL_GPIO_WritePin
 *fill*         0x080064d6        0x2 
 .text.HAL_GPIO_EXTI_IRQHandler
                0x080064d8       0x30 ./Drivers/STM32F4xx_HAL_Driver/Src/stm32f4xx_hal_gpio.o
                0x080064d8                HAL_GPIO_EXTI_IRQHandler
 .text.HAL_GPIO_EXTI_Callback
                0x08006508       0x16 ./Drivers/STM32F4xx_HAL_Driver/Src/stm32f4xx_hal_gpio.o
                0x08006508                HAL_GPIO_EXTI_Callback
 *fill*         0x0800651e        0x2 
 .text.HAL_RCC_OscConfig
                0x08006520      0x4f0 ./Drivers/STM32F4xx_HAL_Driver/Src/stm32f4xx_hal_rcc.o
                0x08006520                HAL_RCC_OscConfig
 .text.HAL_RCC_ClockConfig
                0x08006a10      0x1cc ./Drivers/STM32F4xx_HAL_Driver/Src/stm32f4xx_hal_rcc.o
                0x08006a10                HAL_RCC_ClockConfig
 .text.HAL_RCC_GetSysClockFreq
                0x08006bdc      0x18c ./Drivers/STM32F4xx_HAL_Driver/Src/stm32f4xx_hal_rcc.o
                0x08006bdc                HAL_RCC_GetSysClockFreq
 .text.HAL_RCC_GetHCLKFreq
                0x08006d68       0x18 ./Drivers/STM32F4xx_HAL_Driver/Src/stm32f4xx_hal_rcc.o
                0x08006d68                HAL_RCC_GetHCLKFreq
 .text.HAL_RCC_GetPCLK1Freq
                0x08006d80       0x28 ./Drivers/STM32F4xx_HAL_Driver/Src/stm32f4xx_hal_rcc.o
                0x08006d80                HAL_RCC_GetPCLK1Freq
 .text.HAL_RCC_GetPCLK2Freq
                0x08006da8       0x28 ./Drivers/STM32F4xx_HAL_Driver/Src/stm32f4xx_hal_rcc.o
                0x08006da8                HAL_RCC_GetPCLK2Freq
 .text.HAL_RCC_GetClockConfig
                0x08006dd0       0x64 ./Drivers/STM32F4xx_HAL_Driver/Src/stm32f4xx_hal_rcc.o
                0x08006dd0                HAL_RCC_GetClockConfig
 .text.HAL_SPI_Init
                0x08006e34      0x112 ./Drivers/STM32F4xx_HAL_Driver/Src/stm32f4xx_hal_spi.o
                0x08006e34                HAL_SPI_Init
 .text.HAL_SPI_Transmit
                0x08006f46      0x288 ./Drivers/STM32F4xx_HAL_Driver/Src/stm32f4xx_hal_spi.o
                0x08006f46                HAL_SPI_Transmit
 .text.HAL_SPI_Receive
                0x080071ce      0x232 ./Drivers/STM32F4xx_HAL_Driver/Src/stm32f4xx_hal_spi.o
                0x080071ce                HAL_SPI_Receive
 .text.HAL_SPI_TransmitReceive
                0x08007400      0x352 ./Drivers/STM32F4xx_HAL_Driver/Src/stm32f4xx_hal_spi.o
                0x08007400                HAL_SPI_TransmitReceive
 *fill*         0x08007752        0x2 
 .text.SPI_WaitFlagStateUntilTimeout
                0x08007754      0x110 ./Drivers/STM32F4xx_HAL_Driver/Src/stm32f4xx_hal_spi.o
 .text.SPI_EndRxTransaction
                0x08007864       0xca ./Drivers/STM32F4xx_HAL_Driver/Src/stm32f4xx_hal_spi.o
 *fill*         0x0800792e        0x2 
 .text.SPI_EndRxTxTransaction
                0x08007930       0xa8 ./Drivers/STM32F4xx_HAL_Driver/Src/stm32f4xx_hal_spi.o
 .text.HAL_TIM_Base_Init
                0x080079d8       0x9e ./Drivers/STM32F4xx_HAL_Driver/Src/stm32f4xx_hal_tim.o
                0x080079d8                HAL_TIM_Base_Init
 *fill*         0x08007a76        0x2 
 .text.HAL_TIM_Base_Start
                0x08007a78       0xb4 ./Drivers/STM32F4xx_HAL_Driver/Src/stm32f4xx_hal_tim.o
                0x08007a78                HAL_TIM_Base_Start
 .text.HAL_TIM_Base_Stop
                0x08007b2c       0x4e ./Drivers/STM32F4xx_HAL_Driver/Src/stm32f4xx_hal_tim.o
                0x08007b2c                HAL_TIM_Base_Stop
 *fill*         0x08007b7a        0x2 
 .text.HAL_TIM_Base_Start_IT
                0x08007b7c       0xc4 ./Drivers/STM32F4xx_HAL_Driver/Src/stm32f4xx_hal_tim.o
                0x08007b7c                HAL_TIM_Base_Start_IT
 .text.HAL_TIM_Base_Stop_IT
                0x08007c40       0x5e ./Drivers/STM32F4xx_HAL_Driver/Src/stm32f4xx_hal_tim.o
                0x08007c40                HAL_TIM_Base_Stop_IT
 .text.HAL_TIM_IRQHandler
                0x08007c9e      0x1e0 ./Drivers/STM32F4xx_HAL_Driver/Src/stm32f4xx_hal_tim.o
                0x08007c9e                HAL_TIM_IRQHandler
 .text.HAL_TIM_ConfigClockSource
                0x08007e7e      0x18e ./Drivers/STM32F4xx_HAL_Driver/Src/stm32f4xx_hal_tim.o
                0x08007e7e                HAL_TIM_ConfigClockSource
 .text.HAL_TIM_OC_DelayElapsedCallback
                0x0800800c       0x14 ./Drivers/STM32F4xx_HAL_Driver/Src/stm32f4xx_hal_tim.o
                0x0800800c                HAL_TIM_OC_DelayElapsedCallback
 .text.HAL_TIM_IC_CaptureCallback
                0x08008020       0x14 ./Drivers/STM32F4xx_HAL_Driver/Src/stm32f4xx_hal_tim.o
                0x08008020                HAL_TIM_IC_CaptureCallback
 .text.HAL_TIM_PWM_PulseFinishedCallback
                0x08008034       0x14 ./Drivers/STM32F4xx_HAL_Driver/Src/stm32f4xx_hal_tim.o
                0x08008034                HAL_TIM_PWM_PulseFinishedCallback
 .text.HAL_TIM_TriggerCallback
                0x08008048       0x14 ./Drivers/STM32F4xx_HAL_Driver/Src/stm32f4xx_hal_tim.o
                0x08008048                HAL_TIM_TriggerCallback
 .text.TIM_Base_SetConfig
                0x0800805c      0x118 ./Drivers/STM32F4xx_HAL_Driver/Src/stm32f4xx_hal_tim.o
                0x0800805c                TIM_Base_SetConfig
 .text.TIM_TI1_ConfigInputStage
                0x08008174       0x5e ./Drivers/STM32F4xx_HAL_Driver/Src/stm32f4xx_hal_tim.o
 .text.TIM_TI2_ConfigInputStage
                0x080081d2       0x60 ./Drivers/STM32F4xx_HAL_Driver/Src/stm32f4xx_hal_tim.o
 .text.TIM_ITRx_SetConfig
                0x08008232       0x36 ./Drivers/STM32F4xx_HAL_Driver/Src/stm32f4xx_hal_tim.o
 .text.TIM_ETR_SetConfig
                0x08008268       0x40 ./Drivers/STM32F4xx_HAL_Driver/Src/stm32f4xx_hal_tim.o
                0x08008268                TIM_ETR_SetConfig
 .text.HAL_TIMEx_MasterConfigSynchronization
                0x080082a8       0xdc ./Drivers/STM32F4xx_HAL_Driver/Src/stm32f4xx_hal_tim_ex.o
                0x080082a8                HAL_TIMEx_MasterConfigSynchronization
 .text.HAL_TIMEx_CommutCallback
                0x08008384       0x14 ./Drivers/STM32F4xx_HAL_Driver/Src/stm32f4xx_hal_tim_ex.o
                0x08008384                HAL_TIMEx_CommutCallback
 .text.HAL_TIMEx_BreakCallback
                0x08008398       0x14 ./Drivers/STM32F4xx_HAL_Driver/Src/stm32f4xx_hal_tim_ex.o
                0x08008398                HAL_TIMEx_BreakCallback
 .text.HAL_UART_Init
                0x080083ac       0xa0 ./Drivers/STM32F4xx_HAL_Driver/Src/stm32f4xx_hal_uart.o
                0x080083ac                HAL_UART_Init
 .text.HAL_UART_Transmit
                0x0800844c      0x116 ./Drivers/STM32F4xx_HAL_Driver/Src/stm32f4xx_hal_uart.o
                0x0800844c                HAL_UART_Transmit
 .text.HAL_UART_Receive_IT
                0x08008562       0x4a ./Drivers/STM32F4xx_HAL_Driver/Src/stm32f4xx_hal_uart.o
                0x08008562                HAL_UART_Receive_IT
 .text.HAL_UART_DMAStop
                0x080085ac       0xfe ./Drivers/STM32F4xx_HAL_Driver/Src/stm32f4xx_hal_uart.o
                0x080085ac                HAL_UART_DMAStop
 .text.HAL_UARTEx_ReceiveToIdle_DMA
                0x080086aa       0xba ./Drivers/STM32F4xx_HAL_Driver/Src/stm32f4xx_hal_uart.o
                0x080086aa                HAL_UARTEx_ReceiveToIdle_DMA
 .text.HAL_UART_IRQHandler
                0x08008764      0x524 ./Drivers/STM32F4xx_HAL_Driver/Src/stm32f4xx_hal_uart.o
                0x08008764                HAL_UART_IRQHandler
 .text.HAL_UART_RxCpltCallback
                0x08008c88       0x14 ./Drivers/STM32F4xx_HAL_Driver/Src/stm32f4xx_hal_uart.o
                0x08008c88                HAL_UART_RxCpltCallback
 .text.HAL_UART_RxHalfCpltCallback
                0x08008c9c       0x14 ./Drivers/STM32F4xx_HAL_Driver/Src/stm32f4xx_hal_uart.o
                0x08008c9c                HAL_UART_RxHalfCpltCallback
 .text.HAL_UART_ErrorCallback
                0x08008cb0       0x14 ./Drivers/STM32F4xx_HAL_Driver/Src/stm32f4xx_hal_uart.o
                0x08008cb0                HAL_UART_ErrorCallback
 .text.UART_DMAReceiveCplt
                0x08008cc4      0x12c ./Drivers/STM32F4xx_HAL_Driver/Src/stm32f4xx_hal_uart.o
 .text.UART_DMARxHalfCplt
                0x08008df0       0x3c ./Drivers/STM32F4xx_HAL_Driver/Src/stm32f4xx_hal_uart.o
 .text.UART_DMAError
                0x08008e2c       0x94 ./Drivers/STM32F4xx_HAL_Driver/Src/stm32f4xx_hal_uart.o
 .text.UART_WaitOnFlagUntilTimeout
                0x08008ec0       0xb2 ./Drivers/STM32F4xx_HAL_Driver/Src/stm32f4xx_hal_uart.o
 .text.UART_Start_Receive_IT
                0x08008f72       0x74 ./Drivers/STM32F4xx_HAL_Driver/Src/stm32f4xx_hal_uart.o
                0x08008f72                UART_Start_Receive_IT
 *fill*         0x08008fe6        0x2 
 .text.UART_Start_Receive_DMA
                0x08008fe8      0x134 ./Drivers/STM32F4xx_HAL_Driver/Src/stm32f4xx_hal_uart.o
                0x08008fe8                UART_Start_Receive_DMA
 .text.UART_EndTxTransfer
                0x0800911c       0x50 ./Drivers/STM32F4xx_HAL_Driver/Src/stm32f4xx_hal_uart.o
 .text.UART_EndRxTransfer
                0x0800916c       0xc6 ./Drivers/STM32F4xx_HAL_Driver/Src/stm32f4xx_hal_uart.o
 .text.UART_DMAAbortOnError
                0x08009232       0x28 ./Drivers/STM32F4xx_HAL_Driver/Src/stm32f4xx_hal_uart.o
 .text.UART_Transmit_IT
                0x0800925a       0xa0 ./Drivers/STM32F4xx_HAL_Driver/Src/stm32f4xx_hal_uart.o
 .text.UART_EndTransmit_IT
                0x080092fa       0x30 ./Drivers/STM32F4xx_HAL_Driver/Src/stm32f4xx_hal_uart.o
 .text.UART_Receive_IT
                0x0800932a      0x17c ./Drivers/STM32F4xx_HAL_Driver/Src/stm32f4xx_hal_uart.o
 *fill*         0x080094a6        0x2 
 .text.UART_SetConfig
                0x080094a8      0x4e8 ./Drivers/STM32F4xx_HAL_Driver/Src/stm32f4xx_hal_uart.o
 .text.__NVIC_SetPriority
                0x08009990       0x54 ./Middlewares/Third_Party/FreeRTOS/Source/CMSIS_RTOS_V2/cmsis_os2.o
 .text.SysTick_Handler
                0x080099e4       0x20 ./Middlewares/Third_Party/FreeRTOS/Source/CMSIS_RTOS_V2/cmsis_os2.o
                0x080099e4                SysTick_Handler
 .text.SVC_Setup
                0x08009a04       0x12 ./Middlewares/Third_Party/FreeRTOS/Source/CMSIS_RTOS_V2/cmsis_os2.o
 *fill*         0x08009a16        0x2 
 .text.osKernelInitialize
                0x08009a18       0x48 ./Middlewares/Third_Party/FreeRTOS/Source/CMSIS_RTOS_V2/cmsis_os2.o
                0x08009a18                osKernelInitialize
 .text.osKernelStart
                0x08009a60       0x4c ./Middlewares/Third_Party/FreeRTOS/Source/CMSIS_RTOS_V2/cmsis_os2.o
                0x08009a60                osKernelStart
 .text.osThreadNew
                0x08009aac      0x124 ./Middlewares/Third_Party/FreeRTOS/Source/CMSIS_RTOS_V2/cmsis_os2.o
                0x08009aac                osThreadNew
 .text.osDelay  0x08009bd0       0x36 ./Middlewares/Third_Party/FreeRTOS/Source/CMSIS_RTOS_V2/cmsis_os2.o
                0x08009bd0                osDelay
 .text.osMutexNew
                0x08009c06      0x10c ./Middlewares/Third_Party/FreeRTOS/Source/CMSIS_RTOS_V2/cmsis_os2.o
                0x08009c06                osMutexNew
 *fill*         0x08009d12        0x2 
 .text.vApplicationGetIdleTaskMemory
                0x08009d14       0x34 ./Middlewares/Third_Party/FreeRTOS/Source/CMSIS_RTOS_V2/cmsis_os2.o
                0x08009d14                vApplicationGetIdleTaskMemory
 .text.vApplicationGetTimerTaskMemory
                0x08009d48       0x34 ./Middlewares/Third_Party/FreeRTOS/Source/CMSIS_RTOS_V2/cmsis_os2.o
                0x08009d48                vApplicationGetTimerTaskMemory
 .text.vListInitialise
                0x08009d7c       0x40 ./Middlewares/Third_Party/FreeRTOS/Source/list.o
                0x08009d7c                vListInitialise
 .text.vListInitialiseItem
                0x08009dbc       0x1a ./Middlewares/Third_Party/FreeRTOS/Source/list.o
                0x08009dbc                vListInitialiseItem
 .text.vListInsertEnd
                0x08009dd6       0x48 ./Middlewares/Third_Party/FreeRTOS/Source/list.o
                0x08009dd6                vListInsertEnd
 .text.vListInsert
                0x08009e1e       0x72 ./Middlewares/Third_Party/FreeRTOS/Source/list.o
                0x08009e1e                vListInsert
 .text.uxListRemove
                0x08009e90       0x54 ./Middlewares/Third_Party/FreeRTOS/Source/list.o
                0x08009e90                uxListRemove
 .text.xQueueGenericReset
                0x08009ee4       0xd4 ./Middlewares/Third_Party/FreeRTOS/Source/queue.o
                0x08009ee4                xQueueGenericReset
 .text.xQueueGenericCreateStatic
                0x08009fb8       0xfa ./Middlewares/Third_Party/FreeRTOS/Source/queue.o
                0x08009fb8                xQueueGenericCreateStatic
 .text.xQueueGenericCreate
                0x0800a0b2       0x76 ./Middlewares/Third_Party/FreeRTOS/Source/queue.o
                0x0800a0b2                xQueueGenericCreate
 .text.prvInitialiseNewQueue
                0x0800a128       0x46 ./Middlewares/Third_Party/FreeRTOS/Source/queue.o
 .text.prvInitialiseMutex
                0x0800a16e       0x34 ./Middlewares/Third_Party/FreeRTOS/Source/queue.o
 .text.xQueueCreateMutex
                0x0800a1a2       0x30 ./Middlewares/Third_Party/FreeRTOS/Source/queue.o
                0x0800a1a2                xQueueCreateMutex
 .text.xQueueCreateMutexStatic
                0x0800a1d2       0x36 ./Middlewares/Third_Party/FreeRTOS/Source/queue.o
                0x0800a1d2                xQueueCreateMutexStatic
 .text.xQueueGenericSend
                0x0800a208      0x204 ./Middlewares/Third_Party/FreeRTOS/Source/queue.o
                0x0800a208                xQueueGenericSend
 .text.xQueueGenericSendFromISR
                0x0800a40c      0x13c ./Middlewares/Third_Party/FreeRTOS/Source/queue.o
                0x0800a40c                xQueueGenericSendFromISR
 .text.xQueueReceive
                0x0800a548      0x1c4 ./Middlewares/Third_Party/FreeRTOS/Source/queue.o
                0x0800a548                xQueueReceive
 .text.prvCopyDataToQueue
                0x0800a70c       0xd4 ./Middlewares/Third_Party/FreeRTOS/Source/queue.o
 .text.prvCopyDataFromQueue
                0x0800a7e0       0x4c ./Middlewares/Third_Party/FreeRTOS/Source/queue.o
 .text.prvUnlockQueue
                0x0800a82c       0xa4 ./Middlewares/Third_Party/FreeRTOS/Source/queue.o
 .text.prvIsQueueEmpty
                0x0800a8d0       0x2c ./Middlewares/Third_Party/FreeRTOS/Source/queue.o
 .text.prvIsQueueFull
                0x0800a8fc       0x30 ./Middlewares/Third_Party/FreeRTOS/Source/queue.o
 .text.vQueueAddToRegistry
                0x0800a92c       0x54 ./Middlewares/Third_Party/FreeRTOS/Source/queue.o
                0x0800a92c                vQueueAddToRegistry
 .text.vQueueWaitForMessageRestricted
                0x0800a980       0x68 ./Middlewares/Third_Party/FreeRTOS/Source/queue.o
                0x0800a980                vQueueWaitForMessageRestricted
 .text.xTaskCreateStatic
                0x0800a9e8       0xc0 ./Middlewares/Third_Party/FreeRTOS/Source/tasks.o
                0x0800a9e8                xTaskCreateStatic
 .text.xTaskCreate
                0x0800aaa8       0x8a ./Middlewares/Third_Party/FreeRTOS/Source/tasks.o
                0x0800aaa8                xTaskCreate
 *fill*         0x0800ab32        0x2 
 .text.prvInitialiseNewTask
                0x0800ab34      0x150 ./Middlewares/Third_Party/FreeRTOS/Source/tasks.o
 .text.prvAddNewTaskToReadyList
                0x0800ac84       0xe0 ./Middlewares/Third_Party/FreeRTOS/Source/tasks.o
 .text.vTaskDelay
                0x0800ad64       0x6c ./Middlewares/Third_Party/FreeRTOS/Source/tasks.o
                0x0800ad64                vTaskDelay
 .text.vTaskStartScheduler
                0x0800add0       0xe0 ./Middlewares/Third_Party/FreeRTOS/Source/tasks.o
                0x0800add0                vTaskStartScheduler
 .text.vTaskSuspendAll
                0x0800aeb0       0x1c ./Middlewares/Third_Party/FreeRTOS/Source/tasks.o
                0x0800aeb0                vTaskSuspendAll
 .text.xTaskResumeAll
                0x0800aecc      0x13c ./Middlewares/Third_Party/FreeRTOS/Source/tasks.o
                0x0800aecc                xTaskResumeAll
 .text.xTaskGetTickCount
                0x0800b008       0x20 ./Middlewares/Third_Party/FreeRTOS/Source/tasks.o
                0x0800b008                xTaskGetTickCount
 .text.xTaskIncrementTick
                0x0800b028      0x174 ./Middlewares/Third_Party/FreeRTOS/Source/tasks.o
                0x0800b028                xTaskIncrementTick
 .text.vTaskSwitchContext
                0x0800b19c       0xcc ./Middlewares/Third_Party/FreeRTOS/Source/tasks.o
                0x0800b19c                vTaskSwitchContext
 .text.vTaskPlaceOnEventList
                0x0800b268       0x4c ./Middlewares/Third_Party/FreeRTOS/Source/tasks.o
                0x0800b268                vTaskPlaceOnEventList
 .text.vTaskPlaceOnEventListRestricted
                0x0800b2b4       0x58 ./Middlewares/Third_Party/FreeRTOS/Source/tasks.o
                0x0800b2b4                vTaskPlaceOnEventListRestricted
 .text.xTaskRemoveFromEventList
                0x0800b30c       0xc8 ./Middlewares/Third_Party/FreeRTOS/Source/tasks.o
                0x0800b30c                xTaskRemoveFromEventList
 .text.vTaskInternalSetTimeOutState
                0x0800b3d4       0x2c ./Middlewares/Third_Party/FreeRTOS/Source/tasks.o
                0x0800b3d4                vTaskInternalSetTimeOutState
 .text.xTaskCheckForTimeOut
                0x0800b400       0xc8 ./Middlewares/Third_Party/FreeRTOS/Source/tasks.o
                0x0800b400                xTaskCheckForTimeOut
 .text.vTaskMissedYield
                0x0800b4c8       0x18 ./Middlewares/Third_Party/FreeRTOS/Source/tasks.o
                0x0800b4c8                vTaskMissedYield
 .text.prvIdleTask
                0x0800b4e0       0x30 ./Middlewares/Third_Party/FreeRTOS/Source/tasks.o
 .text.prvInitialiseTaskLists
                0x0800b510       0x80 ./Middlewares/Third_Party/FreeRTOS/Source/tasks.o
 .text.prvCheckTasksWaitingTermination
                0x0800b590       0x5c ./Middlewares/Third_Party/FreeRTOS/Source/tasks.o
 .text.prvDeleteTCB
                0x0800b5ec       0x6a ./Middlewares/Third_Party/FreeRTOS/Source/tasks.o
 *fill*         0x0800b656        0x2 
 .text.prvResetNextTaskUnblockTime
                0x0800b658       0x40 ./Middlewares/Third_Party/FreeRTOS/Source/tasks.o
 .text.xTaskGetSchedulerState
                0x0800b698       0x3c ./Middlewares/Third_Party/FreeRTOS/Source/tasks.o
                0x0800b698                xTaskGetSchedulerState
 .text.xTaskPriorityDisinherit
                0x0800b6d4       0xe0 ./Middlewares/Third_Party/FreeRTOS/Source/tasks.o
                0x0800b6d4                xTaskPriorityDisinherit
 .text.prvAddCurrentTaskToDelayedList
                0x0800b7b4       0xa8 ./Middlewares/Third_Party/FreeRTOS/Source/tasks.o
 .text.xTimerCreateTimerTask
                0x0800b85c       0x94 ./Middlewares/Third_Party/FreeRTOS/Source/timers.o
                0x0800b85c                xTimerCreateTimerTask
 .text.xTimerGenericCommand
                0x0800b8f0       0x9c ./Middlewares/Third_Party/FreeRTOS/Source/timers.o
                0x0800b8f0                xTimerGenericCommand
 .text.prvProcessExpiredTimer
                0x0800b98c       0x9c ./Middlewares/Third_Party/FreeRTOS/Source/timers.o
 .text.prvTimerTask
                0x0800ba28       0x26 ./Middlewares/Third_Party/FreeRTOS/Source/timers.o
 *fill*         0x0800ba4e        0x2 
 .text.prvProcessTimerOrBlockTask
                0x0800ba50       0x9c ./Middlewares/Third_Party/FreeRTOS/Source/timers.o
 .text.prvGetNextExpireTime
                0x0800baec       0x48 ./Middlewares/Third_Party/FreeRTOS/Source/timers.o
 .text.prvSampleTimeNow
                0x0800bb34       0x40 ./Middlewares/Third_Party/FreeRTOS/Source/timers.o
 .text.prvInsertTimerInActiveList
                0x0800bb74       0x84 ./Middlewares/Third_Party/FreeRTOS/Source/timers.o
 .text.prvProcessReceivedCommands
                0x0800bbf8      0x1cc ./Middlewares/Third_Party/FreeRTOS/Source/timers.o
 .text.prvSwitchTimerLists
                0x0800bdc4       0xcc ./Middlewares/Third_Party/FreeRTOS/Source/timers.o
 .text.prvCheckForValidListAndQueue
                0x0800be90       0x80 ./Middlewares/Third_Party/FreeRTOS/Source/timers.o
 .text.pxPortInitialiseStack
                0x0800bf10       0x68 ./Middlewares/Third_Party/FreeRTOS/Source/portable/GCC/ARM_CM4F/port.o
                0x0800bf10                pxPortInitialiseStack
 .text.prvTaskExitError
                0x0800bf78       0x5c ./Middlewares/Third_Party/FreeRTOS/Source/portable/GCC/ARM_CM4F/port.o
 *fill*         0x0800bfd4        0xc 
 .text.SVC_Handler
                0x0800bfe0       0x28 ./Middlewares/Third_Party/FreeRTOS/Source/portable/GCC/ARM_CM4F/port.o
                0x0800bfe0                SVC_Handler
 .text.prvPortStartFirstTask
                0x0800c008       0x28 ./Middlewares/Third_Party/FreeRTOS/Source/portable/GCC/ARM_CM4F/port.o
 .text.xPortStartScheduler
                0x0800c030      0x148 ./Middlewares/Third_Party/FreeRTOS/Source/portable/GCC/ARM_CM4F/port.o
                0x0800c030                xPortStartScheduler
 .text.vPortEnterCritical
                0x0800c178       0x64 ./Middlewares/Third_Party/FreeRTOS/Source/portable/GCC/ARM_CM4F/port.o
                0x0800c178                vPortEnterCritical
 .text.vPortExitCritical
                0x0800c1dc       0x54 ./Middlewares/Third_Party/FreeRTOS/Source/portable/GCC/ARM_CM4F/port.o
                0x0800c1dc                vPortExitCritical
 .text.PendSV_Handler
                0x0800c230       0x68 ./Middlewares/Third_Party/FreeRTOS/Source/portable/GCC/ARM_CM4F/port.o
                0x0800c230                PendSV_Handler
 .text.xPortSysTickHandler
                0x0800c298       0x44 ./Middlewares/Third_Party/FreeRTOS/Source/portable/GCC/ARM_CM4F/port.o
                0x0800c298                xPortSysTickHandler
 .text.vPortSetupTimerInterrupt
                0x0800c2dc       0x48 ./Middlewares/Third_Party/FreeRTOS/Source/portable/GCC/ARM_CM4F/port.o
                0x0800c2dc                vPortSetupTimerInterrupt
 .text.vPortEnableVFP
                0x0800c324       0x14 ./Middlewares/Third_Party/FreeRTOS/Source/portable/GCC/ARM_CM4F/port.o
 .text.vPortValidateInterruptPriority
                0x0800c338       0x84 ./Middlewares/Third_Party/FreeRTOS/Source/portable/GCC/ARM_CM4F/port.o
                0x0800c338                vPortValidateInterruptPriority
 .text.pvPortMalloc
                0x0800c3bc      0x19c ./Middlewares/Third_Party/FreeRTOS/Source/portable/MemMang/heap_4.o
                0x0800c3bc                pvPortMalloc
 .text.vPortFree
                0x0800c558       0xc8 ./Middlewares/Third_Party/FreeRTOS/Source/portable/MemMang/heap_4.o
                0x0800c558                vPortFree
 .text.prvHeapInit
                0x0800c620       0xc4 ./Middlewares/Third_Party/FreeRTOS/Source/portable/MemMang/heap_4.o
 .text.prvInsertBlockIntoFreeList
                0x0800c6e4       0xb4 ./Middlewares/Third_Party/FreeRTOS/Source/portable/MemMang/heap_4.o
 .text.atoi     0x0800c798        0x8 C:/ST/STM32CubeIDE_1.17.0/STM32CubeIDE/plugins/com.st.stm32cube.ide.mcu.externaltools.gnu-tools-for-stm32.12.3.rel1.win32_1.1.0.202410251130/tools/bin/../lib/gcc/arm-none-eabi/12.3.1/../../../../arm-none-eabi/lib/thumb/v7e-m+fp/hard\libc_nano.a(libc_a-atoi.o)
                0x0800c798                atoi
 .text._strtol_l.constprop.0
                0x0800c7a0       0xf4 C:/ST/STM32CubeIDE_1.17.0/STM32CubeIDE/plugins/com.st.stm32cube.ide.mcu.externaltools.gnu-tools-for-stm32.12.3.rel1.win32_1.1.0.202410251130/tools/bin/../lib/gcc/arm-none-eabi/12.3.1/../../../../arm-none-eabi/lib/thumb/v7e-m+fp/hard\libc_nano.a(libc_a-strtol.o)
 .text.strtol   0x0800c894       0x14 C:/ST/STM32CubeIDE_1.17.0/STM32CubeIDE/plugins/com.st.stm32cube.ide.mcu.externaltools.gnu-tools-for-stm32.12.3.rel1.win32_1.1.0.202410251130/tools/bin/../lib/gcc/arm-none-eabi/12.3.1/../../../../arm-none-eabi/lib/thumb/v7e-m+fp/hard\libc_nano.a(libc_a-strtol.o)
                0x0800c894                strtol
 .text.snprintf
                0x0800c8a8       0x68 C:/ST/STM32CubeIDE_1.17.0/STM32CubeIDE/plugins/com.st.stm32cube.ide.mcu.externaltools.gnu-tools-for-stm32.12.3.rel1.win32_1.1.0.202410251130/tools/bin/../lib/gcc/arm-none-eabi/12.3.1/../../../../arm-none-eabi/lib/thumb/v7e-m+fp/hard\libc_nano.a(libc_a-snprintf.o)
                0x0800c8a8                sniprintf
                0x0800c8a8                snprintf
 .text.sprintf  0x0800c910       0x40 C:/ST/STM32CubeIDE_1.17.0/STM32CubeIDE/plugins/com.st.stm32cube.ide.mcu.externaltools.gnu-tools-for-stm32.12.3.rel1.win32_1.1.0.202410251130/tools/bin/../lib/gcc/arm-none-eabi/12.3.1/../../../../arm-none-eabi/lib/thumb/v7e-m+fp/hard\libc_nano.a(libc_a-sprintf.o)
                0x0800c910                siprintf
                0x0800c910                sprintf
 .text.memset   0x0800c950       0x10 C:/ST/STM32CubeIDE_1.17.0/STM32CubeIDE/plugins/com.st.stm32cube.ide.mcu.externaltools.gnu-tools-for-stm32.12.3.rel1.win32_1.1.0.202410251130/tools/bin/../lib/gcc/arm-none-eabi/12.3.1/../../../../arm-none-eabi/lib/thumb/v7e-m+fp/hard\libc_nano.a(libc_a-memset.o)
                0x0800c950                memset
 .text._reclaim_reent
                0x0800c960       0xac C:/ST/STM32CubeIDE_1.17.0/STM32CubeIDE/plugins/com.st.stm32cube.ide.mcu.externaltools.gnu-tools-for-stm32.12.3.rel1.win32_1.1.0.202410251130/tools/bin/../lib/gcc/arm-none-eabi/12.3.1/../../../../arm-none-eabi/lib/thumb/v7e-m+fp/hard\libc_nano.a(libc_a-reent.o)
                0x0800c960                _reclaim_reent
 .text.__errno  0x0800ca0c        0xc C:/ST/STM32CubeIDE_1.17.0/STM32CubeIDE/plugins/com.st.stm32cube.ide.mcu.externaltools.gnu-tools-for-stm32.12.3.rel1.win32_1.1.0.202410251130/tools/bin/../lib/gcc/arm-none-eabi/12.3.1/../../../../arm-none-eabi/lib/thumb/v7e-m+fp/hard\libc_nano.a(libc_a-errno.o)
                0x0800ca0c                __errno
 .text.__libc_init_array
                0x0800ca18       0x48 C:/ST/STM32CubeIDE_1.17.0/STM32CubeIDE/plugins/com.st.stm32cube.ide.mcu.externaltools.gnu-tools-for-stm32.12.3.rel1.win32_1.1.0.202410251130/tools/bin/../lib/gcc/arm-none-eabi/12.3.1/../../../../arm-none-eabi/lib/thumb/v7e-m+fp/hard\libc_nano.a(libc_a-init.o)
                0x0800ca18                __libc_init_array
 .text.__retarget_lock_acquire_recursive
                0x0800ca60        0x2 C:/ST/STM32CubeIDE_1.17.0/STM32CubeIDE/plugins/com.st.stm32cube.ide.mcu.externaltools.gnu-tools-for-stm32.12.3.rel1.win32_1.1.0.202410251130/tools/bin/../lib/gcc/arm-none-eabi/12.3.1/../../../../arm-none-eabi/lib/thumb/v7e-m+fp/hard\libc_nano.a(libc_a-lock.o)
                0x0800ca60                __retarget_lock_acquire_recursive
 .text.__retarget_lock_release_recursive
                0x0800ca62        0x2 C:/ST/STM32CubeIDE_1.17.0/STM32CubeIDE/plugins/com.st.stm32cube.ide.mcu.externaltools.gnu-tools-for-stm32.12.3.rel1.win32_1.1.0.202410251130/tools/bin/../lib/gcc/arm-none-eabi/12.3.1/../../../../arm-none-eabi/lib/thumb/v7e-m+fp/hard\libc_nano.a(libc_a-lock.o)
                0x0800ca62                __retarget_lock_release_recursive
 .text.memcpy   0x0800ca64       0x1c C:/ST/STM32CubeIDE_1.17.0/STM32CubeIDE/plugins/com.st.stm32cube.ide.mcu.externaltools.gnu-tools-for-stm32.12.3.rel1.win32_1.1.0.202410251130/tools/bin/../lib/gcc/arm-none-eabi/12.3.1/../../../../arm-none-eabi/lib/thumb/v7e-m+fp/hard\libc_nano.a(libc_a-memcpy-stub.o)
                0x0800ca64                memcpy
 .text._free_r  0x0800ca80       0x94 C:/ST/STM32CubeIDE_1.17.0/STM32CubeIDE/plugins/com.st.stm32cube.ide.mcu.externaltools.gnu-tools-for-stm32.12.3.rel1.win32_1.1.0.202410251130/tools/bin/../lib/gcc/arm-none-eabi/12.3.1/../../../../arm-none-eabi/lib/thumb/v7e-m+fp/hard\libc_nano.a(libc_a-freer.o)
                0x0800ca80                _free_r
 .text.sbrk_aligned
                0x0800cb14       0x44 C:/ST/STM32CubeIDE_1.17.0/STM32CubeIDE/plugins/com.st.stm32cube.ide.mcu.externaltools.gnu-tools-for-stm32.12.3.rel1.win32_1.1.0.202410251130/tools/bin/../lib/gcc/arm-none-eabi/12.3.1/../../../../arm-none-eabi/lib/thumb/v7e-m+fp/hard\libc_nano.a(libc_a-mallocr.o)
 .text._malloc_r
                0x0800cb58      0x100 C:/ST/STM32CubeIDE_1.17.0/STM32CubeIDE/plugins/com.st.stm32cube.ide.mcu.externaltools.gnu-tools-for-stm32.12.3.rel1.win32_1.1.0.202410251130/tools/bin/../lib/gcc/arm-none-eabi/12.3.1/../../../../arm-none-eabi/lib/thumb/v7e-m+fp/hard\libc_nano.a(libc_a-mallocr.o)
                0x0800cb58                _malloc_r
 .text.__malloc_lock
                0x0800cc58        0xc C:/ST/STM32CubeIDE_1.17.0/STM32CubeIDE/plugins/com.st.stm32cube.ide.mcu.externaltools.gnu-tools-for-stm32.12.3.rel1.win32_1.1.0.202410251130/tools/bin/../lib/gcc/arm-none-eabi/12.3.1/../../../../arm-none-eabi/lib/thumb/v7e-m+fp/hard\libc_nano.a(libc_a-mlock.o)
                0x0800cc58                __malloc_lock
 .text.__malloc_unlock
                0x0800cc64        0xc C:/ST/STM32CubeIDE_1.17.0/STM32CubeIDE/plugins/com.st.stm32cube.ide.mcu.externaltools.gnu-tools-for-stm32.12.3.rel1.win32_1.1.0.202410251130/tools/bin/../lib/gcc/arm-none-eabi/12.3.1/../../../../arm-none-eabi/lib/thumb/v7e-m+fp/hard\libc_nano.a(libc_a-mlock.o)
                0x0800cc64                __malloc_unlock
 .text.__ssputs_r
                0x0800cc70       0xb6 C:/ST/STM32CubeIDE_1.17.0/STM32CubeIDE/plugins/com.st.stm32cube.ide.mcu.externaltools.gnu-tools-for-stm32.12.3.rel1.win32_1.1.0.202410251130/tools/bin/../lib/gcc/arm-none-eabi/12.3.1/../../../../arm-none-eabi/lib/thumb/v7e-m+fp/hard\libc_nano.a(libc_a-nano-svfprintf.o)
                0x0800cc70                __ssputs_r
 *fill*         0x0800cd26        0x2 
 .text._svfprintf_r
                0x0800cd28      0x1f8 C:/ST/STM32CubeIDE_1.17.0/STM32CubeIDE/plugins/com.st.stm32cube.ide.mcu.externaltools.gnu-tools-for-stm32.12.3.rel1.win32_1.1.0.202410251130/tools/bin/../lib/gcc/arm-none-eabi/12.3.1/../../../../arm-none-eabi/lib/thumb/v7e-m+fp/hard\libc_nano.a(libc_a-nano-svfprintf.o)
                0x0800cd28                _svfiprintf_r
                0x0800cd28                _svfprintf_r
 .text._printf_common
                0x0800cf20       0xda C:/ST/STM32CubeIDE_1.17.0/STM32CubeIDE/plugins/com.st.stm32cube.ide.mcu.externaltools.gnu-tools-for-stm32.12.3.rel1.win32_1.1.0.202410251130/tools/bin/../lib/gcc/arm-none-eabi/12.3.1/../../../../arm-none-eabi/lib/thumb/v7e-m+fp/hard\libc_nano.a(libc_a-nano-vfprintf_i.o)
                0x0800cf20                _printf_common
 *fill*         0x0800cffa        0x2 
 .text._printf_i
                0x0800cffc      0x240 C:/ST/STM32CubeIDE_1.17.0/STM32CubeIDE/plugins/com.st.stm32cube.ide.mcu.externaltools.gnu-tools-for-stm32.12.3.rel1.win32_1.1.0.202410251130/tools/bin/../lib/gcc/arm-none-eabi/12.3.1/../../../../arm-none-eabi/lib/thumb/v7e-m+fp/hard\libc_nano.a(libc_a-nano-vfprintf_i.o)
                0x0800cffc                _printf_i
 .text.memmove  0x0800d23c       0x34 C:/ST/STM32CubeIDE_1.17.0/STM32CubeIDE/plugins/com.st.stm32cube.ide.mcu.externaltools.gnu-tools-for-stm32.12.3.rel1.win32_1.1.0.202410251130/tools/bin/../lib/gcc/arm-none-eabi/12.3.1/../../../../arm-none-eabi/lib/thumb/v7e-m+fp/hard\libc_nano.a(libc_a-memmove.o)
                0x0800d23c                memmove
 .text._sbrk_r  0x0800d270       0x20 C:/ST/STM32CubeIDE_1.17.0/STM32CubeIDE/plugins/com.st.stm32cube.ide.mcu.externaltools.gnu-tools-for-stm32.12.3.rel1.win32_1.1.0.202410251130/tools/bin/../lib/gcc/arm-none-eabi/12.3.1/../../../../arm-none-eabi/lib/thumb/v7e-m+fp/hard\libc_nano.a(libc_a-sbrkr.o)
                0x0800d270                _sbrk_r
 .text._realloc_r
                0x0800d290       0x5c C:/ST/STM32CubeIDE_1.17.0/STM32CubeIDE/plugins/com.st.stm32cube.ide.mcu.externaltools.gnu-tools-for-stm32.12.3.rel1.win32_1.1.0.202410251130/tools/bin/../lib/gcc/arm-none-eabi/12.3.1/../../../../arm-none-eabi/lib/thumb/v7e-m+fp/hard\libc_nano.a(libc_a-reallocr.o)
                0x0800d290                _realloc_r
 .text._malloc_usable_size_r
                0x0800d2ec       0x10 C:/ST/STM32CubeIDE_1.17.0/STM32CubeIDE/plugins/com.st.stm32cube.ide.mcu.externaltools.gnu-tools-for-stm32.12.3.rel1.win32_1.1.0.202410251130/tools/bin/../lib/gcc/arm-none-eabi/12.3.1/../../../../arm-none-eabi/lib/thumb/v7e-m+fp/hard\libc_nano.a(libc_a-msizer.o)
                0x0800d2ec                _malloc_usable_size_r
 *fill*         0x0800d2fc        0x4 
 .text.floor    0x0800d300       0xf8 C:/ST/STM32CubeIDE_1.17.0/STM32CubeIDE/plugins/com.st.stm32cube.ide.mcu.externaltools.gnu-tools-for-stm32.12.3.rel1.win32_1.1.0.202410251130/tools/bin/../lib/gcc/arm-none-eabi/12.3.1/../../../../arm-none-eabi/lib/thumb/v7e-m+fp/hard\libm.a(libm_a-s_floor.o)
                0x0800d300                floor
 *(.glue_7)
 .glue_7        0x0800d3f8        0x0 linker stubs
 *(.glue_7t)
 .glue_7t       0x0800d3f8        0x0 linker stubs
 *(.eh_frame)
 .eh_frame      0x0800d3f8        0x0 C:/ST/STM32CubeIDE_1.17.0/STM32CubeIDE/plugins/com.st.stm32cube.ide.mcu.externaltools.gnu-tools-for-stm32.12.3.rel1.win32_1.1.0.202410251130/tools/bin/../lib/gcc/arm-none-eabi/12.3.1/thumb/v7e-m+fp/hard/crtbegin.o
 *(.init)
 .init          0x0800d3f8        0x4 C:/ST/STM32CubeIDE_1.17.0/STM32CubeIDE/plugins/com.st.stm32cube.ide.mcu.externaltools.gnu-tools-for-stm32.12.3.rel1.win32_1.1.0.202410251130/tools/bin/../lib/gcc/arm-none-eabi/12.3.1/thumb/v7e-m+fp/hard/crti.o
                0x0800d3f8                _init
 .init          0x0800d3fc        0x8 C:/ST/STM32CubeIDE_1.17.0/STM32CubeIDE/plugins/com.st.stm32cube.ide.mcu.externaltools.gnu-tools-for-stm32.12.3.rel1.win32_1.1.0.202410251130/tools/bin/../lib/gcc/arm-none-eabi/12.3.1/thumb/v7e-m+fp/hard/crtn.o
 *(.fini)
 .fini          0x0800d404        0x4 C:/ST/STM32CubeIDE_1.17.0/STM32CubeIDE/plugins/com.st.stm32cube.ide.mcu.externaltools.gnu-tools-for-stm32.12.3.rel1.win32_1.1.0.202410251130/tools/bin/../lib/gcc/arm-none-eabi/12.3.1/thumb/v7e-m+fp/hard/crti.o
                0x0800d404                _fini
 .fini          0x0800d408        0x8 C:/ST/STM32CubeIDE_1.17.0/STM32CubeIDE/plugins/com.st.stm32cube.ide.mcu.externaltools.gnu-tools-for-stm32.12.3.rel1.win32_1.1.0.202410251130/tools/bin/../lib/gcc/arm-none-eabi/12.3.1/thumb/v7e-m+fp/hard/crtn.o
                0x0800d410                        . = ALIGN (0x4)
                0x0800d410                        _etext = .

.vfp11_veneer   0x0800d410        0x0
 .vfp11_veneer  0x0800d410        0x0 linker stubs

.v4_bx          0x0800d410        0x0
 .v4_bx         0x0800d410        0x0 linker stubs

.iplt           0x0800d410        0x0
 .iplt          0x0800d410        0x0 C:/ST/STM32CubeIDE_1.17.0/STM32CubeIDE/plugins/com.st.stm32cube.ide.mcu.externaltools.gnu-tools-for-stm32.12.3.rel1.win32_1.1.0.202410251130/tools/bin/../lib/gcc/arm-none-eabi/12.3.1/thumb/v7e-m+fp/hard/crtbegin.o

.rodata         0x0800d410      0xfcc
                0x0800d410                        . = ALIGN (0x4)
 *(.rodata)
 .rodata        0x0800d410       0x92 ./Core/Src/main.o
 *fill*         0x0800d4a2        0x2 
 .rodata        0x0800d4a4       0xb3 ./Core/Src/lib/DMA/dma.o
 *fill*         0x0800d557        0x1 
 .rodata        0x0800d558       0x2c ./Core/Src/lib/ESP/esp.o
 .rodata        0x0800d584       0x97 ./Core/Src/lib/equipments/temperature_control.o
 *fill*         0x0800d61b        0x1 
 .rodata        0x0800d61c       0xe1 ./Core/Src/lib/screen/USER/GUI.o
 *fill*         0x0800d6fd        0x3 
 .rodata        0x0800d700       0x2f ./Core/Src/lib/screen/screen.o
 *fill*         0x0800d72f        0x1 
 .rodata        0x0800d730        0xb ./Core/Src/lib/serial_printing/serial_printing.o
 *fill*         0x0800d73b        0x1 
 .rodata        0x0800d73c        0x5 ./Middlewares/Third_Party/FreeRTOS/Source/tasks.o
 *fill*         0x0800d741        0x3 
 .rodata        0x0800d744        0xd ./Middlewares/Third_Party/FreeRTOS/Source/timers.o
 *(.rodata*)
 *fill*         0x0800d751        0x3 
 .rodata.Main_attributes
                0x0800d754       0x24 ./Core/Src/main.o
                0x0800d754                Main_attributes
 .rodata.Valve_attributes
                0x0800d778       0x24 ./Core/Src/main.o
                0x0800d778                Valve_attributes
 .rodata.Uart_attributes
                0x0800d79c       0x24 ./Core/Src/main.o
                0x0800d79c                Uart_attributes
 .rodata.ds18b20_attributes
                0x0800d7c0       0x24 ./Core/Src/main.o
                0x0800d7c0                ds18b20_attributes
 .rodata.mainMutex_attributes
                0x0800d7e4       0x10 ./Core/Src/main.o
                0x0800d7e4                mainMutex_attributes
 .rodata.valveMutex_attributes
                0x0800d7f4       0x10 ./Core/Src/main.o
                0x0800d7f4                valveMutex_attributes
 .rodata.uartMutex_attributes
                0x0800d804       0x10 ./Core/Src/main.o
                0x0800d804                uartMutex_attributes
 .rodata.ds18b20Mutex_attributes
                0x0800d814       0x10 ./Core/Src/main.o
                0x0800d814                ds18b20Mutex_attributes
 .rodata.AHBPrescTable
                0x0800d824       0x10 ./Core/Src/system_stm32f4xx.o
                0x0800d824                AHBPrescTable
 .rodata.APBPrescTable
                0x0800d834        0x8 ./Core/Src/system_stm32f4xx.o
                0x0800d834                APBPrescTable
 .rodata.asc2_1206
                0x0800d83c      0x474 ./Core/Src/lib/screen/LCD/FONT.o
                0x0800d83c                asc2_1206
 .rodata.asc2_1608
                0x0800dcb0      0x5f0 ./Core/Src/lib/screen/LCD/FONT.o
                0x0800dcb0                asc2_1608
 .rodata.flagBitshiftOffset.0
                0x0800e2a0        0x8 ./Drivers/STM32F4xx_HAL_Driver/Src/stm32f4xx_hal_dma.o
 .rodata._ctype_
                0x0800e2a8      0x101 C:/ST/STM32CubeIDE_1.17.0/STM32CubeIDE/plugins/com.st.stm32cube.ide.mcu.externaltools.gnu-tools-for-stm32.12.3.rel1.win32_1.1.0.202410251130/tools/bin/../lib/gcc/arm-none-eabi/12.3.1/../../../../arm-none-eabi/lib/thumb/v7e-m+fp/hard\libc_nano.a(libc_a-ctype_.o)
                0x0800e2a8                _ctype_
 .rodata._svfprintf_r.str1.1
                0x0800e3a9       0x11 C:/ST/STM32CubeIDE_1.17.0/STM32CubeIDE/plugins/com.st.stm32cube.ide.mcu.externaltools.gnu-tools-for-stm32.12.3.rel1.win32_1.1.0.202410251130/tools/bin/../lib/gcc/arm-none-eabi/12.3.1/../../../../arm-none-eabi/lib/thumb/v7e-m+fp/hard\libc_nano.a(libc_a-nano-svfprintf.o)
 .rodata._printf_i.str1.1
                0x0800e3ba       0x22 C:/ST/STM32CubeIDE_1.17.0/STM32CubeIDE/plugins/com.st.stm32cube.ide.mcu.externaltools.gnu-tools-for-stm32.12.3.rel1.win32_1.1.0.202410251130/tools/bin/../lib/gcc/arm-none-eabi/12.3.1/../../../../arm-none-eabi/lib/thumb/v7e-m+fp/hard\libc_nano.a(libc_a-nano-vfprintf_i.o)
                0x0800e3dc                        . = ALIGN (0x4)

.ARM.extab      0x0800e3dc        0x0
                0x0800e3dc                        . = ALIGN (0x4)
 *(.ARM.extab* .gnu.linkonce.armextab.*)
                0x0800e3dc                        . = ALIGN (0x4)

.ARM            0x0800e3dc        0x8
                0x0800e3dc                        . = ALIGN (0x4)
                0x0800e3dc                        __exidx_start = .
 *(.ARM.exidx*)
 .ARM.exidx     0x0800e3dc        0x8 C:/ST/STM32CubeIDE_1.17.0/STM32CubeIDE/plugins/com.st.stm32cube.ide.mcu.externaltools.gnu-tools-for-stm32.12.3.rel1.win32_1.1.0.202410251130/tools/bin/../lib/gcc/arm-none-eabi/12.3.1/../../../../arm-none-eabi/lib/thumb/v7e-m+fp/hard\libc_nano.a(libc_a-strcmp.o)
 .ARM.exidx     0x0800e3e4        0x0 C:/ST/STM32CubeIDE_1.17.0/STM32CubeIDE/plugins/com.st.stm32cube.ide.mcu.externaltools.gnu-tools-for-stm32.12.3.rel1.win32_1.1.0.202410251130/tools/bin/../lib/gcc/arm-none-eabi/12.3.1/../../../../arm-none-eabi/lib/thumb/v7e-m+fp/hard\libc_nano.a(libc_a-strlen.o)
                                  0x8 (size before relaxing)
 .ARM.exidx     0x0800e3e4        0x0 C:/ST/STM32CubeIDE_1.17.0/STM32CubeIDE/plugins/com.st.stm32cube.ide.mcu.externaltools.gnu-tools-for-stm32.12.3.rel1.win32_1.1.0.202410251130/tools/bin/../lib/gcc/arm-none-eabi/12.3.1/../../../../arm-none-eabi/lib/thumb/v7e-m+fp/hard\libc_nano.a(libc_a-memchr.o)
                                  0x8 (size before relaxing)
 .ARM.exidx     0x0800e3e4        0x0 C:/ST/STM32CubeIDE_1.17.0/STM32CubeIDE/plugins/com.st.stm32cube.ide.mcu.externaltools.gnu-tools-for-stm32.12.3.rel1.win32_1.1.0.202410251130/tools/bin/../lib/gcc/arm-none-eabi/12.3.1/thumb/v7e-m+fp/hard\libgcc.a(_udivmoddi4.o)
                                  0x8 (size before relaxing)
                0x0800e3e4                        __exidx_end = .
                0x0800e3e4                        . = ALIGN (0x4)

.preinit_array  0x0800e3e4        0x0
                0x0800e3e4                        . = ALIGN (0x4)
                0x0800e3e4                        PROVIDE (__preinit_array_start = .)
 *(.preinit_array*)
                0x0800e3e4                        PROVIDE (__preinit_array_end = .)
                0x0800e3e4                        . = ALIGN (0x4)

.init_array     0x0800e3e4        0x4
                0x0800e3e4                        . = ALIGN (0x4)
                0x0800e3e4                        PROVIDE (__init_array_start = .)
 *(SORT_BY_NAME(.init_array.*))
 *(.init_array*)
 .init_array    0x0800e3e4        0x4 C:/ST/STM32CubeIDE_1.17.0/STM32CubeIDE/plugins/com.st.stm32cube.ide.mcu.externaltools.gnu-tools-for-stm32.12.3.rel1.win32_1.1.0.202410251130/tools/bin/../lib/gcc/arm-none-eabi/12.3.1/thumb/v7e-m+fp/hard/crtbegin.o
                0x0800e3e8                        PROVIDE (__init_array_end = .)
                0x0800e3e8                        . = ALIGN (0x4)

.fini_array     0x0800e3e8        0x4
                0x0800e3e8                        . = ALIGN (0x4)
                [!provide]                        PROVIDE (__fini_array_start = .)
 *(SORT_BY_NAME(.fini_array.*))
 *(.fini_array*)
 .fini_array    0x0800e3e8        0x4 C:/ST/STM32CubeIDE_1.17.0/STM32CubeIDE/plugins/com.st.stm32cube.ide.mcu.externaltools.gnu-tools-for-stm32.12.3.rel1.win32_1.1.0.202410251130/tools/bin/../lib/gcc/arm-none-eabi/12.3.1/thumb/v7e-m+fp/hard/crtbegin.o
                [!provide]                        PROVIDE (__fini_array_end = .)
                0x0800e3ec                        . = ALIGN (0x4)
                0x0800e3ec                        _sidata = LOADADDR (.data)

.rel.dyn        0x0800e3ec        0x0
 .rel.iplt      0x0800e3ec        0x0 C:/ST/STM32CubeIDE_1.17.0/STM32CubeIDE/plugins/com.st.stm32cube.ide.mcu.externaltools.gnu-tools-for-stm32.12.3.rel1.win32_1.1.0.202410251130/tools/bin/../lib/gcc/arm-none-eabi/12.3.1/thumb/v7e-m+fp/hard/crtbegin.o

.data           0x20000000      0x2bc load address 0x0800e3ec
                0x20000000                        . = ALIGN (0x4)
                0x20000000                        _sdata = .
 *(.data)
 *(.data*)
 .data.ds18b20_terminal
                0x20000000       0x18 ./Core/Src/main.o
                0x20000000                ds18b20_terminal
 .data.ds18b20_hot
                0x20000018       0x18 ./Core/Src/main.o
                0x20000018                ds18b20_hot
 .data.valve    0x20000030       0x14 ./Core/Src/main.o
                0x20000030                valve
 .data.button   0x20000044       0x30 ./Core/Src/main.o
                0x20000044                button
 .data.PAGE     0x20000074       0x14 ./Core/Src/main.o
                0x20000074                PAGE
 .data.esp      0x20000088      0x14c ./Core/Src/main.o
                0x20000088                esp
 .data.SystemCoreClock
                0x200001d4        0x4 ./Core/Src/system_stm32f4xx.o
                0x200001d4                SystemCoreClock
 .data.ds18b20_status
                0x200001d8        0x1 ./Core/Src/lib/ds18b20_lib/ds18b20.o
                0x200001d8                ds18b20_status
 *fill*         0x200001d9        0x3 
 .data.keypad   0x200001dc       0x84 ./Core/Src/lib/screen/USER/GUI.o
                0x200001dc                keypad
 .data.uwTickPrio
                0x20000260        0x4 ./Drivers/STM32F4xx_HAL_Driver/Src/stm32f4xx_hal.o
                0x20000260                uwTickPrio
 .data.uwTickFreq
                0x20000264        0x1 ./Drivers/STM32F4xx_HAL_Driver/Src/stm32f4xx_hal.o
                0x20000264                uwTickFreq
 *fill*         0x20000265        0x3 
 .data.uxCriticalNesting
                0x20000268        0x4 ./Middlewares/Third_Party/FreeRTOS/Source/portable/GCC/ARM_CM4F/port.o
 .data._impure_ptr
                0x2000026c        0x4 C:/ST/STM32CubeIDE_1.17.0/STM32CubeIDE/plugins/com.st.stm32cube.ide.mcu.externaltools.gnu-tools-for-stm32.12.3.rel1.win32_1.1.0.202410251130/tools/bin/../lib/gcc/arm-none-eabi/12.3.1/../../../../arm-none-eabi/lib/thumb/v7e-m+fp/hard\libc_nano.a(libc_a-impure.o)
                0x2000026c                _impure_ptr
 .data._impure_data
                0x20000270       0x4c C:/ST/STM32CubeIDE_1.17.0/STM32CubeIDE/plugins/com.st.stm32cube.ide.mcu.externaltools.gnu-tools-for-stm32.12.3.rel1.win32_1.1.0.202410251130/tools/bin/../lib/gcc/arm-none-eabi/12.3.1/../../../../arm-none-eabi/lib/thumb/v7e-m+fp/hard\libc_nano.a(libc_a-impure.o)
                0x20000270                _impure_data
 *(.RamFunc)
 *(.RamFunc*)
                0x200002bc                        . = ALIGN (0x4)
                0x200002bc                        _edata = .

.igot.plt       0x200002bc        0x0 load address 0x0800e6a8
 .igot.plt      0x200002bc        0x0 C:/ST/STM32CubeIDE_1.17.0/STM32CubeIDE/plugins/com.st.stm32cube.ide.mcu.externaltools.gnu-tools-for-stm32.12.3.rel1.win32_1.1.0.202410251130/tools/bin/../lib/gcc/arm-none-eabi/12.3.1/thumb/v7e-m+fp/hard/crtbegin.o
                0x200002bc                        . = ALIGN (0x4)

.bss            0x200002bc     0x5920 load address 0x0800e6a8
                0x200002bc                        _sbss = .
                0x200002bc                        __bss_start__ = _sbss
 *(.bss)
 .bss           0x200002bc       0x1c C:/ST/STM32CubeIDE_1.17.0/STM32CubeIDE/plugins/com.st.stm32cube.ide.mcu.externaltools.gnu-tools-for-stm32.12.3.rel1.win32_1.1.0.202410251130/tools/bin/../lib/gcc/arm-none-eabi/12.3.1/thumb/v7e-m+fp/hard/crtbegin.o
 *(.bss*)
 .bss.hspi2     0x200002d8       0x58 ./Core/Src/main.o
                0x200002d8                hspi2
 .bss.hspi4     0x20000330       0x58 ./Core/Src/main.o
                0x20000330                hspi4
 .bss.htim2     0x20000388       0x48 ./Core/Src/main.o
                0x20000388                htim2
 .bss.htim3     0x200003d0       0x48 ./Core/Src/main.o
                0x200003d0                htim3
 .bss.htim10    0x20000418       0x48 ./Core/Src/main.o
                0x20000418                htim10
 .bss.htim11    0x20000460       0x48 ./Core/Src/main.o
                0x20000460                htim11
 .bss.huart1    0x200004a8       0x48 ./Core/Src/main.o
                0x200004a8                huart1
 .bss.huart2    0x200004f0       0x48 ./Core/Src/main.o
                0x200004f0                huart2
 .bss.hdma_usart1_rx
                0x20000538       0x60 ./Core/Src/main.o
                0x20000538                hdma_usart1_rx
 .bss.hdma_usart1_tx
                0x20000598       0x60 ./Core/Src/main.o
                0x20000598                hdma_usart1_tx
 .bss.hdma_usart2_tx
                0x200005f8       0x60 ./Core/Src/main.o
                0x200005f8                hdma_usart2_tx
 .bss.MainHandle
                0x20000658        0x4 ./Core/Src/main.o
                0x20000658                MainHandle
 .bss.ValveHandle
                0x2000065c        0x4 ./Core/Src/main.o
                0x2000065c                ValveHandle
 .bss.UartHandle
                0x20000660        0x4 ./Core/Src/main.o
                0x20000660                UartHandle
 .bss.ds18b20Handle
                0x20000664        0x4 ./Core/Src/main.o
                0x20000664                ds18b20Handle
 .bss.mainMutexHandle
                0x20000668        0x4 ./Core/Src/main.o
                0x20000668                mainMutexHandle
 .bss.valveMutexHandle
                0x2000066c        0x4 ./Core/Src/main.o
                0x2000066c                valveMutexHandle
 .bss.uartMutexHandle
                0x20000670        0x4 ./Core/Src/main.o
                0x20000670                uartMutexHandle
 .bss.ds18b20MutexHandle
                0x20000674        0x4 ./Core/Src/main.o
                0x20000674                ds18b20MutexHandle
 .bss.flag      0x20000678        0x1 ./Core/Src/main.o
                0x20000678                flag
 .bss.act       0x20000679        0x1 ./Core/Src/main.o
                0x20000679                act
 .bss.command   0x2000067a        0x1 ./Core/Src/main.o
                0x2000067a                command
 .bss.page      0x2000067b        0x1 ./Core/Src/main.o
                0x2000067b                page
 .bss.hot_temp  0x2000067c        0x4 ./Core/Src/main.o
                0x2000067c                hot_temp
 .bss.terminal_temp
                0x20000680        0x4 ./Core/Src/main.o
                0x20000680                terminal_temp
 .bss.pressed   0x20000684        0x2 ./Core/Src/main.o
                0x20000684                pressed
 *fill*         0x20000686        0x2 
 .bss.cmd       0x20000688      0x92d ./Core/Src/main.o
                0x20000688                cmd
 *fill*         0x20000fb5        0x3 
 .bss.rxBuffer  0x20000fb8        0x2 ./Core/Src/main.o
                0x20000fb8                rxBuffer
 *fill*         0x20000fba        0x2 
 .bss.FLAG_UART
                0x20000fbc        0x4 ./Core/Src/main.o
                0x20000fbc                FLAG_UART
 .bss.htim1     0x20000fc0       0x48 ./Core/Src/stm32f4xx_hal_timebase_tim.o
                0x20000fc0                htim1
 .bss.__sbrk_heap_end
                0x20001008        0x4 ./Core/Src/sysmem.o
 .bss.data_array.2
                0x2000100c        0x9 ./Core/Src/lib/ds18b20_lib/ds18b20.o
 *fill*         0x20001015        0x3 
 .bss.temperature_data.1
                0x20001018        0x3 ./Core/Src/lib/ds18b20_lib/ds18b20.o
 *fill*         0x2000101b        0x1 
 .bss.EraseInitStruct.0
                0x2000101c       0x14 ./Core/Src/lib/equipments/valves.o
 .bss.lcddev    0x20001030        0xe ./Core/Src/lib/screen/LCD/lcd.o
                0x20001030                lcddev
 .bss.POINT_COLOR
                0x2000103e        0x2 ./Core/Src/lib/screen/LCD/lcd.o
                0x2000103e                POINT_COLOR
 .bss.Tim_Def   0x20001040       0x48 ./Core/Src/lib/timer_us/timer_us.o
                0x20001040                Tim_Def
 .bss.uwTick    0x20001088        0x4 ./Drivers/STM32F4xx_HAL_Driver/Src/stm32f4xx_hal.o
                0x20001088                uwTick
 .bss.pFlash    0x2000108c       0x20 ./Drivers/STM32F4xx_HAL_Driver/Src/stm32f4xx_hal_flash.o
                0x2000108c                pFlash
 .bss.KernelState
                0x200010ac        0x4 ./Middlewares/Third_Party/FreeRTOS/Source/CMSIS_RTOS_V2/cmsis_os2.o
 .bss.Idle_TCB.3
                0x200010b0       0xa8 ./Middlewares/Third_Party/FreeRTOS/Source/CMSIS_RTOS_V2/cmsis_os2.o
 .bss.Idle_Stack.2
                0x20001158      0x200 ./Middlewares/Third_Party/FreeRTOS/Source/CMSIS_RTOS_V2/cmsis_os2.o
 .bss.Timer_TCB.1
                0x20001358       0xa8 ./Middlewares/Third_Party/FreeRTOS/Source/CMSIS_RTOS_V2/cmsis_os2.o
 .bss.Timer_Stack.0
                0x20001400      0x400 ./Middlewares/Third_Party/FreeRTOS/Source/CMSIS_RTOS_V2/cmsis_os2.o
 .bss.xQueueRegistry
                0x20001800       0x40 ./Middlewares/Third_Party/FreeRTOS/Source/queue.o
                0x20001800                xQueueRegistry
 .bss.pxCurrentTCB
                0x20001840        0x4 ./Middlewares/Third_Party/FreeRTOS/Source/tasks.o
                0x20001840                pxCurrentTCB
 .bss.pxReadyTasksLists
                0x20001844      0x460 ./Middlewares/Third_Party/FreeRTOS/Source/tasks.o
 .bss.xDelayedTaskList1
                0x20001ca4       0x14 ./Middlewares/Third_Party/FreeRTOS/Source/tasks.o
 .bss.xDelayedTaskList2
                0x20001cb8       0x14 ./Middlewares/Third_Party/FreeRTOS/Source/tasks.o
 .bss.pxDelayedTaskList
                0x20001ccc        0x4 ./Middlewares/Third_Party/FreeRTOS/Source/tasks.o
 .bss.pxOverflowDelayedTaskList
                0x20001cd0        0x4 ./Middlewares/Third_Party/FreeRTOS/Source/tasks.o
 .bss.xPendingReadyList
                0x20001cd4       0x14 ./Middlewares/Third_Party/FreeRTOS/Source/tasks.o
 .bss.xTasksWaitingTermination
                0x20001ce8       0x14 ./Middlewares/Third_Party/FreeRTOS/Source/tasks.o
 .bss.uxDeletedTasksWaitingCleanUp
                0x20001cfc        0x4 ./Middlewares/Third_Party/FreeRTOS/Source/tasks.o
 .bss.xSuspendedTaskList
                0x20001d00       0x14 ./Middlewares/Third_Party/FreeRTOS/Source/tasks.o
 .bss.uxCurrentNumberOfTasks
                0x20001d14        0x4 ./Middlewares/Third_Party/FreeRTOS/Source/tasks.o
 .bss.xTickCount
                0x20001d18        0x4 ./Middlewares/Third_Party/FreeRTOS/Source/tasks.o
 .bss.uxTopReadyPriority
                0x20001d1c        0x4 ./Middlewares/Third_Party/FreeRTOS/Source/tasks.o
 .bss.xSchedulerRunning
                0x20001d20        0x4 ./Middlewares/Third_Party/FreeRTOS/Source/tasks.o
 .bss.xPendedTicks
                0x20001d24        0x4 ./Middlewares/Third_Party/FreeRTOS/Source/tasks.o
 .bss.xYieldPending
                0x20001d28        0x4 ./Middlewares/Third_Party/FreeRTOS/Source/tasks.o
 .bss.xNumOfOverflows
                0x20001d2c        0x4 ./Middlewares/Third_Party/FreeRTOS/Source/tasks.o
 .bss.uxTaskNumber
                0x20001d30        0x4 ./Middlewares/Third_Party/FreeRTOS/Source/tasks.o
 .bss.xNextTaskUnblockTime
                0x20001d34        0x4 ./Middlewares/Third_Party/FreeRTOS/Source/tasks.o
 .bss.xIdleTaskHandle
                0x20001d38        0x4 ./Middlewares/Third_Party/FreeRTOS/Source/tasks.o
 .bss.uxSchedulerSuspended
                0x20001d3c        0x4 ./Middlewares/Third_Party/FreeRTOS/Source/tasks.o
 .bss.xActiveTimerList1
                0x20001d40       0x14 ./Middlewares/Third_Party/FreeRTOS/Source/timers.o
 .bss.xActiveTimerList2
                0x20001d54       0x14 ./Middlewares/Third_Party/FreeRTOS/Source/timers.o
 .bss.pxCurrentTimerList
                0x20001d68        0x4 ./Middlewares/Third_Party/FreeRTOS/Source/timers.o
 .bss.pxOverflowTimerList
                0x20001d6c        0x4 ./Middlewares/Third_Party/FreeRTOS/Source/timers.o
 .bss.xTimerQueue
                0x20001d70        0x4 ./Middlewares/Third_Party/FreeRTOS/Source/timers.o
 .bss.xTimerTaskHandle
                0x20001d74        0x4 ./Middlewares/Third_Party/FreeRTOS/Source/timers.o
 .bss.xLastTime.2
                0x20001d78        0x4 ./Middlewares/Third_Party/FreeRTOS/Source/timers.o
 .bss.ucStaticTimerQueueStorage.1
                0x20001d7c       0xa0 ./Middlewares/Third_Party/FreeRTOS/Source/timers.o
 .bss.xStaticTimerQueue.0
                0x20001e1c       0x50 ./Middlewares/Third_Party/FreeRTOS/Source/timers.o
 .bss.ucMaxSysCallPriority
                0x20001e6c        0x1 ./Middlewares/Third_Party/FreeRTOS/Source/portable/GCC/ARM_CM4F/port.o
 *fill*         0x20001e6d        0x3 
 .bss.ulMaxPRIGROUPValue
                0x20001e70        0x4 ./Middlewares/Third_Party/FreeRTOS/Source/portable/GCC/ARM_CM4F/port.o
 .bss.ucHeap    0x20001e74     0x3c00 ./Middlewares/Third_Party/FreeRTOS/Source/portable/MemMang/heap_4.o
 .bss.xStart    0x20005a74        0x8 ./Middlewares/Third_Party/FreeRTOS/Source/portable/MemMang/heap_4.o
 .bss.pxEnd     0x20005a7c        0x4 ./Middlewares/Third_Party/FreeRTOS/Source/portable/MemMang/heap_4.o
 .bss.xFreeBytesRemaining
                0x20005a80        0x4 ./Middlewares/Third_Party/FreeRTOS/Source/portable/MemMang/heap_4.o
 .bss.xMinimumEverFreeBytesRemaining
                0x20005a84        0x4 ./Middlewares/Third_Party/FreeRTOS/Source/portable/MemMang/heap_4.o
 .bss.xNumberOfSuccessfulAllocations
                0x20005a88        0x4 ./Middlewares/Third_Party/FreeRTOS/Source/portable/MemMang/heap_4.o
 .bss.xNumberOfSuccessfulFrees
                0x20005a8c        0x4 ./Middlewares/Third_Party/FreeRTOS/Source/portable/MemMang/heap_4.o
 .bss.xBlockAllocatedBit
                0x20005a90        0x4 ./Middlewares/Third_Party/FreeRTOS/Source/portable/MemMang/heap_4.o
 .bss.__sf      0x20005a94      0x138 C:/ST/STM32CubeIDE_1.17.0/STM32CubeIDE/plugins/com.st.stm32cube.ide.mcu.externaltools.gnu-tools-for-stm32.12.3.rel1.win32_1.1.0.202410251130/tools/bin/../lib/gcc/arm-none-eabi/12.3.1/../../../../arm-none-eabi/lib/thumb/v7e-m+fp/hard\libc_nano.a(libc_a-findfp.o)
                0x20005a94                __sf
 .bss.errno     0x20005bcc        0x4 C:/ST/STM32CubeIDE_1.17.0/STM32CubeIDE/plugins/com.st.stm32cube.ide.mcu.externaltools.gnu-tools-for-stm32.12.3.rel1.win32_1.1.0.202410251130/tools/bin/../lib/gcc/arm-none-eabi/12.3.1/../../../../arm-none-eabi/lib/thumb/v7e-m+fp/hard\libc_nano.a(libc_a-reent.o)
                0x20005bcc                errno
 .bss.__lock___malloc_recursive_mutex
                0x20005bd0        0x1 C:/ST/STM32CubeIDE_1.17.0/STM32CubeIDE/plugins/com.st.stm32cube.ide.mcu.externaltools.gnu-tools-for-stm32.12.3.rel1.win32_1.1.0.202410251130/tools/bin/../lib/gcc/arm-none-eabi/12.3.1/../../../../arm-none-eabi/lib/thumb/v7e-m+fp/hard\libc_nano.a(libc_a-lock.o)