Archive member included to satisfy reference by file (symbol)

C:/ST/STM32CubeIDE_1.17.0/STM32CubeIDE/plugins/com.st.stm32cube.ide.mcu.externaltools.gnu-tools-for-stm32.12.3.rel1.win32_1.1.0.202410251130/tools/bin/../lib/gcc/arm-none-eabi/12.3.1/../../../../arm-none-eabi/lib/thumb/v7e-m+fp/hard\libc_nano.a(libc_a-atoi.o)
                              ./Core/Src/lib/equipments/temperature_control.o (atoi)
C:/ST/STM32CubeIDE_1.17.0/STM32CubeIDE/plugins/com.st.stm32cube.ide.mcu.externaltools.gnu-tools-for-stm32.12.3.rel1.win32_1.1.0.202410251130/tools/bin/../lib/gcc/arm-none-eabi/12.3.1/../../../../arm-none-eabi/lib/thumb/v7e-m+fp/hard\libc_nano.a(libc_a-exit.o)
                              C:/ST/STM32CubeIDE_1.17.0/STM32CubeIDE/plugins/com.st.stm32cube.ide.mcu.externaltools.gnu-tools-for-stm32.12.3.rel1.win32_1.1.0.202410251130/tools/bin/../lib/gcc/arm-none-eabi/12.3.1/../../../../arm-none-eabi/lib/thumb/v7e-m+fp/hard/crt0.o (exit)
C:/ST/STM32CubeIDE_1.17.0/STM32CubeIDE/plugins/com.st.stm32cube.ide.mcu.externaltools.gnu-tools-for-stm32.12.3.rel1.win32_1.1.0.202410251130/tools/bin/../lib/gcc/arm-none-eabi/12.3.1/../../../../arm-none-eabi/lib/thumb/v7e-m+fp/hard\libc_nano.a(libc_a-strtol.o)
                              C:/ST/STM32CubeIDE_1.17.0/STM32CubeIDE/plugins/com.st.stm32cube.ide.mcu.externaltools.gnu-tools-for-stm32.12.3.rel1.win32_1.1.0.202410251130/tools/bin/../lib/gcc/arm-none-eabi/12.3.1/../../../../arm-none-eabi/lib/thumb/v7e-m+fp/hard\libc_nano.a(libc_a-atoi.o) (_strtol_r)
C:/ST/STM32CubeIDE_1.17.0/STM32CubeIDE/plugins/com.st.stm32cube.ide.mcu.externaltools.gnu-tools-for-stm32.12.3.rel1.win32_1.1.0.202410251130/tools/bin/../lib/gcc/arm-none-eabi/12.3.1/../../../../arm-none-eabi/lib/thumb/v7e-m+fp/hard\libc_nano.a(libc_a-ctype_.o)
                              C:/ST/STM32CubeIDE_1.17.0/STM32CubeIDE/plugins/com.st.stm32cube.ide.mcu.externaltools.gnu-tools-for-stm32.12.3.rel1.win32_1.1.0.202410251130/tools/bin/../lib/gcc/arm-none-eabi/12.3.1/../../../../arm-none-eabi/lib/thumb/v7e-m+fp/hard\libc_nano.a(libc_a-strtol.o) (_ctype_)
C:/ST/STM32CubeIDE_1.17.0/STM32CubeIDE/plugins/com.st.stm32cube.ide.mcu.externaltools.gnu-tools-for-stm32.12.3.rel1.win32_1.1.0.202410251130/tools/bin/../lib/gcc/arm-none-eabi/12.3.1/../../../../arm-none-eabi/lib/thumb/v7e-m+fp/hard\libc_nano.a(libc_a-findfp.o)
                              ./Middlewares/Third_Party/FreeRTOS/Source/tasks.o (__sf)
C:/ST/STM32CubeIDE_1.17.0/STM32CubeIDE/plugins/com.st.stm32cube.ide.mcu.externaltools.gnu-tools-for-stm32.12.3.rel1.win32_1.1.0.202410251130/tools/bin/../lib/gcc/arm-none-eabi/12.3.1/../../../../arm-none-eabi/lib/thumb/v7e-m+fp/hard\libc_nano.a(libc_a-fwalk.o)
                              C:/ST/STM32CubeIDE_1.17.0/STM32CubeIDE/plugins/com.st.stm32cube.ide.mcu.externaltools.gnu-tools-for-stm32.12.3.rel1.win32_1.1.0.202410251130/tools/bin/../lib/gcc/arm-none-eabi/12.3.1/../../../../arm-none-eabi/lib/thumb/v7e-m+fp/hard\libc_nano.a(libc_a-findfp.o) (_fwalk_sglue)
C:/ST/STM32CubeIDE_1.17.0/STM32CubeIDE/plugins/com.st.stm32cube.ide.mcu.externaltools.gnu-tools-for-stm32.12.3.rel1.win32_1.1.0.202410251130/tools/bin/../lib/gcc/arm-none-eabi/12.3.1/../../../../arm-none-eabi/lib/thumb/v7e-m+fp/hard\libc_nano.a(libc_a-sprintf.o)
                              ./Core/Src/main.o (sprintf)
C:/ST/STM32CubeIDE_1.17.0/STM32CubeIDE/plugins/com.st.stm32cube.ide.mcu.externaltools.gnu-tools-for-stm32.12.3.rel1.win32_1.1.0.202410251130/tools/bin/../lib/gcc/arm-none-eabi/12.3.1/../../../../arm-none-eabi/lib/thumb/v7e-m+fp/hard\libc_nano.a(libc_a-stdio.o)
                              C:/ST/STM32CubeIDE_1.17.0/STM32CubeIDE/plugins/com.st.stm32cube.ide.mcu.externaltools.gnu-tools-for-stm32.12.3.rel1.win32_1.1.0.202410251130/tools/bin/../lib/gcc/arm-none-eabi/12.3.1/../../../../arm-none-eabi/lib/thumb/v7e-m+fp/hard\libc_nano.a(libc_a-findfp.o) (__sread)
C:/ST/STM32CubeIDE_1.17.0/STM32CubeIDE/plugins/com.st.stm32cube.ide.mcu.externaltools.gnu-tools-for-stm32.12.3.rel1.win32_1.1.0.202410251130/tools/bin/../lib/gcc/arm-none-eabi/12.3.1/../../../../arm-none-eabi/lib/thumb/v7e-m+fp/hard\libc_nano.a(libc_a-memset.o)
                              C:/ST/STM32CubeIDE_1.17.0/STM32CubeIDE/plugins/com.st.stm32cube.ide.mcu.externaltools.gnu-tools-for-stm32.12.3.rel1.win32_1.1.0.202410251130/tools/bin/../lib/gcc/arm-none-eabi/12.3.1/../../../../arm-none-eabi/lib/thumb/v7e-m+fp/hard/crt0.o (memset)
C:/ST/STM32CubeIDE_1.17.0/STM32CubeIDE/plugins/com.st.stm32cube.ide.mcu.externaltools.gnu-tools-for-stm32.12.3.rel1.win32_1.1.0.202410251130/tools/bin/../lib/gcc/arm-none-eabi/12.3.1/../../../../arm-none-eabi/lib/thumb/v7e-m+fp/hard\libc_nano.a(libc_a-strcat.o)
                              ./Core/Src/lib/ds18b20_lib/ds18b20.o (strcat)
[...]
Memory Configuration

Name             Origin             Length             Attributes
RAM              0x20000000         0x00020000         xrw
FLASH            0x08000000         0x00040000         xr
*default*        0x00000000         0xffffffff

Linker script and memory map

LOAD C:/ST/STM32CubeIDE_1.17.0/STM32CubeIDE/plugins/com.st.stm32cube.ide.mcu.externaltools.gnu-tools-for-stm32.12.3.rel1.win32_1.1.0.202410251130/tools/bin/../lib/gcc/arm-none-eabi/12.3.1/thumb/v7e-m+fp/hard/crti.o
LOAD C:/ST/STM32CubeIDE_1.17.0/STM32CubeIDE/plugins/com.st.stm32cube.ide.mcu.externaltools.gnu-tools-for-stm32.12.3.rel1.win32_1.1.0.202410251130/tools/bin/../lib/gcc/arm-none-eabi/12.3.1/thumb/v7e-m+fp/hard/crtbegin.o
LOAD C:/ST/STM32CubeIDE_1.17.0/STM32CubeIDE/plugins/com.st.stm32cube.ide.mcu.externaltools.gnu-tools-for-stm32.12.3.rel1.win32_1.1.0.202410251130/tools/bin/../lib/gcc/arm-none-eabi/12.3.1/../../../../arm-none-eabi/lib/thumb/v7e-m+fp/hard/crt0.o
LOAD ./Core/Src/freertos.o
LOAD ./Core/Src/main.o
LOAD ./Core/Src/stm32f4xx_hal_msp.o
LOAD ./Core/Src/stm32f4xx_hal_timebase_tim.o
LOAD ./Core/Src/stm32f4xx_it.o
LOAD ./Core/Src/syscalls.o
LOAD ./Core/Src/sysmem.o
LOAD ./Core/Src/system_stm32f4xx.o
LOAD ./Core/Src/lib/ESP/esp.o
LOAD ./Core/Src/lib/UART_FUNC/uart.o
LOAD ./Core/Src/lib/ds18b20_lib/ds18b20.o
LOAD ./Core/Src/lib/equipments/pumps.o
LOAD ./Core/Src/lib/equipments/temperature_control.o
LOAD ./Core/Src/lib/equipments/valves.o
LOAD ./Core/Src/lib/screen/LCD/FONT.o
LOAD ./Core/Src/lib/screen/LCD/lcd.o
LOAD ./Core/Src/lib/screen/LED/LED.o
LOAD ./Core/Src/lib/screen/USER/GUI.o
LOAD ./Core/Src/lib/screen/USER/test.o
LOAD ./Core/Src/lib/screen/paint.o
LOAD ./Core/Src/lib/screen/screen.o
LOAD ./Core/Src/lib/serial_printing/serial_printing.o
LOAD ./Core/Src/lib/timer_us/timer_us.o
LOAD ./Core/Startup/startup_stm32f411rctx.o
LOAD ./Drivers/STM32F4xx_HAL_Driver/Src/stm32f4xx_hal.o
LOAD ./Drivers/STM32F4xx_HAL_Driver/Src/stm32f4xx_hal_cortex.o
LOAD ./Drivers/STM32F4xx_HAL_Driver/Src/stm32f4xx_hal_dma.o
LOAD ./Drivers/STM32F4xx_HAL_Driver/Src/stm32f4xx_hal_dma_ex.o
LOAD ./Drivers/STM32F4xx_HAL_Driver/Src/stm32f4xx_hal_exti.o
LOAD ./Drivers/STM32F4xx_HAL_Driver/Src/stm32f4xx_hal_flash.o
LOAD ./Drivers/STM32F4xx_HAL_Driver/Src/stm32f4xx_hal_flash_ex.o
LOAD ./Drivers/STM32F4xx_HAL_Driver/Src/stm32f4xx_hal_flash_ramfunc.o
LOAD ./Drivers/STM32F4xx_HAL_Driver/Src/stm32f4xx_hal_gpio.o
LOAD ./Drivers/STM32F4xx_HAL_Driver/Src/stm32f4xx_hal_pwr.o
LOAD ./Drivers/STM32F4xx_HAL_Driver/Src/stm32f4xx_hal_pwr_ex.o
LOAD ./Drivers/STM32F4xx_HAL_Driver/Src/stm32f4xx_hal_rcc.o
LOAD ./Drivers/STM32F4xx_HAL_Driver/Src/stm32f4xx_hal_rcc_ex.o
LOAD ./Drivers/STM32F4xx_HAL_Driver/Src/stm32f4xx_hal_spi.o
LOAD ./Drivers/STM32F4xx_HAL_Driver/Src/stm32f4xx_hal_tim.o
LOAD ./Drivers/STM32F4xx_HAL_Driver/Src/stm32f4xx_hal_tim_ex.o
LOAD ./Drivers/STM32F4xx_HAL_Driver/Src/stm32f4xx_hal_uart.o
LOAD ./Middlewares/Third_Party/FreeRTOS/Source/CMSIS_RTOS_V2/cmsis_os2.o
LOAD ./Middlewares/Third_Party/FreeRTOS/Source/croutine.o
LOAD ./Middlewares/Third_Party/FreeRTOS/Source/event_groups.o
LOAD ./Middlewares/Third_Party/FreeRTOS/Source/list.o
LOAD ./Middlewares/Third_Party/FreeRTOS/Source/queue.o
LOAD ./Middlewares/Third_Party/FreeRTOS/Source/stream_buffer.o
LOAD ./Middlewares/Third_Party/FreeRTOS/Source/tasks.o
LOAD ./Middlewares/Third_Party/FreeRTOS/Source/timers.o
LOAD ./Middlewares/Third_Party/FreeRTOS/Source/portable/GCC/ARM_CM4F/port.o
LOAD ./Middlewares/Third_Party/FreeRTOS/Source/portable/MemMang/heap_4.o
START GROUP
LOAD C:/ST/STM32CubeIDE_1.17.0/STM32CubeIDE/plugins/com.st.stm32cube.ide.mcu.externaltools.gnu-tools-for-stm32.12.3.rel1.win32_1.1.0.202410251130/tools/bin/../lib/gcc/arm-none-eabi/12.3.1/../../../../arm-none-eabi/lib/thumb/v7e-m+fp/hard\libc_nano.a
LOAD C:/ST/STM32CubeIDE_1.17.0/STM32CubeIDE/plugins/com.st.stm32cube.ide.mcu.externaltools.gnu-tools-for-stm32.12.3.rel1.win32_1.1.0.202410251130/tools/bin/../lib/gcc/arm-none-eabi/12.3.1/../../../../arm-none-eabi/lib/thumb/v7e-m+fp/hard\libm.a
END GROUP
START GROUP
LOAD C:/ST/STM32CubeIDE_1.17.0/STM32CubeIDE/plugins/com.st.stm32cube.ide.mcu.externaltools.gnu-tools-for-stm32.12.3.rel1.win32_1.1.0.202410251130/tools/bin/../lib/gcc/arm-none-eabi/12.3.1/thumb/v7e-m+fp/hard\libgcc.a
LOAD C:/ST/STM32CubeIDE_1.17.0/STM32CubeIDE/plugins/com.st.stm32cube.ide.mcu.externaltools.gnu-tools-for-stm32.12.3.rel1.win32_1.1.0.202410251130/tools/bin/../lib/gcc/arm-none-eabi/12.3.1/../../../../arm-none-eabi/lib/thumb/v7e-m+fp/hard\libc_nano.a
END GROUP
START GROUP
LOAD C:/ST/STM32CubeIDE_1.17.0/STM32CubeIDE/plugins/com.st.stm32cube.ide.mcu.externaltools.gnu-tools-for-stm32.12.3.rel1.win32_1.1.0.202410251130/tools/bin/../lib/gcc/arm-none-eabi/12.3.1/thumb/v7e-m+fp/hard\libgcc.a
LOAD C:/ST/STM32CubeIDE_1.17.0/STM32CubeIDE/plugins/com.st.stm32cube.ide.mcu.externaltools.gnu-tools-for-stm32.12.3.rel1.win32_1.1.0.202410251130/tools/bin/../lib/gcc/arm-none-eabi/12.3.1/../../../../arm-none-eabi/lib/thumb/v7e-m+fp/hard\libc_nano.a
LOAD C:/ST/STM32CubeIDE_1.17.0/STM32CubeIDE/plugins/com.st.stm32cube.ide.mcu.externaltools.gnu-tools-for-stm32.12.3.rel1.win32_1.1.0.202410251130/tools/bin/../lib/gcc/arm-none-eabi/12.3.1/../../../../arm-none-eabi/lib/thumb/v7e-m+fp/hard\libnosys.a
END GROUP
START GROUP
LOAD C:/ST/STM32CubeIDE_1.17.0/STM32CubeIDE/plugins/com.st.stm32cube.ide.mcu.externaltools.gnu-tools-for-stm32.12.3.rel1.win32_1.1.0.202410251130/tools/bin/../lib/gcc/arm-none-eabi/12.3.1/thumb/v7e-m+fp/hard\libgcc.a
LOAD C:/ST/STM32CubeIDE_1.17.0/STM32CubeIDE/plugins/com.st.stm32cube.ide.mcu.externaltools.gnu-tools-for-stm32.12.3.rel1.win32_1.1.0.202410251130/tools/bin/../lib/gcc/arm-none-eabi/12.3.1/../../../../arm-none-eabi/lib/thumb/v7e-m+fp/hard\libc_nano.a
LOAD C:/ST/STM32CubeIDE_1.17.0/STM32CubeIDE/plugins/com.st.stm32cube.ide.mcu.externaltools.gnu-tools-for-stm32.12.3.rel1.win32_1.1.0.202410251130/tools/bin/../lib/gcc/arm-none-eabi/12.3.1/../../../../arm-none-eabi/lib/thumb/v7e-m+fp/hard\libnosys.a
END GROUP
LOAD C:/ST/STM32CubeIDE_1.17.0/STM32CubeIDE/plugins/com.st.stm32cube.ide.mcu.externaltools.gnu-tools-for-stm32.12.3.rel1.win32_1.1.0.202410251130/tools/bin/../lib/gcc/arm-none-eabi/12.3.1/thumb/v7e-m+fp/hard/crtend.o
LOAD C:/ST/STM32CubeIDE_1.17.0/STM32CubeIDE/plugins/com.st.stm32cube.ide.mcu.externaltools.gnu-tools-for-stm32.12.3.rel1.win32_1.1.0.202410251130/tools/bin/../lib/gcc/arm-none-eabi/12.3.1/thumb/v7e-m+fp/hard/crtn.o
                0x20020000                        _estack = (ORIGIN (RAM) + LENGTH (RAM))
                0x00000200                        _Min_Heap_Size = 0x200
                0x00000400                        _Min_Stack_Size = 0x400

.isr_vector     0x08000000      0x198
                0x08000000                        . = ALIGN (0x4)
 *(.isr_vector)
 .isr_vector    0x08000000      0x198 ./Core/Startup/startup_stm32f411rctx.o
                0x08000000                g_pfnVectors
                0x08000198                        . = ALIGN (0x4)

.text           0x080001a0     0xcc48
                0x080001a0                        . = ALIGN (0x4)
 *(.text)
 .text          0x080001a0       0x40 C:/ST/STM32CubeIDE_1.17.0/STM32CubeIDE/plugins/com.st.stm32cube.ide.mcu.externaltools.gnu-tools-for-stm32.12.3.rel1.win32_1.1.0.202410251130/tools/bin/../lib/gcc/arm-none-eabi/12.3.1/thumb/v7e-m+fp/hard/crtbegin.o
 .text          0x080001e0       0x14 C:/ST/STM32CubeIDE_1.17.0/STM32CubeIDE/plugins/com.st.stm32cube.ide.mcu.externaltools.gnu-tools-for-stm32.12.3.rel1.win32_1.1.0.202410251130/tools/bin/../lib/gcc/arm-none-eabi/12.3.1/../../../../arm-none-eabi/lib/thumb/v7e-m+fp/hard\libc_nano.a(libc_a-strcmp.o)
                0x080001e0                strcmp
 .text          0x080001f4       0x10 C:/ST/STM32CubeIDE_1.17.0/STM32CubeIDE/plugins/com.st.stm32cube.ide.mcu.externaltools.gnu-tools-for-stm32.12.3.rel1.win32_1.1.0.202410251130/tools/bin/../lib/gcc/arm-none-eabi/12.3.1/../../../../arm-none-eabi/lib/thumb/v7e-m+fp/hard\libc_nano.a(libc_a-strlen.o)
                0x080001f4                strlen
 *fill*         0x08000204        0xc 
 .text          0x08000210       0xa0 C:/ST/STM32CubeIDE_1.17.0/STM32CubeIDE/plugins/com.st.stm32cube.ide.mcu.externaltools.gnu-tools-for-stm32.12.3.rel1.win32_1.1.0.202410251130/tools/bin/../lib/gcc/arm-none-eabi/12.3.1/../../../../arm-none-eabi/lib/thumb/v7e-m+fp/hard\libc_nano.a(libc_a-memchr.o)
                0x08000210                memchr
 .text          0x080002b0      0x254 C:/ST/STM32CubeIDE_1.17.0/STM32CubeIDE/plugins/com.st.stm32cube.ide.mcu.externaltools.gnu-tools-for-stm32.12.3.rel1.win32_1.1.0.202410251130/tools/bin/../lib/gcc/arm-none-eabi/12.3.1/thumb/v7e-m+fp/hard\libgcc.a(_arm_muldf3.o)
                0x080002b0                __muldf3
                0x080002b0                __aeabi_dmul
 .text          0x08000504      0x378 C:/ST/STM32CubeIDE_1.17.0/STM32CubeIDE/plugins/com.st.stm32cube.ide.mcu.externaltools.gnu-tools-for-stm32.12.3.rel1.win32_1.1.0.202410251130/tools/bin/../lib/gcc/arm-none-eabi/12.3.1/thumb/v7e-m+fp/hard\libgcc.a(_arm_addsubdf3.o)
                0x08000504                __aeabi_drsub
                0x0800050c                __aeabi_dsub
                0x0800050c                __subdf3
                0x08000510                __aeabi_dadd
                0x08000510                __adddf3
                0x08000788                __floatunsidf
                0x08000788                __aeabi_ui2d
                0x080007a8                __floatsidf
                0x080007a8                __aeabi_i2d
                0x080007cc                __aeabi_f2d
                0x080007cc                __extendsfdf2
                0x08000810                __floatundidf
                0x08000810                __aeabi_ul2d
                0x08000820                __floatdidf
                0x08000820                __aeabi_l2d
 .text          0x0800087c      0x110 C:/ST/STM32CubeIDE_1.17.0/STM32CubeIDE/plugins/com.st.stm32cube.ide.mcu.externaltools.gnu-tools-for-stm32.12.3.rel1.win32_1.1.0.202410251130/tools/bin/../lib/gcc/arm-none-eabi/12.3.1/thumb/v7e-m+fp/hard\libgcc.a(_arm_cmpdf2.o)
                0x0800087c                __gtdf2
                0x0800087c                __gedf2
                0x08000884                __ltdf2
                0x08000884                __ledf2
                0x0800088c                __nedf2
                0x0800088c                __eqdf2
                0x0800088c                __cmpdf2
                0x08000908                __aeabi_cdrcmple
                0x08000918                __aeabi_cdcmpeq
                0x08000918                __aeabi_cdcmple
                0x08000928                __aeabi_dcmpeq
                0x0800093c                __aeabi_dcmplt
                0x08000950                __aeabi_dcmple
                0x08000964                __aeabi_dcmpge
                0x08000978                __aeabi_dcmpgt
 .text          0x0800098c       0x50 C:/ST/STM32CubeIDE_1.17.0/STM32CubeIDE/plugins/com.st.stm32cube.ide.mcu.externaltools.gnu-tools-for-stm32.12.3.rel1.win32_1.1.0.202410251130/tools/bin/../lib/gcc/arm-none-eabi/12.3.1/thumb/v7e-m+fp/hard\libgcc.a(_arm_fixdfsi.o)
                0x0800098c                __aeabi_d2iz
                0x0800098c                __fixdfsi
 .text          0x080009dc       0xa0 C:/ST/STM32CubeIDE_1.17.0/STM32CubeIDE/plugins/com.st.stm32cube.ide.mcu.externaltools.gnu-tools-for-stm32.12.3.rel1.win32_1.1.0.202410251130/tools/bin/../lib/gcc/arm-none-eabi/12.3.1/thumb/v7e-m+fp/hard\libgcc.a(_arm_truncdfsf2.o)
                0x080009dc                __truncdfsf2
                0x080009dc                __aeabi_d2f
 .text          0x08000a7c       0x30 C:/ST/STM32CubeIDE_1.17.0/STM32CubeIDE/plugins/com.st.stm32cube.ide.mcu.externaltools.gnu-tools-for-stm32.12.3.rel1.win32_1.1.0.202410251130/tools/bin/../lib/gcc/arm-none-eabi/12.3.1/thumb/v7e-m+fp/hard\libgcc.a(_aeabi_uldivmod.o)
                0x08000a7c                __aeabi_uldivmod
 .text          0x08000aac      0x2bc C:/ST/STM32CubeIDE_1.17.0/STM32CubeIDE/plugins/com.st.stm32cube.ide.mcu.externaltools.gnu-tools-for-stm32.12.3.rel1.win32_1.1.0.202410251130/tools/bin/../lib/gcc/arm-none-eabi/12.3.1/thumb/v7e-m+fp/hard\libgcc.a(_udivmoddi4.o)
                0x08000aac                __udivmoddi4
 .text          0x08000d68        0x4 C:/ST/STM32CubeIDE_1.17.0/STM32CubeIDE/plugins/com.st.stm32cube.ide.mcu.externaltools.gnu-tools-for-stm32.12.3.rel1.win32_1.1.0.202410251130/tools/bin/../lib/gcc/arm-none-eabi/12.3.1/thumb/v7e-m+fp/hard\libgcc.a(_dvmd_tls.o)
                0x08000d68                __aeabi_idiv0
                0x08000d68                __aeabi_ldiv0
 *(.text*)
 .text.main     0x08000d6c      0x3ec ./Core/Src/main.o
                0x08000d6c                main
 .text.SystemClock_Config
                0x08001158       0xd0 ./Core/Src/main.o
                0x08001158                SystemClock_Config
 .text.MX_SPI2_Init
                0x08001228       0x6c ./Core/Src/main.o
 .text.MX_SPI4_Init
                0x08001294       0x6c ./Core/Src/main.o
 .text.MX_TIM2_Init
                0x08001300       0x9c ./Core/Src/main.o
 .text.MX_TIM3_Init
                0x0800139c       0x9c ./Core/Src/main.o
 .text.MX_TIM10_Init
                0x08001438       0x48 ./Core/Src/main.o
 .text.MX_TIM11_Init
                0x08001480       0x48 ./Core/Src/main.o
 .text.MX_USART1_UART_Init
                0x080014c8       0x54 ./Core/Src/main.o
 .text.MX_USART2_UART_Init
                0x0800151c       0x54 ./Core/Src/main.o
 .text.MX_DMA_Init
                0x08001570       0x50 ./Core/Src/main.o
 .text.MX_GPIO_Init
                0x080015c0      0x1dc ./Core/Src/main.o
 .text.getFloatString
                0x0800179c       0x70 ./Core/Src/main.o
                0x0800179c                getFloatString
 .text.HAL_UARTEx_RxEventCallback
                0x0800180c       0x58 ./Core/Src/main.o
                0x0800180c                HAL_UARTEx_RxEventCallback
 .text.SET_UP_DMAR
                0x08001864       0xb8 ./Core/Src/main.o
                0x08001864                SET_UP_DMAR
 .text.RESET_DMAR
                0x0800191c      0x474 ./Core/Src/main.o
                0x0800191c                RESET_DMAR
 .text.UART_DMA_MFLAG
                0x08001d90      0x180 ./Core/Src/main.o
                0x08001d90                UART_DMA_MFLAG
 .text.mainFunction
                0x08001f10       0x64 ./Core/Src/main.o
                0x08001f10                mainFunction
 .text.valveFunction
                0x08001f74       0x6c ./Core/Src/main.o
                0x08001f74                valveFunction
 .text.uartFunction
                0x08001fe0      0x138 ./Core/Src/main.o
                0x08001fe0                uartFunction
 .text.ds18b20Function
                0x08002118       0x68 ./Core/Src/main.o
                0x08002118                ds18b20Function
 .text.HAL_TIM_PeriodElapsedCallback
                0x08002180       0x24 ./Core/Src/main.o
                0x08002180                HAL_TIM_PeriodElapsedCallback
 .text.Error_Handler
                0x080021a4        0xc ./Core/Src/main.o
                0x080021a4                Error_Handler
 .text.HAL_MspInit
                0x080021b0       0x58 ./Core/Src/stm32f4xx_hal_msp.o
                0x080021b0                HAL_MspInit
 .text.HAL_SPI_MspInit
                0x08002208      0x15c ./Core/Src/stm32f4xx_hal_msp.o
                0x08002208                HAL_SPI_MspInit
 .text.HAL_TIM_Base_MspInit
                0x08002364       0xf0 ./Core/Src/stm32f4xx_hal_msp.o
                0x08002364                HAL_TIM_Base_MspInit
 .text.HAL_UART_MspInit
                0x08002454      0x1d4 ./Core/Src/stm32f4xx_hal_msp.o
                0x08002454                HAL_UART_MspInit
 .text.HAL_InitTick
                0x08002628       0xe4 ./Core/Src/stm32f4xx_hal_timebase_tim.o
                0x08002628                HAL_InitTick
 .text.NMI_Handler
                0x0800270c        0x8 ./Core/Src/stm32f4xx_it.o
                0x0800270c                NMI_Handler
 .text.HardFault_Handler
                0x08002714        0x8 ./Core/Src/stm32f4xx_it.o
                0x08002714                HardFault_Handler
 .text.MemManage_Handler
                0x0800271c        0x8 ./Core/Src/stm32f4xx_it.o
                0x0800271c                MemManage_Handler
 .text.BusFault_Handler
                0x08002724        0x8 ./Core/Src/stm32f4xx_it.o
                0x08002724                BusFault_Handler
 .text.UsageFault_Handler
                0x0800272c        0x8 ./Core/Src/stm32f4xx_it.o
                0x0800272c                UsageFault_Handler
 .text.DebugMon_Handler
                0x08002734        0xe ./Core/Src/stm32f4xx_it.o
                0x08002734                DebugMon_Handler
 *fill*         0x08002742        0x2 
 .text.EXTI9_5_IRQHandler
                0x08002744       0x24 ./Core/Src/stm32f4xx_it.o
                0x08002744                EXTI9_5_IRQHandler
 .text.TIM1_UP_TIM10_IRQHandler
                0x08002768       0x3c ./Core/Src/stm32f4xx_it.o
                0x08002768                TIM1_UP_TIM10_IRQHandler
 .text.TIM2_IRQHandler
                0x080027a4       0x14 ./Core/Src/stm32f4xx_it.o
                0x080027a4                TIM2_IRQHandler
 .text.TIM3_IRQHandler
                0x080027b8       0x14 ./Core/Src/stm32f4xx_it.o
                0x080027b8                TIM3_IRQHandler
 .text.USART1_IRQHandler
                0x080027cc       0x14 ./Core/Src/stm32f4xx_it.o
                0x080027cc                USART1_IRQHandler
 .text.DMA2_Stream2_IRQHandler
                0x080027e0       0x14 ./Core/Src/stm32f4xx_it.o
                0x080027e0                DMA2_Stream2_IRQHandler
 .text.DMA2_Stream7_IRQHandler
                0x080027f4       0x14 ./Core/Src/stm32f4xx_it.o
                0x080027f4                DMA2_Stream7_IRQHandler
 .text._sbrk    0x08002808       0x6c ./Core/Src/sysmem.o
                0x08002808                _sbrk
 .text.SystemInit
                0x08002874       0x24 ./Core/Src/system_stm32f4xx.o
                0x08002874                SystemInit
 .text.ds18b20_drive_LOW
                0x08002898       0x18 ./Core/Src/lib/ds18b20_lib/ds18b20.o
                0x08002898                ds18b20_drive_LOW
 .text.ds18b20_release_HIGH
                0x080028b0       0x18 ./Core/Src/lib/ds18b20_lib/ds18b20.o
                0x080028b0                ds18b20_release_HIGH
 .text.ds18b20_write_0
                0x080028c8       0x22 ./Core/Src/lib/ds18b20_lib/ds18b20.o
                0x080028c8                ds18b20_write_0
 .text.ds18b20_write_1
                0x080028ea       0x22 ./Core/Src/lib/ds18b20_lib/ds18b20.o
                0x080028ea                ds18b20_write_1
 .text.ds18b20_start
                0x0800290c       0x58 ./Core/Src/lib/ds18b20_lib/ds18b20.o
                0x0800290c                ds18b20_start
 .text.ds18b20_write_byte
                0x08002964       0x40 ./Core/Src/lib/ds18b20_lib/ds18b20.o
                0x08002964                ds18b20_write_byte
 .text.ds18b20_read
                0x080029a4       0xc4 ./Core/Src/lib/ds18b20_lib/ds18b20.o
                0x080029a4                ds18b20_read
 .text.ds18b20_get_temperature
                0x08002a68       0x80 ./Core/Src/lib/ds18b20_lib/ds18b20.o
                0x08002a68                ds18b20_get_temperature
 .text.ds18b20_match_ROM
                0x08002ae8       0x38 ./Core/Src/lib/ds18b20_lib/ds18b20.o
                0x08002ae8                ds18b20_match_ROM
 .text.ds18b20_skip_ROM
                0x08002b20        0xe ./Core/Src/lib/ds18b20_lib/ds18b20.o
                0x08002b20                ds18b20_skip_ROM
 .text.ds18b20_convert_T
                0x08002b2e        0xe ./Core/Src/lib/ds18b20_lib/ds18b20.o
                0x08002b2e                ds18b20_convert_T
 .text.ds18b20_read_scratchpad
                0x08002b3c       0x60 ./Core/Src/lib/ds18b20_lib/ds18b20.o
                0x08002b3c                ds18b20_read_scratchpad
 .text.COMMAND_HANDLE
                0x08002b9c      0x1a0 ./Core/Src/lib/equipments/temperature_control.o
                0x08002b9c                COMMAND_HANDLE
 .text.VALVE_CONTROL_RUN
                0x08002d3c       0x64 ./Core/Src/lib/equipments/temperature_control.o
                0x08002d3c                VALVE_CONTROL_RUN
 .text.VALVE_MODE_FULL_CW
                0x08002da0       0x2c ./Core/Src/lib/equipments/valves.o
                0x08002da0                VALVE_MODE_FULL_CW
 .text.VALVE_CONTROL_CW_STEP
                0x08002dcc       0xa4 ./Core/Src/lib/equipments/valves.o
                0x08002dcc                VALVE_CONTROL_CW_STEP
 .text.VALVE_CONTROL_CCW_STEP
                0x08002e70       0xa4 ./Core/Src/lib/equipments/valves.o
                0x08002e70                VALVE_CONTROL_CCW_STEP
 .text.VALVE_CONTROL_APROX
                0x08002f14       0x5c ./Core/Src/lib/equipments/valves.o
                0x08002f14                VALVE_CONTROL_APROX
 .text.VALVE_CONTROL_HANDLE_INIT
                0x08002f70       0x68 ./Core/Src/lib/equipments/valves.o
                0x08002f70                VALVE_CONTROL_HANDLE_INIT
 .text.FLASH_HANDLE
                0x08002fd8       0x54 ./Core/Src/lib/equipments/valves.o
                0x08002fd8                FLASH_HANDLE
 .text.LCD_WR_REG
                0x0800302c       0x44 ./Core/Src/lib/screen/LCD/lcd.o
                0x0800302c                LCD_WR_REG
 .text.LCD_WR_DATA
                0x08003070       0x40 ./Core/Src/lib/screen/LCD/lcd.o
                0x08003070                LCD_WR_DATA
 .text.LCD_WriteReg
                0x080030b0       0x2a ./Core/Src/lib/screen/LCD/lcd.o
                0x080030b0                LCD_WriteReg
 *fill*         0x080030da        0x2 
 .text.LCD_WriteRAM_Prepare
                0x080030dc       0x18 ./Core/Src/lib/screen/LCD/lcd.o
                0x080030dc                LCD_WriteRAM_Prepare
 .text.Lcd_WriteData_16Bit
                0x080030f4       0x68 ./Core/Src/lib/screen/LCD/lcd.o
                0x080030f4                Lcd_WriteData_16Bit
 .text.LCD_DrawPoint
                0x0800315c       0x34 ./Core/Src/lib/screen/LCD/lcd.o
                0x0800315c                LCD_DrawPoint
 .text.LCD_Clear
                0x08003190       0x84 ./Core/Src/lib/screen/LCD/lcd.o
                0x08003190                LCD_Clear
 .text.LCD_RESET
                0x08003214       0x28 ./Core/Src/lib/screen/LCD/lcd.o
                0x08003214                LCD_RESET
 .text.LCD_Init
                0x0800323c      0x242 ./Core/Src/lib/screen/LCD/lcd.o
                0x0800323c                LCD_Init
 *fill*         0x0800347e        0x2 
 .text.LCD_SetWindows
                0x08003480       0xa8 ./Core/Src/lib/screen/LCD/lcd.o
                0x08003480                LCD_SetWindows
 .text.LCD_SetCursor
                0x08003528       0x24 ./Core/Src/lib/screen/LCD/lcd.o
                0x08003528                LCD_SetCursor
 .text.LCD_direction
                0x0800354c       0xa8 ./Core/Src/lib/screen/LCD/lcd.o
                0x0800354c                LCD_direction
 .text.LCD_Fill
                0x080035f4       0x98 ./Core/Src/lib/screen/USER/GUI.o
                0x080035f4                LCD_Fill
 .text.LCD_ShowChar
                0x0800368c      0x1b8 ./Core/Src/lib/screen/USER/GUI.o
                0x0800368c                LCD_ShowChar
 .text.Show_Str
                0x08003844      0x144 ./Core/Src/lib/screen/USER/GUI.o
                0x08003844                Show_Str
 .text.LCD_DrawPage1
                0x08003988      0x100 ./Core/Src/lib/screen/USER/GUI.o
                0x08003988                LCD_DrawPage1
 .text.LCD_DrawKeyPad
                0x08003a88      0x624 ./Core/Src/lib/screen/USER/GUI.o
                0x08003a88                LCD_DrawKeyPad
 .text.LCD_UpdateTemperature
                0x080040ac       0x42 ./Core/Src/lib/screen/USER/GUI.o
                0x080040ac                LCD_UpdateTemperature
 *fill*         0x080040ee        0x2 
 .text.LCD_UpdateTempSet
                0x080040f0       0x88 ./Core/Src/lib/screen/USER/GUI.o
                0x080040f0                LCD_UpdateTempSet
 .text.LCD_UpdateHotWater
                0x08004178       0x88 ./Core/Src/lib/screen/USER/GUI.o
                0x08004178                LCD_UpdateHotWater
 .text.LCD_STALL_FLAG
                0x08004200       0x88 ./Core/Src/lib/screen/USER/GUI.o
                0x08004200                LCD_STALL_FLAG
 .text.LCD_UpdateTerminalWater
                0x08004288       0x88 ./Core/Src/lib/screen/USER/GUI.o
                0x08004288                LCD_UpdateTerminalWater
 .text.LCD_UpdateOpening
                0x08004310       0x50 ./Core/Src/lib/screen/USER/GUI.o
                0x08004310                LCD_UpdateOpening
 .text.LCD_UpdateFlash
                0x08004360       0x50 ./Core/Src/lib/screen/USER/GUI.o
                0x08004360                LCD_UpdateFlash
 .text.LCD_UpdateTypedTemp
                0x080043b0       0x3c ./Core/Src/lib/screen/USER/GUI.o
                0x080043b0                LCD_UpdateTypedTemp
 .text.LCD_typeDebug
                0x080043ec       0x3c ./Core/Src/lib/screen/USER/GUI.o
                0x080043ec                LCD_typeDebug
 .text.SCAN_HANDLE
                0x08004428      0x130 ./Core/Src/lib/screen/USER/GUI.o
                0x08004428                SCAN_HANDLE
 .text.LCD_HANDLE_PAGE_1
                0x08004558       0xc0 ./Core/Src/lib/screen/USER/GUI.o
                0x08004558                LCD_HANDLE_PAGE_1
 .text.scan     0x08004618      0x2a8 ./Core/Src/lib/screen/screen.o
                0x08004618                scan
 .text.read_col
                0x080048c0       0x90 ./Core/Src/lib/screen/screen.o
                0x080048c0                read_col
 .text.read_row
                0x08004950       0xac ./Core/Src/lib/screen/screen.o
                0x08004950                read_row
 .text.get_button
                0x080049fc      0x1ac ./Core/Src/lib/screen/screen.o
                0x080049fc                get_button
 .text.print_hex_f_array
                0x08004ba8       0xe4 ./Core/Src/lib/serial_printing/serial_printing.o
                0x08004ba8                print_hex_f_array
 .text.TIMER_US_INIT
                0x08004c8c       0x50 ./Core/Src/lib/timer_us/timer_us.o
                0x08004c8c                TIMER_US_INIT
 .text.TIMER_US_DELAY
                0x08004cdc       0x4c ./Core/Src/lib/timer_us/timer_us.o
                0x08004cdc                TIMER_US_DELAY
 .text.Reset_Handler
                0x08004d28       0x50 ./Core/Startup/startup_stm32f411rctx.o
                0x08004d28                Reset_Handler
 .text.Default_Handler
                0x08004d78        0x2 ./Core/Startup/startup_stm32f411rctx.o
                0x08004d78                RTC_Alarm_IRQHandler
                0x08004d78                EXTI2_IRQHandler
                0x08004d78                SPI4_IRQHandler
                0x08004d78                TIM1_CC_IRQHandler
                0x08004d78                DMA2_Stream5_IRQHandler
                0x08004d78                DMA1_Stream5_IRQHandler
                0x08004d78                PVD_IRQHandler
                0x08004d78                SDIO_IRQHandler
                0x08004d78                TAMP_STAMP_IRQHandler
                0x08004d78                EXTI3_IRQHandler
                0x08004d78                I2C3_ER_IRQHandler
                0x08004d78                EXTI0_IRQHandler
                0x08004d78                I2C2_EV_IRQHandler
                0x08004d78                DMA1_Stream2_IRQHandler
                0x08004d78                FPU_IRQHandler
                0x08004d78                SPI1_IRQHandler
                0x08004d78                TIM1_BRK_TIM9_IRQHandler
                0x08004d78                DMA2_Stream3_IRQHandler
                0x08004d78                USART6_IRQHandler
                0x08004d78                DMA2_Stream0_IRQHandler
                0x08004d78                TIM4_IRQHandler
                0x08004d78                I2C1_EV_IRQHandler
                0x08004d78                DMA1_Stream6_IRQHandler
                0x08004d78                DMA1_Stream1_IRQHandler
                0x08004d78                RCC_IRQHandler
                0x08004d78                Default_Handler
                0x08004d78                EXTI15_10_IRQHandler
                0x08004d78                ADC_IRQHandler
                0x08004d78                DMA1_Stream7_IRQHandler
                0x08004d78                SPI5_IRQHandler
                0x08004d78                TIM5_IRQHandler
                0x08004d78                I2C3_EV_IRQHandler
                0x08004d78                RTC_WKUP_IRQHandler
                0x08004d78                SPI2_IRQHandler
                0x08004d78                DMA1_Stream0_IRQHandler
                0x08004d78                EXTI4_IRQHandler
                0x08004d78                WWDG_IRQHandler
                0x08004d78                OTG_FS_WKUP_IRQHandler
                0x08004d78                TIM1_TRG_COM_TIM11_IRQHandler
                0x08004d78                EXTI1_IRQHandler
                0x08004d78                USART2_IRQHandler
                0x08004d78                I2C2_ER_IRQHandler
                0x08004d78                DMA2_Stream1_IRQHandler
                0x08004d78                FLASH_IRQHandler
                0x08004d78                DMA2_Stream4_IRQHandler
                0x08004d78                OTG_FS_IRQHandler
                0x08004d78                SPI3_IRQHandler
                0x08004d78                DMA1_Stream4_IRQHandler
                0x08004d78                I2C1_ER_IRQHandler
                0x08004d78                DMA2_Stream6_IRQHandler
                0x08004d78                DMA1_Stream3_IRQHandler
 *fill*         0x08004d7a        0x2 
 .text.HAL_Init
                0x08004d7c       0x44 ./Drivers/STM32F4xx_HAL_Driver/Src/stm32f4xx_hal.o
                0x08004d7c                HAL_Init
 .text.HAL_IncTick
                0x08004dc0       0x28 ./Drivers/STM32F4xx_HAL_Driver/Src/stm32f4xx_hal.o
                0x08004dc0                HAL_IncTick
 .text.HAL_GetTick
                0x08004de8       0x18 ./Drivers/STM32F4xx_HAL_Driver/Src/stm32f4xx_hal.o
                0x08004de8                HAL_GetTick
 .text.HAL_Delay
                0x08004e00       0x48 ./Drivers/STM32F4xx_HAL_Driver/Src/stm32f4xx_hal.o
                0x08004e00                HAL_Delay
 .text.__NVIC_SetPriorityGrouping
                0x08004e48       0x48 ./Drivers/STM32F4xx_HAL_Driver/Src/stm32f4xx_hal_cortex.o
 .text.__NVIC_GetPriorityGrouping
                0x08004e90       0x1c ./Drivers/STM32F4xx_HAL_Driver/Src/stm32f4xx_hal_cortex.o
 .text.__NVIC_EnableIRQ
                0x08004eac       0x3c ./Drivers/STM32F4xx_HAL_Driver/Src/stm32f4xx_hal_cortex.o
 .text.__NVIC_SetPriority
                0x08004ee8       0x54 ./Drivers/STM32F4xx_HAL_Driver/Src/stm32f4xx_hal_cortex.o
 .text.NVIC_EncodePriority
                0x08004f3c       0x66 ./Drivers/STM32F4xx_HAL_Driver/Src/stm32f4xx_hal_cortex.o
 .text.HAL_NVIC_SetPriorityGrouping
                0x08004fa2       0x16 ./Drivers/STM32F4xx_HAL_Driver/Src/stm32f4xx_hal_cortex.o
                0x08004fa2                HAL_NVIC_SetPriorityGrouping
 .text.HAL_NVIC_SetPriority
                0x08004fb8       0x38 ./Drivers/STM32F4xx_HAL_Driver/Src/stm32f4xx_hal_cortex.o
                0x08004fb8                HAL_NVIC_SetPriority
 .text.HAL_NVIC_EnableIRQ
                0x08004ff0       0x1c ./Drivers/STM32F4xx_HAL_Driver/Src/stm32f4xx_hal_cortex.o
                0x08004ff0                HAL_NVIC_EnableIRQ
 .text.HAL_DMA_Init
                0x0800500c      0x15c ./Drivers/STM32F4xx_HAL_Driver/Src/stm32f4xx_hal_dma.o
                0x0800500c                HAL_DMA_Init
 .text.HAL_DMA_Start_IT
                0x08005168       0xb0 ./Drivers/STM32F4xx_HAL_Driver/Src/stm32f4xx_hal_dma.o
                0x08005168                HAL_DMA_Start_IT
 .text.HAL_DMA_Abort
                0x08005218       0xe0 ./Drivers/STM32F4xx_HAL_Driver/Src/stm32f4xx_hal_dma.o
                0x08005218                HAL_DMA_Abort
 .text.HAL_DMA_Abort_IT
                0x080052f8       0x44 ./Drivers/STM32F4xx_HAL_Driver/Src/stm32f4xx_hal_dma.o
                0x080052f8                HAL_DMA_Abort_IT
 .text.HAL_DMA_IRQHandler
                0x0800533c      0x314 ./Drivers/STM32F4xx_HAL_Driver/Src/stm32f4xx_hal_dma.o
                0x0800533c                HAL_DMA_IRQHandler
 .text.DMA_SetConfig
                0x08005650       0x5c ./Drivers/STM32F4xx_HAL_Driver/Src/stm32f4xx_hal_dma.o
 .text.DMA_CalcBaseAndBitshift
                0x080056ac       0x6c ./Drivers/STM32F4xx_HAL_Driver/Src/stm32f4xx_hal_dma.o
 .text.DMA_CheckFifoParam
                0x08005718       0xf8 ./Drivers/STM32F4xx_HAL_Driver/Src/stm32f4xx_hal_dma.o
 .text.HAL_FLASH_Program_IT
                0x08005810       0x88 ./Drivers/STM32F4xx_HAL_Driver/Src/stm32f4xx_hal_flash.o
                0x08005810                HAL_FLASH_Program_IT
 .text.HAL_FLASH_Unlock
                0x08005898       0x44 ./Drivers/STM32F4xx_HAL_Driver/Src/stm32f4xx_hal_flash.o
                0x08005898                HAL_FLASH_Unlock
 .text.HAL_FLASH_Lock
                0x080058dc       0x20 ./Drivers/STM32F4xx_HAL_Driver/Src/stm32f4xx_hal_flash.o
                0x080058dc                HAL_FLASH_Lock
 .text.FLASH_Program_DoubleWord
                0x080058fc       0x64 ./Drivers/STM32F4xx_HAL_Driver/Src/stm32f4xx_hal_flash.o
 .text.FLASH_Program_Word
                0x08005960       0x44 ./Drivers/STM32F4xx_HAL_Driver/Src/stm32f4xx_hal_flash.o
 .text.FLASH_Program_HalfWord
                0x080059a4       0x48 ./Drivers/STM32F4xx_HAL_Driver/Src/stm32f4xx_hal_flash.o
 .text.FLASH_Program_Byte
                0x080059ec       0x44 ./Drivers/STM32F4xx_HAL_Driver/Src/stm32f4xx_hal_flash.o
 .text.HAL_FLASHEx_Erase_IT
                0x08005a30       0x98 ./Drivers/STM32F4xx_HAL_Driver/Src/stm32f4xx_hal_flash_ex.o
                0x08005a30                HAL_FLASHEx_Erase_IT
 .text.FLASH_MassErase
                0x08005ac8       0x48 ./Drivers/STM32F4xx_HAL_Driver/Src/stm32f4xx_hal_flash_ex.o
 .text.FLASH_Erase_Sector
                0x08005b10       0x90 ./Drivers/STM32F4xx_HAL_Driver/Src/stm32f4xx_hal_flash_ex.o
                0x08005b10                FLASH_Erase_Sector
 .text.HAL_GPIO_Init
                0x08005ba0      0x308 ./Drivers/STM32F4xx_HAL_Driver/Src/stm32f4xx_hal_gpio.o
                0x08005ba0                HAL_GPIO_Init
 .text.HAL_GPIO_ReadPin
                0x08005ea8       0x30 ./Drivers/STM32F4xx_HAL_Driver/Src/stm32f4xx_hal_gpio.o
                0x08005ea8                HAL_GPIO_ReadPin
 .text.HAL_GPIO_WritePin
                0x08005ed8       0x32 ./Drivers/STM32F4xx_HAL_Driver/Src/stm32f4xx_hal_gpio.o
                0x08005ed8                HAL_GPIO_WritePin
 *fill*         0x08005f0a        0x2 
 .text.HAL_GPIO_EXTI_IRQHandler
                0x08005f0c       0x30 ./Drivers/STM32F4xx_HAL_Driver/Src/stm32f4xx_hal_gpio.o
                0x08005f0c                HAL_GPIO_EXTI_IRQHandler
 .text.HAL_GPIO_EXTI_Callback
                0x08005f3c       0x16 ./Drivers/STM32F4xx_HAL_Driver/Src/stm32f4xx_hal_gpio.o
                0x08005f3c                HAL_GPIO_EXTI_Callback
 *fill*         0x08005f52        0x2 
 .text.HAL_RCC_OscConfig
                0x08005f54      0x4f0 ./Drivers/STM32F4xx_HAL_Driver/Src/stm32f4xx_hal_rcc.o
                0x08005f54                HAL_RCC_OscConfig
 .text.HAL_RCC_ClockConfig
                0x08006444      0x1cc ./Drivers/STM32F4xx_HAL_Driver/Src/stm32f4xx_hal_rcc.o
                0x08006444                HAL_RCC_ClockConfig
 .text.HAL_RCC_GetSysClockFreq
                0x08006610      0x18c ./Drivers/STM32F4xx_HAL_Driver/Src/stm32f4xx_hal_rcc.o
                0x08006610                HAL_RCC_GetSysClockFreq
 .text.HAL_RCC_GetHCLKFreq
                0x0800679c       0x18 ./Drivers/STM32F4xx_HAL_Driver/Src/stm32f4xx_hal_rcc.o
                0x0800679c                HAL_RCC_GetHCLKFreq
 .text.HAL_RCC_GetPCLK1Freq
                0x080067b4       0x28 ./Drivers/STM32F4xx_HAL_Driver/Src/stm32f4xx_hal_rcc.o
                0x080067b4                HAL_RCC_GetPCLK1Freq
 .text.HAL_RCC_GetPCLK2Freq
                0x080067dc       0x28 ./Drivers/STM32F4xx_HAL_Driver/Src/stm32f4xx_hal_rcc.o
                0x080067dc                HAL_RCC_GetPCLK2Freq
 .text.HAL_RCC_GetClockConfig
                0x08006804       0x64 ./Drivers/STM32F4xx_HAL_Driver/Src/stm32f4xx_hal_rcc.o
                0x08006804                HAL_RCC_GetClockConfig
 .text.HAL_SPI_Init
                0x08006868      0x112 ./Drivers/STM32F4xx_HAL_Driver/Src/stm32f4xx_hal_spi.o
                0x08006868                HAL_SPI_Init
 .text.HAL_SPI_Transmit
                0x0800697a      0x288 ./Drivers/STM32F4xx_HAL_Driver/Src/stm32f4xx_hal_spi.o
                0x0800697a                HAL_SPI_Transmit
 .text.HAL_SPI_Receive
                0x08006c02      0x232 ./Drivers/STM32F4xx_HAL_Driver/Src/stm32f4xx_hal_spi.o
                0x08006c02                HAL_SPI_Receive
 .text.HAL_SPI_TransmitReceive
                0x08006e34      0x352 ./Drivers/STM32F4xx_HAL_Driver/Src/stm32f4xx_hal_spi.o
                0x08006e34                HAL_SPI_TransmitReceive
 *fill*         0x08007186        0x2 
 .text.SPI_WaitFlagStateUntilTimeout
                0x08007188      0x110 ./Drivers/STM32F4xx_HAL_Driver/Src/stm32f4xx_hal_spi.o
 .text.SPI_EndRxTransaction
                0x08007298       0xca ./Drivers/STM32F4xx_HAL_Driver/Src/stm32f4xx_hal_spi.o
 *fill*         0x08007362        0x2 
 .text.SPI_EndRxTxTransaction
                0x08007364       0xa8 ./Drivers/STM32F4xx_HAL_Driver/Src/stm32f4xx_hal_spi.o
 .text.HAL_TIM_Base_Init
                0x0800740c       0x9e ./Drivers/STM32F4xx_HAL_Driver/Src/stm32f4xx_hal_tim.o
                0x0800740c                HAL_TIM_Base_Init
 *fill*         0x080074aa        0x2 
 .text.HAL_TIM_Base_Start
                0x080074ac       0xb4 ./Drivers/STM32F4xx_HAL_Driver/Src/stm32f4xx_hal_tim.o
                0x080074ac                HAL_TIM_Base_Start
 .text.HAL_TIM_Base_Stop
                0x08007560       0x4e ./Drivers/STM32F4xx_HAL_Driver/Src/stm32f4xx_hal_tim.o
                0x08007560                HAL_TIM_Base_Stop
 *fill*         0x080075ae        0x2 
 .text.HAL_TIM_Base_Start_IT
                0x080075b0       0xc4 ./Drivers/STM32F4xx_HAL_Driver/Src/stm32f4xx_hal_tim.o
                0x080075b0                HAL_TIM_Base_Start_IT
 .text.HAL_TIM_Base_Stop_IT
                0x08007674       0x5e ./Drivers/STM32F4xx_HAL_Driver/Src/stm32f4xx_hal_tim.o
                0x08007674                HAL_TIM_Base_Stop_IT
 .text.HAL_TIM_IRQHandler
                0x080076d2      0x1e0 ./Drivers/STM32F4xx_HAL_Driver/Src/stm32f4xx_hal_tim.o
                0x080076d2                HAL_TIM_IRQHandler
 .text.HAL_TIM_ConfigClockSource
                0x080078b2      0x18e ./Drivers/STM32F4xx_HAL_Driver/Src/stm32f4xx_hal_tim.o
                0x080078b2                HAL_TIM_ConfigClockSource
 .text.HAL_TIM_OC_DelayElapsedCallback
                0x08007a40       0x14 ./Drivers/STM32F4xx_HAL_Driver/Src/stm32f4xx_hal_tim.o
                0x08007a40                HAL_TIM_OC_DelayElapsedCallback
 .text.HAL_TIM_IC_CaptureCallback
                0x08007a54       0x14 ./Drivers/STM32F4xx_HAL_Driver/Src/stm32f4xx_hal_tim.o
                0x08007a54                HAL_TIM_IC_CaptureCallback
 .text.HAL_TIM_PWM_PulseFinishedCallback
                0x08007a68       0x14 ./Drivers/STM32F4xx_HAL_Driver/Src/stm32f4xx_hal_tim.o
                0x08007a68                HAL_TIM_PWM_PulseFinishedCallback
 .text.HAL_TIM_TriggerCallback
                0x08007a7c       0x14 ./Drivers/STM32F4xx_HAL_Driver/Src/stm32f4xx_hal_tim.o
                0x08007a7c                HAL_TIM_TriggerCallback
 .text.TIM_Base_SetConfig
                0x08007a90      0x118 ./Drivers/STM32F4xx_HAL_Driver/Src/stm32f4xx_hal_tim.o
                0x08007a90                TIM_Base_SetConfig
 .text.TIM_TI1_ConfigInputStage
                0x08007ba8       0x5e ./Drivers/STM32F4xx_HAL_Driver/Src/stm32f4xx_hal_tim.o
 .text.TIM_TI2_ConfigInputStage
                0x08007c06       0x60 ./Drivers/STM32F4xx_HAL_Driver/Src/stm32f4xx_hal_tim.o
 .text.TIM_ITRx_SetConfig
                0x08007c66       0x36 ./Drivers/STM32F4xx_HAL_Driver/Src/stm32f4xx_hal_tim.o
 .text.TIM_ETR_SetConfig
                0x08007c9c       0x40 ./Drivers/STM32F4xx_HAL_Driver/Src/stm32f4xx_hal_tim.o
                0x08007c9c                TIM_ETR_SetConfig
 .text.HAL_TIMEx_MasterConfigSynchronization
                0x08007cdc       0xdc ./Drivers/STM32F4xx_HAL_Driver/Src/stm32f4xx_hal_tim_ex.o
                0x08007cdc                HAL_TIMEx_MasterConfigSynchronization
 .text.HAL_TIMEx_CommutCallback
                0x08007db8       0x14 ./Drivers/STM32F4xx_HAL_Driver/Src/stm32f4xx_hal_tim_ex.o
                0x08007db8                HAL_TIMEx_CommutCallback
 .text.HAL_TIMEx_BreakCallback
                0x08007dcc       0x14 ./Drivers/STM32F4xx_HAL_Driver/Src/stm32f4xx_hal_tim_ex.o
                0x08007dcc                HAL_TIMEx_BreakCallback
 .text.HAL_UART_Init
                0x08007de0       0xa0 ./Drivers/STM32F4xx_HAL_Driver/Src/stm32f4xx_hal_uart.o
                0x08007de0                HAL_UART_Init
 .text.HAL_UART_Transmit
                0x08007e80      0x116 ./Drivers/STM32F4xx_HAL_Driver/Src/stm32f4xx_hal_uart.o
                0x08007e80                HAL_UART_Transmit
 .text.HAL_UART_Receive_IT
                0x08007f96       0x4a ./Drivers/STM32F4xx_HAL_Driver/Src/stm32f4xx_hal_uart.o
                0x08007f96                HAL_UART_Receive_IT
 .text.HAL_UART_DMAStop
                0x08007fe0       0xfe ./Drivers/STM32F4xx_HAL_Driver/Src/stm32f4xx_hal_uart.o
                0x08007fe0                HAL_UART_DMAStop
 .text.HAL_UARTEx_ReceiveToIdle_DMA
                0x080080de       0xba ./Drivers/STM32F4xx_HAL_Driver/Src/stm32f4xx_hal_uart.o
                0x080080de                HAL_UARTEx_ReceiveToIdle_DMA
 .text.HAL_UART_IRQHandler
                0x08008198      0x524 ./Drivers/STM32F4xx_HAL_Driver/Src/stm32f4xx_hal_uart.o
                0x08008198                HAL_UART_IRQHandler
 .text.HAL_UART_TxCpltCallback
                0x080086bc       0x14 ./Drivers/STM32F4xx_HAL_Driver/Src/stm32f4xx_hal_uart.o
                0x080086bc                HAL_UART_TxCpltCallback
 .text.HAL_UART_RxCpltCallback
                0x080086d0       0x14 ./Drivers/STM32F4xx_HAL_Driver/Src/stm32f4xx_hal_uart.o
                0x080086d0                HAL_UART_RxCpltCallback
 .text.HAL_UART_RxHalfCpltCallback
                0x080086e4       0x14 ./Drivers/STM32F4xx_HAL_Driver/Src/stm32f4xx_hal_uart.o
                0x080086e4                HAL_UART_RxHalfCpltCallback
 .text.HAL_UART_ErrorCallback
                0x080086f8       0x14 ./Drivers/STM32F4xx_HAL_Driver/Src/stm32f4xx_hal_uart.o
                0x080086f8                HAL_UART_ErrorCallback
 .text.UART_DMAReceiveCplt
                0x0800870c      0x12c ./Drivers/STM32F4xx_HAL_Driver/Src/stm32f4xx_hal_uart.o
 .text.UART_DMARxHalfCplt
                0x08008838       0x3c ./Drivers/STM32F4xx_HAL_Driver/Src/stm32f4xx_hal_uart.o
 .text.UART_DMAError
                0x08008874       0x94 ./Drivers/STM32F4xx_HAL_Driver/Src/stm32f4xx_hal_uart.o
 .text.UART_WaitOnFlagUntilTimeout
                0x08008908       0xb2 ./Drivers/STM32F4xx_HAL_Driver/Src/stm32f4xx_hal_uart.o
 .text.UART_Start_Receive_IT
                0x080089ba       0x74 ./Drivers/STM32F4xx_HAL_Driver/Src/stm32f4xx_hal_uart.o
                0x080089ba                UART_Start_Receive_IT
 *fill*         0x08008a2e        0x2 
 .text.UART_Start_Receive_DMA
                0x08008a30      0x134 ./Drivers/STM32F4xx_HAL_Driver/Src/stm32f4xx_hal_uart.o
                0x08008a30                UART_Start_Receive_DMA
 .text.UART_EndTxTransfer
                0x08008b64       0x50 ./Drivers/STM32F4xx_HAL_Driver/Src/stm32f4xx_hal_uart.o
 .text.UART_EndRxTransfer
                0x08008bb4       0xc6 ./Drivers/STM32F4xx_HAL_Driver/Src/stm32f4xx_hal_uart.o
 .text.UART_DMAAbortOnError
                0x08008c7a       0x28 ./Drivers/STM32F4xx_HAL_Driver/Src/stm32f4xx_hal_uart.o
 .text.UART_Transmit_IT
                0x08008ca2       0xa0 ./Drivers/STM32F4xx_HAL_Driver/Src/stm32f4xx_hal_uart.o
 .text.UART_EndTransmit_IT
                0x08008d42       0x30 ./Drivers/STM32F4xx_HAL_Driver/Src/stm32f4xx_hal_uart.o
 .text.UART_Receive_IT
                0x08008d72      0x17c ./Drivers/STM32F4xx_HAL_Driver/Src/stm32f4xx_hal_uart.o
 *fill*         0x08008eee        0x2 
 .text.UART_SetConfig
                0x08008ef0      0x4e8 ./Drivers/STM32F4xx_HAL_Driver/Src/stm32f4xx_hal_uart.o
 .text.__NVIC_SetPriority
                0x080093d8       0x54 ./Middlewares/Third_Party/FreeRTOS/Source/CMSIS_RTOS_V2/cmsis_os2.o
 .text.SysTick_Handler
                0x0800942c       0x20 ./Middlewares/Third_Party/FreeRTOS/Source/CMSIS_RTOS_V2/cmsis_os2.o
                0x0800942c                SysTick_Handler
 .text.SVC_Setup
                0x0800944c       0x12 ./Middlewares/Third_Party/FreeRTOS/Source/CMSIS_RTOS_V2/cmsis_os2.o
 *fill*         0x0800945e        0x2 
 .text.osKernelInitialize
                0x08009460       0x48 ./Middlewares/Third_Party/FreeRTOS/Source/CMSIS_RTOS_V2/cmsis_os2.o
                0x08009460                osKernelInitialize
 .text.osKernelStart
                0x080094a8       0x4c ./Middlewares/Third_Party/FreeRTOS/Source/CMSIS_RTOS_V2/cmsis_os2.o
                0x080094a8                osKernelStart
 .text.osThreadNew
                0x080094f4      0x124 ./Middlewares/Third_Party/FreeRTOS/Source/CMSIS_RTOS_V2/cmsis_os2.o
                0x080094f4                osThreadNew
 .text.osDelay  0x08009618       0x36 ./Middlewares/Third_Party/FreeRTOS/Source/CMSIS_RTOS_V2/cmsis_os2.o
                0x08009618                osDelay
 .text.osMutexNew
                0x0800964e      0x10c ./Middlewares/Third_Party/FreeRTOS/Source/CMSIS_RTOS_V2/cmsis_os2.o
                0x0800964e                osMutexNew
 *fill*         0x0800975a        0x2 
 .text.vApplicationGetIdleTaskMemory
                0x0800975c       0x34 ./Middlewares/Third_Party/FreeRTOS/Source/CMSIS_RTOS_V2/cmsis_os2.o
                0x0800975c                vApplicationGetIdleTaskMemory
 .text.vApplicationGetTimerTaskMemory
                0x08009790       0x34 ./Middlewares/Third_Party/FreeRTOS/Source/CMSIS_RTOS_V2/cmsis_os2.o
                0x08009790                vApplicationGetTimerTaskMemory
 .text.vListInitialise
                0x080097c4       0x40 ./Middlewares/Third_Party/FreeRTOS/Source/list.o
                0x080097c4                vListInitialise
 .text.vListInitialiseItem
                0x08009804       0x1a ./Middlewares/Third_Party/FreeRTOS/Source/list.o
                0x08009804                vListInitialiseItem
 .text.vListInsertEnd
                0x0800981e       0x48 ./Middlewares/Third_Party/FreeRTOS/Source/list.o
                0x0800981e                vListInsertEnd
 .text.vListInsert
                0x08009866       0x72 ./Middlewares/Third_Party/FreeRTOS/Source/list.o
                0x08009866                vListInsert
 .text.uxListRemove
                0x080098d8       0x54 ./Middlewares/Third_Party/FreeRTOS/Source/list.o
                0x080098d8                uxListRemove
 .text.xQueueGenericReset
                0x0800992c       0xd4 ./Middlewares/Third_Party/FreeRTOS/Source/queue.o
                0x0800992c                xQueueGenericReset
 .text.xQueueGenericCreateStatic
                0x08009a00       0xfa ./Middlewares/Third_Party/FreeRTOS/Source/queue.o
                0x08009a00                xQueueGenericCreateStatic
 .text.xQueueGenericCreate
                0x08009afa       0x76 ./Middlewares/Third_Party/FreeRTOS/Source/queue.o
                0x08009afa                xQueueGenericCreate
 .text.prvInitialiseNewQueue
                0x08009b70       0x46 ./Middlewares/Third_Party/FreeRTOS/Source/queue.o
 .text.prvInitialiseMutex
                0x08009bb6       0x34 ./Middlewares/Third_Party/FreeRTOS/Source/queue.o
 .text.xQueueCreateMutex
                0x08009bea       0x30 ./Middlewares/Third_Party/FreeRTOS/Source/queue.o
                0x08009bea                xQueueCreateMutex
 .text.xQueueCreateMutexStatic
                0x08009c1a       0x36 ./Middlewares/Third_Party/FreeRTOS/Source/queue.o
                0x08009c1a                xQueueCreateMutexStatic
 .text.xQueueGenericSend
                0x08009c50      0x204 ./Middlewares/Third_Party/FreeRTOS/Source/queue.o
                0x08009c50                xQueueGenericSend
 .text.xQueueGenericSendFromISR
                0x08009e54      0x13c ./Middlewares/Third_Party/FreeRTOS/Source/queue.o
                0x08009e54                xQueueGenericSendFromISR
 .text.xQueueReceive
                0x08009f90      0x1c4 ./Middlewares/Third_Party/FreeRTOS/Source/queue.o
                0x08009f90                xQueueReceive
 .text.prvCopyDataToQueue
                0x0800a154       0xd4 ./Middlewares/Third_Party/FreeRTOS/Source/queue.o
 .text.prvCopyDataFromQueue
                0x0800a228       0x4c ./Middlewares/Third_Party/FreeRTOS/Source/queue.o
 .text.prvUnlockQueue
                0x0800a274       0xa4 ./Middlewares/Third_Party/FreeRTOS/Source/queue.o
 .text.prvIsQueueEmpty
                0x0800a318       0x2c ./Middlewares/Third_Party/FreeRTOS/Source/queue.o
 .text.prvIsQueueFull
                0x0800a344       0x30 ./Middlewares/Third_Party/FreeRTOS/Source/queue.o
 .text.vQueueAddToRegistry
                0x0800a374       0x54 ./Middlewares/Third_Party/FreeRTOS/Source/queue.o
                0x0800a374                vQueueAddToRegistry
 .text.vQueueWaitForMessageRestricted
                0x0800a3c8       0x68 ./Middlewares/Third_Party/FreeRTOS/Source/queue.o
                0x0800a3c8                vQueueWaitForMessageRestricted
 .text.xTaskCreateStatic
                0x0800a430       0xc0 ./Middlewares/Third_Party/FreeRTOS/Source/tasks.o
                0x0800a430                xTaskCreateStatic
 .text.xTaskCreate
                0x0800a4f0       0x8a ./Middlewares/Third_Party/FreeRTOS/Source/tasks.o
                0x0800a4f0                xTaskCreate
 *fill*         0x0800a57a        0x2 
 .text.prvInitialiseNewTask
                0x0800a57c      0x150 ./Middlewares/Third_Party/FreeRTOS/Source/tasks.o
 .text.prvAddNewTaskToReadyList
                0x0800a6cc       0xe0 ./Middlewares/Third_Party/FreeRTOS/Source/tasks.o
 .text.vTaskDelay
                0x0800a7ac       0x6c ./Middlewares/Third_Party/FreeRTOS/Source/tasks.o
                0x0800a7ac                vTaskDelay
 .text.vTaskStartScheduler
                0x0800a818       0xe0 ./Middlewares/Third_Party/FreeRTOS/Source/tasks.o
                0x0800a818                vTaskStartScheduler
 .text.vTaskSuspendAll
                0x0800a8f8       0x1c ./Middlewares/Third_Party/FreeRTOS/Source/tasks.o
                0x0800a8f8                vTaskSuspendAll
 .text.xTaskResumeAll
                0x0800a914      0x13c ./Middlewares/Third_Party/FreeRTOS/Source/tasks.o
                0x0800a914                xTaskResumeAll
 .text.xTaskGetTickCount
                0x0800aa50       0x20 ./Middlewares/Third_Party/FreeRTOS/Source/tasks.o
                0x0800aa50                xTaskGetTickCount
 .text.xTaskIncrementTick
                0x0800aa70      0x174 ./Middlewares/Third_Party/FreeRTOS/Source/tasks.o
                0x0800aa70                xTaskIncrementTick
 .text.vTaskSwitchContext
                0x0800abe4       0xcc ./Middlewares/Third_Party/FreeRTOS/Source/tasks.o
                0x0800abe4                vTaskSwitchContext
 .text.vTaskPlaceOnEventList
                0x0800acb0       0x4c ./Middlewares/Third_Party/FreeRTOS/Source/tasks.o
                0x0800acb0                vTaskPlaceOnEventList
 .text.vTaskPlaceOnEventListRestricted
                0x0800acfc       0x58 ./Middlewares/Third_Party/FreeRTOS/Source/tasks.o
                0x0800acfc                vTaskPlaceOnEventListRestricted
 .text.xTaskRemoveFromEventList
                0x0800ad54       0xc8 ./Middlewares/Third_Party/FreeRTOS/Source/tasks.o
                0x0800ad54                xTaskRemoveFromEventList
 .text.vTaskInternalSetTimeOutState
                0x0800ae1c       0x2c ./Middlewares/Third_Party/FreeRTOS/Source/tasks.o
                0x0800ae1c                vTaskInternalSetTimeOutState
 .text.xTaskCheckForTimeOut
                0x0800ae48       0xc8 ./Middlewares/Third_Party/FreeRTOS/Source/tasks.o
                0x0800ae48                xTaskCheckForTimeOut
 .text.vTaskMissedYield
                0x0800af10       0x18 ./Middlewares/Third_Party/FreeRTOS/Source/tasks.o
                0x0800af10                vTaskMissedYield
 .text.prvIdleTask
                0x0800af28       0x30 ./Middlewares/Third_Party/FreeRTOS/Source/tasks.o
 .text.prvInitialiseTaskLists
                0x0800af58       0x80 ./Middlewares/Third_Party/FreeRTOS/Source/tasks.o
 .text.prvCheckTasksWaitingTermination
                0x0800afd8       0x5c ./Middlewares/Third_Party/FreeRTOS/Source/tasks.o
 .text.prvDeleteTCB
                0x0800b034       0x6a ./Middlewares/Third_Party/FreeRTOS/Source/tasks.o
 *fill*         0x0800b09e        0x2 
 .text.prvResetNextTaskUnblockTime
                0x0800b0a0       0x40 ./Middlewares/Third_Party/FreeRTOS/Source/tasks.o
 .text.xTaskGetSchedulerState
                0x0800b0e0       0x3c ./Middlewares/Third_Party/FreeRTOS/Source/tasks.o
                0x0800b0e0                xTaskGetSchedulerState
 .text.xTaskPriorityDisinherit
                0x0800b11c       0xe0 ./Middlewares/Third_Party/FreeRTOS/Source/tasks.o
                0x0800b11c                xTaskPriorityDisinherit
 .text.prvAddCurrentTaskToDelayedList
                0x0800b1fc       0xa8 ./Middlewares/Third_Party/FreeRTOS/Source/tasks.o
 .text.xTimerCreateTimerTask
                0x0800b2a4       0x94 ./Middlewares/Third_Party/FreeRTOS/Source/timers.o
                0x0800b2a4                xTimerCreateTimerTask
 .text.xTimerGenericCommand
                0x0800b338       0x9c ./Middlewares/Third_Party/FreeRTOS/Source/timers.o
                0x0800b338                xTimerGenericCommand
 .text.prvProcessExpiredTimer
                0x0800b3d4       0x9c ./Middlewares/Third_Party/FreeRTOS/Source/timers.o
 .text.prvTimerTask
                0x0800b470       0x26 ./Middlewares/Third_Party/FreeRTOS/Source/timers.o
 *fill*         0x0800b496        0x2 
 .text.prvProcessTimerOrBlockTask
                0x0800b498       0x9c ./Middlewares/Third_Party/FreeRTOS/Source/timers.o
 .text.prvGetNextExpireTime
                0x0800b534       0x48 ./Middlewares/Third_Party/FreeRTOS/Source/timers.o
 .text.prvSampleTimeNow
                0x0800b57c       0x40 ./Middlewares/Third_Party/FreeRTOS/Source/timers.o
 .text.prvInsertTimerInActiveList
                0x0800b5bc       0x84 ./Middlewares/Third_Party/FreeRTOS/Source/timers.o
 .text.prvProcessReceivedCommands
                0x0800b640      0x1cc ./Middlewares/Third_Party/FreeRTOS/Source/timers.o
 .text.prvSwitchTimerLists
                0x0800b80c       0xcc ./Middlewares/Third_Party/FreeRTOS/Source/timers.o
 .text.prvCheckForValidListAndQueue
                0x0800b8d8       0x80 ./Middlewares/Third_Party/FreeRTOS/Source/timers.o
 .text.pxPortInitialiseStack
                0x0800b958       0x68 ./Middlewares/Third_Party/FreeRTOS/Source/portable/GCC/ARM_CM4F/port.o
                0x0800b958                pxPortInitialiseStack
 .text.prvTaskExitError
                0x0800b9c0       0x5c ./Middlewares/Third_Party/FreeRTOS/Source/portable/GCC/ARM_CM4F/port.o
 *fill*         0x0800ba1c        0x4 
 .text.SVC_Handler
                0x0800ba20       0x28 ./Middlewares/Third_Party/FreeRTOS/Source/portable/GCC/ARM_CM4F/port.o
                0x0800ba20                SVC_Handler
 .text.prvPortStartFirstTask
                0x0800ba48       0x28 ./Middlewares/Third_Party/FreeRTOS/Source/portable/GCC/ARM_CM4F/port.o
 .text.xPortStartScheduler
                0x0800ba70      0x148 ./Middlewares/Third_Party/FreeRTOS/Source/portable/GCC/ARM_CM4F/port.o
                0x0800ba70                xPortStartScheduler
 .text.vPortEnterCritical
                0x0800bbb8       0x64 ./Middlewares/Third_Party/FreeRTOS/Source/portable/GCC/ARM_CM4F/port.o
                0x0800bbb8                vPortEnterCritical
 .text.vPortExitCritical
                0x0800bc1c       0x54 ./Middlewares/Third_Party/FreeRTOS/Source/portable/GCC/ARM_CM4F/port.o
                0x0800bc1c                vPortExitCritical
 .text.PendSV_Handler
                0x0800bc70       0x68 ./Middlewares/Third_Party/FreeRTOS/Source/portable/GCC/ARM_CM4F/port.o
                0x0800bc70                PendSV_Handler
 .text.xPortSysTickHandler
                0x0800bcd8       0x44 ./Middlewares/Third_Party/FreeRTOS/Source/portable/GCC/ARM_CM4F/port.o
                0x0800bcd8                xPortSysTickHandler
 .text.vPortSetupTimerInterrupt
                0x0800bd1c       0x48 ./Middlewares/Third_Party/FreeRTOS/Source/portable/GCC/ARM_CM4F/port.o
                0x0800bd1c                vPortSetupTimerInterrupt
 .text.vPortEnableVFP
                0x0800bd64       0x14 ./Middlewares/Third_Party/FreeRTOS/Source/portable/GCC/ARM_CM4F/port.o
 .text.vPortValidateInterruptPriority
                0x0800bd78       0x84 ./Middlewares/Third_Party/FreeRTOS/Source/portable/GCC/ARM_CM4F/port.o
                0x0800bd78                vPortValidateInterruptPriority
 .text.pvPortMalloc
                0x0800bdfc      0x19c ./Middlewares/Third_Party/FreeRTOS/Source/portable/MemMang/heap_4.o
                0x0800bdfc                pvPortMalloc
 .text.vPortFree
                0x0800bf98       0xc8 ./Middlewares/Third_Party/FreeRTOS/Source/portable/MemMang/heap_4.o
                0x0800bf98                vPortFree
 .text.prvHeapInit
                0x0800c060       0xc4 ./Middlewares/Third_Party/FreeRTOS/Source/portable/MemMang/heap_4.o
 .text.prvInsertBlockIntoFreeList
                0x0800c124       0xb4 ./Middlewares/Third_Party/FreeRTOS/Source/portable/MemMang/heap_4.o
 .text.atoi     0x0800c1d8        0x8 C:/ST/STM32CubeIDE_1.17.0/STM32CubeIDE/plugins/com.st.stm32cube.ide.mcu.externaltools.gnu-tools-for-stm32.12.3.rel1.win32_1.1.0.202410251130/tools/bin/../lib/gcc/arm-none-eabi/12.3.1/../../../../arm-none-eabi/lib/thumb/v7e-m+fp/hard\libc_nano.a(libc_a-atoi.o)
                0x0800c1d8                atoi
 .text._strtol_l.constprop.0
                0x0800c1e0       0xf4 C:/ST/STM32CubeIDE_1.17.0/STM32CubeIDE/plugins/com.st.stm32cube.ide.mcu.externaltools.gnu-tools-for-stm32.12.3.rel1.win32_1.1.0.202410251130/tools/bin/../lib/gcc/arm-none-eabi/12.3.1/../../../../arm-none-eabi/lib/thumb/v7e-m+fp/hard\libc_nano.a(libc_a-strtol.o)
 .text.strtol   0x0800c2d4       0x14 C:/ST/STM32CubeIDE_1.17.0/STM32CubeIDE/plugins/com.st.stm32cube.ide.mcu.externaltools.gnu-tools-for-stm32.12.3.rel1.win32_1.1.0.202410251130/tools/bin/../lib/gcc/arm-none-eabi/12.3.1/../../../../arm-none-eabi/lib/thumb/v7e-m+fp/hard\libc_nano.a(libc_a-strtol.o)
                0x0800c2d4                strtol
 .text.sprintf  0x0800c2e8       0x40 C:/ST/STM32CubeIDE_1.17.0/STM32CubeIDE/plugins/com.st.stm32cube.ide.mcu.externaltools.gnu-tools-for-stm32.12.3.rel1.win32_1.1.0.202410251130/tools/bin/../lib/gcc/arm-none-eabi/12.3.1/../../../../arm-none-eabi/lib/thumb/v7e-m+fp/hard\libc_nano.a(libc_a-sprintf.o)
                0x0800c2e8                siprintf
                0x0800c2e8                sprintf
 .text.memset   0x0800c328       0x10 C:/ST/STM32CubeIDE_1.17.0/STM32CubeIDE/plugins/com.st.stm32cube.ide.mcu.externaltools.gnu-tools-for-stm32.12.3.rel1.win32_1.1.0.202410251130/tools/bin/../lib/gcc/arm-none-eabi/12.3.1/../../../../arm-none-eabi/lib/thumb/v7e-m+fp/hard\libc_nano.a(libc_a-memset.o)
                0x0800c328                memset
 .text._reclaim_reent
                0x0800c338       0xac C:/ST/STM32CubeIDE_1.17.0/STM32CubeIDE/plugins/com.st.stm32cube.ide.mcu.externaltools.gnu-tools-for-stm32.12.3.rel1.win32_1.1.0.202410251130/tools/bin/../lib/gcc/arm-none-eabi/12.3.1/../../../../arm-none-eabi/lib/thumb/v7e-m+fp/hard\libc_nano.a(libc_a-reent.o)
                0x0800c338                _reclaim_reent
 .text.__errno  0x0800c3e4        0xc C:/ST/STM32CubeIDE_1.17.0/STM32CubeIDE/plugins/com.st.stm32cube.ide.mcu.externaltools.gnu-tools-for-stm32.12.3.rel1.win32_1.1.0.202410251130/tools/bin/../lib/gcc/arm-none-eabi/12.3.1/../../../../arm-none-eabi/lib/thumb/v7e-m+fp/hard\libc_nano.a(libc_a-errno.o)
                0x0800c3e4                __errno
 .text.__libc_init_array
                0x0800c3f0       0x48 C:/ST/STM32CubeIDE_1.17.0/STM32CubeIDE/plugins/com.st.stm32cube.ide.mcu.externaltools.gnu-tools-for-stm32.12.3.rel1.win32_1.1.0.202410251130/tools/bin/../lib/gcc/arm-none-eabi/12.3.1/../../../../arm-none-eabi/lib/thumb/v7e-m+fp/hard\libc_nano.a(libc_a-init.o)
                0x0800c3f0                __libc_init_array
 .text.__retarget_lock_acquire_recursive
                0x0800c438        0x2 C:/ST/STM32CubeIDE_1.17.0/STM32CubeIDE/plugins/com.st.stm32cube.ide.mcu.externaltools.gnu-tools-for-stm32.12.3.rel1.win32_1.1.0.202410251130/tools/bin/../lib/gcc/arm-none-eabi/12.3.1/../../../../arm-none-eabi/lib/thumb/v7e-m+fp/hard\libc_nano.a(libc_a-lock.o)
                0x0800c438                __retarget_lock_acquire_recursive
 .text.__retarget_lock_release_recursive
                0x0800c43a        0x2 C:/ST/STM32CubeIDE_1.17.0/STM32CubeIDE/plugins/com.st.stm32cube.ide.mcu.externaltools.gnu-tools-for-stm32.12.3.rel1.win32_1.1.0.202410251130/tools/bin/../lib/gcc/arm-none-eabi/12.3.1/../../../../arm-none-eabi/lib/thumb/v7e-m+fp/hard\libc_nano.a(libc_a-lock.o)
                0x0800c43a                __retarget_lock_release_recursive
 .text.memcpy   0x0800c43c       0x1c C:/ST/STM32CubeIDE_1.17.0/STM32CubeIDE/plugins/com.st.stm32cube.ide.mcu.externaltools.gnu-tools-for-stm32.12.3.rel1.win32_1.1.0.202410251130/tools/bin/../lib/gcc/arm-none-eabi/12.3.1/../../../../arm-none-eabi/lib/thumb/v7e-m+fp/hard\libc_nano.a(libc_a-memcpy-stub.o)
                0x0800c43c                memcpy
 .text._free_r  0x0800c458       0x94 C:/ST/STM32CubeIDE_1.17.0/STM32CubeIDE/plugins/com.st.stm32cube.ide.mcu.externaltools.gnu-tools-for-stm32.12.3.rel1.win32_1.1.0.202410251130/tools/bin/../lib/gcc/arm-none-eabi/12.3.1/../../../../arm-none-eabi/lib/thumb/v7e-m+fp/hard\libc_nano.a(libc_a-freer.o)
                0x0800c458                _free_r
 .text.sbrk_aligned
                0x0800c4ec       0x44 C:/ST/STM32CubeIDE_1.17.0/STM32CubeIDE/plugins/com.st.stm32cube.ide.mcu.externaltools.gnu-tools-for-stm32.12.3.rel1.win32_1.1.0.202410251130/tools/bin/../lib/gcc/arm-none-eabi/12.3.1/../../../../arm-none-eabi/lib/thumb/v7e-m+fp/hard\libc_nano.a(libc_a-mallocr.o)
 .text._malloc_r
                0x0800c530      0x100 C:/ST/STM32CubeIDE_1.17.0/STM32CubeIDE/plugins/com.st.stm32cube.ide.mcu.externaltools.gnu-tools-for-stm32.12.3.rel1.win32_1.1.0.202410251130/tools/bin/../lib/gcc/arm-none-eabi/12.3.1/../../../../arm-none-eabi/lib/thumb/v7e-m+fp/hard\libc_nano.a(libc_a-mallocr.o)
                0x0800c530                _malloc_r
 .text.__malloc_lock
                0x0800c630        0xc C:/ST/STM32CubeIDE_1.17.0/STM32CubeIDE/plugins/com.st.stm32cube.ide.mcu.externaltools.gnu-tools-for-stm32.12.3.rel1.win32_1.1.0.202410251130/tools/bin/../lib/gcc/arm-none-eabi/12.3.1/../../../../arm-none-eabi/lib/thumb/v7e-m+fp/hard\libc_nano.a(libc_a-mlock.o)
                0x0800c630                __malloc_lock
 .text.__malloc_unlock
                0x0800c63c        0xc C:/ST/STM32CubeIDE_1.17.0/STM32CubeIDE/plugins/com.st.stm32cube.ide.mcu.externaltools.gnu-tools-for-stm32.12.3.rel1.win32_1.1.0.202410251130/tools/bin/../lib/gcc/arm-none-eabi/12.3.1/../../../../arm-none-eabi/lib/thumb/v7e-m+fp/hard\libc_nano.a(libc_a-mlock.o)
                0x0800c63c                __malloc_unlock
 .text.__ssputs_r
                0x0800c648       0xb6 C:/ST/STM32CubeIDE_1.17.0/STM32CubeIDE/plugins/com.st.stm32cube.ide.mcu.externaltools.gnu-tools-for-stm32.12.3.rel1.win32_1.1.0.202410251130/tools/bin/../lib/gcc/arm-none-eabi/12.3.1/../../../../arm-none-eabi/lib/thumb/v7e-m+fp/hard\libc_nano.a(libc_a-nano-svfprintf.o)
                0x0800c648                __ssputs_r
 *fill*         0x0800c6fe        0x2 
 .text._svfprintf_r
                0x0800c700      0x1f8 C:/ST/STM32CubeIDE_1.17.0/STM32CubeIDE/plugins/com.st.stm32cube.ide.mcu.externaltools.gnu-tools-for-stm32.12.3.rel1.win32_1.1.0.202410251130/tools/bin/../lib/gcc/arm-none-eabi/12.3.1/../../../../arm-none-eabi/lib/thumb/v7e-m+fp/hard\libc_nano.a(libc_a-nano-svfprintf.o)
                0x0800c700                _svfiprintf_r
                0x0800c700                _svfprintf_r
 .text._printf_common
                0x0800c8f8       0xda C:/ST/STM32CubeIDE_1.17.0/STM32CubeIDE/plugins/com.st.stm32cube.ide.mcu.externaltools.gnu-tools-for-stm32.12.3.rel1.win32_1.1.0.202410251130/tools/bin/../lib/gcc/arm-none-eabi/12.3.1/../../../../arm-none-eabi/lib/thumb/v7e-m+fp/hard\libc_nano.a(libc_a-nano-vfprintf_i.o)
                0x0800c8f8                _printf_common
 *fill*         0x0800c9d2        0x2 
 .text._printf_i
                0x0800c9d4      0x240 C:/ST/STM32CubeIDE_1.17.0/STM32CubeIDE/plugins/com.st.stm32cube.ide.mcu.externaltools.gnu-tools-for-stm32.12.3.rel1.win32_1.1.0.202410251130/tools/bin/../lib/gcc/arm-none-eabi/12.3.1/../../../../arm-none-eabi/lib/thumb/v7e-m+fp/hard\libc_nano.a(libc_a-nano-vfprintf_i.o)
                0x0800c9d4                _printf_i
 .text.memmove  0x0800cc14       0x34 C:/ST/STM32CubeIDE_1.17.0/STM32CubeIDE/plugins/com.st.stm32cube.ide.mcu.externaltools.gnu-tools-for-stm32.12.3.rel1.win32_1.1.0.202410251130/tools/bin/../lib/gcc/arm-none-eabi/12.3.1/../../../../arm-none-eabi/lib/thumb/v7e-m+fp/hard\libc_nano.a(libc_a-memmove.o)
                0x0800cc14                memmove
 .text._sbrk_r  0x0800cc48       0x20 C:/ST/STM32CubeIDE_1.17.0/STM32CubeIDE/plugins/com.st.stm32cube.ide.mcu.externaltools.gnu-tools-for-stm32.12.3.rel1.win32_1.1.0.202410251130/tools/bin/../lib/gcc/arm-none-eabi/12.3.1/../../../../arm-none-eabi/lib/thumb/v7e-m+fp/hard\libc_nano.a(libc_a-sbrkr.o)
                0x0800cc48                _sbrk_r
 .text._realloc_r
                0x0800cc68       0x5c C:/ST/STM32CubeIDE_1.17.0/STM32CubeIDE/plugins/com.st.stm32cube.ide.mcu.externaltools.gnu-tools-for-stm32.12.3.rel1.win32_1.1.0.202410251130/tools/bin/../lib/gcc/arm-none-eabi/12.3.1/../../../../arm-none-eabi/lib/thumb/v7e-m+fp/hard\libc_nano.a(libc_a-reallocr.o)
                0x0800cc68                _realloc_r
 .text._malloc_usable_size_r
                0x0800ccc4       0x10 C:/ST/STM32CubeIDE_1.17.0/STM32CubeIDE/plugins/com.st.stm32cube.ide.mcu.externaltools.gnu-tools-for-stm32.12.3.rel1.win32_1.1.0.202410251130/tools/bin/../lib/gcc/arm-none-eabi/12.3.1/../../../../arm-none-eabi/lib/thumb/v7e-m+fp/hard\libc_nano.a(libc_a-msizer.o)
                0x0800ccc4                _malloc_usable_size_r
 *fill*         0x0800ccd4        0x4 
 .text.floor    0x0800ccd8       0xf8 C:/ST/STM32CubeIDE_1.17.0/STM32CubeIDE/plugins/com.st.stm32cube.ide.mcu.externaltools.gnu-tools-for-stm32.12.3.rel1.win32_1.1.0.202410251130/tools/bin/../lib/gcc/arm-none-eabi/12.3.1/../../../../arm-none-eabi/lib/thumb/v7e-m+fp/hard\libm.a(libm_a-s_floor.o)
                0x0800ccd8                floor
 *(.glue_7)
 .glue_7        0x0800cdd0        0x0 linker stubs
 *(.glue_7t)
 .glue_7t       0x0800cdd0        0x0 linker stubs
 *(.eh_frame)
 .eh_frame      0x0800cdd0        0x0 C:/ST/STM32CubeIDE_1.17.0/STM32CubeIDE/plugins/com.st.stm32cube.ide.mcu.externaltools.gnu-tools-for-stm32.12.3.rel1.win32_1.1.0.202410251130/tools/bin/../lib/gcc/arm-none-eabi/12.3.1/thumb/v7e-m+fp/hard/crtbegin.o
 *(.init)
 .init          0x0800cdd0        0x4 C:/ST/STM32CubeIDE_1.17.0/STM32CubeIDE/plugins/com.st.stm32cube.ide.mcu.externaltools.gnu-tools-for-stm32.12.3.rel1.win32_1.1.0.202410251130/tools/bin/../lib/gcc/arm-none-eabi/12.3.1/thumb/v7e-m+fp/hard/crti.o
                0x0800cdd0                _init
 .init          0x0800cdd4        0x8 C:/ST/STM32CubeIDE_1.17.0/STM32CubeIDE/plugins/com.st.stm32cube.ide.mcu.externaltools.gnu-tools-for-stm32.12.3.rel1.win32_1.1.0.202410251130/tools/bin/../lib/gcc/arm-none-eabi/12.3.1/thumb/v7e-m+fp/hard/crtn.o
 *(.fini)
 .fini          0x0800cddc        0x4 C:/ST/STM32CubeIDE_1.17.0/STM32CubeIDE/plugins/com.st.stm32cube.ide.mcu.externaltools.gnu-tools-for-stm32.12.3.rel1.win32_1.1.0.202410251130/tools/bin/../lib/gcc/arm-none-eabi/12.3.1/thumb/v7e-m+fp/hard/crti.o
                0x0800cddc                _fini
 .fini          0x0800cde0        0x8 C:/ST/STM32CubeIDE_1.17.0/STM32CubeIDE/plugins/com.st.stm32cube.ide.mcu.externaltools.gnu-tools-for-stm32.12.3.rel1.win32_1.1.0.202410251130/tools/bin/../lib/gcc/arm-none-eabi/12.3.1/thumb/v7e-m+fp/hard/crtn.o
                0x0800cde8                        . = ALIGN (0x4)
                0x0800cde8                        _etext = .

.vfp11_veneer   0x0800cde8        0x0
 .vfp11_veneer  0x0800cde8        0x0 linker stubs

.v4_bx          0x0800cde8        0x0
 .v4_bx         0x0800cde8        0x0 linker stubs

.iplt           0x0800cde8        0x0
 .iplt          0x0800cde8        0x0 C:/ST/STM32CubeIDE_1.17.0/STM32CubeIDE/plugins/com.st.stm32cube.ide.mcu.externaltools.gnu-tools-for-stm32.12.3.rel1.win32_1.1.0.202410251130/tools/bin/../lib/gcc/arm-none-eabi/12.3.1/thumb/v7e-m+fp/hard/crtbegin.o

.rodata         0x0800cde8      0xfdc
                0x0800cde8                        . = ALIGN (0x4)
 *(.rodata)
 .rodata        0x0800cde8      0x181 ./Core/Src/main.o
 *fill*         0x0800cf69        0x3 
 .rodata        0x0800cf6c       0x97 ./Core/Src/lib/equipments/temperature_control.o
 *fill*         0x0800d003        0x1 
 .rodata        0x0800d004       0xe1 ./Core/Src/lib/screen/USER/GUI.o
 *fill*         0x0800d0e5        0x3 
 .rodata        0x0800d0e8       0x2f ./Core/Src/lib/screen/screen.o
 *fill*         0x0800d117        0x1 
 .rodata        0x0800d118        0xb ./Core/Src/lib/serial_printing/serial_printing.o
 *fill*         0x0800d123        0x1 
 .rodata        0x0800d124        0x5 ./Middlewares/Third_Party/FreeRTOS/Source/tasks.o
 *fill*         0x0800d129        0x3 
 .rodata        0x0800d12c        0xd ./Middlewares/Third_Party/FreeRTOS/Source/timers.o
 *(.rodata*)
 *fill*         0x0800d139        0x3 
 .rodata.Main_attributes
                0x0800d13c       0x24 ./Core/Src/main.o
                0x0800d13c                Main_attributes
 .rodata.Valve_attributes
                0x0800d160       0x24 ./Core/Src/main.o
                0x0800d160                Valve_attributes
 .rodata.Uart_attributes
                0x0800d184       0x24 ./Core/Src/main.o
                0x0800d184                Uart_attributes
 .rodata.ds18b20_attributes
                0x0800d1a8       0x24 ./Core/Src/main.o
                0x0800d1a8                ds18b20_attributes
 .rodata.mainMutex_attributes
                0x0800d1cc       0x10 ./Core/Src/main.o
                0x0800d1cc                mainMutex_attributes
 .rodata.valveMutex_attributes
                0x0800d1dc       0x10 ./Core/Src/main.o
                0x0800d1dc                valveMutex_attributes
 .rodata.uartMutex_attributes
                0x0800d1ec       0x10 ./Core/Src/main.o
                0x0800d1ec                uartMutex_attributes
 .rodata.ds18b20Mutex_attributes
                0x0800d1fc       0x10 ./Core/Src/main.o
                0x0800d1fc                ds18b20Mutex_attributes
 .rodata.AHBPrescTable
                0x0800d20c       0x10 ./Core/Src/system_stm32f4xx.o
                0x0800d20c                AHBPrescTable
 .rodata.APBPrescTable
                0x0800d21c        0x8 ./Core/Src/system_stm32f4xx.o
                0x0800d21c                APBPrescTable
 .rodata.asc2_1206
                0x0800d224      0x474 ./Core/Src/lib/screen/LCD/FONT.o
                0x0800d224                asc2_1206
 .rodata.asc2_1608
                0x0800d698      0x5f0 ./Core/Src/lib/screen/LCD/FONT.o
                0x0800d698                asc2_1608
 .rodata.flagBitshiftOffset.0
                0x0800dc88        0x8 ./Drivers/STM32F4xx_HAL_Driver/Src/stm32f4xx_hal_dma.o
 .rodata._ctype_
                0x0800dc90      0x101 C:/ST/STM32CubeIDE_1.17.0/STM32CubeIDE/plugins/com.st.stm32cube.ide.mcu.externaltools.gnu-tools-for-stm32.12.3.rel1.win32_1.1.0.202410251130/tools/bin/../lib/gcc/arm-none-eabi/12.3.1/../../../../arm-none-eabi/lib/thumb/v7e-m+fp/hard\libc_nano.a(libc_a-ctype_.o)
                0x0800dc90                _ctype_
 .rodata._svfprintf_r.str1.1
                0x0800dd91       0x11 C:/ST/STM32CubeIDE_1.17.0/STM32CubeIDE/plugins/com.st.stm32cube.ide.mcu.externaltools.gnu-tools-for-stm32.12.3.rel1.win32_1.1.0.202410251130/tools/bin/../lib/gcc/arm-none-eabi/12.3.1/../../../../arm-none-eabi/lib/thumb/v7e-m+fp/hard\libc_nano.a(libc_a-nano-svfprintf.o)
 .rodata._printf_i.str1.1
                0x0800dda2       0x22 C:/ST/STM32CubeIDE_1.17.0/STM32CubeIDE/plugins/com.st.stm32cube.ide.mcu.externaltools.gnu-tools-for-stm32.12.3.rel1.win32_1.1.0.202410251130/tools/bin/../lib/gcc/arm-none-eabi/12.3.1/../../../../arm-none-eabi/lib/thumb/v7e-m+fp/hard\libc_nano.a(libc_a-nano-vfprintf_i.o)
                0x0800ddc4                        . = ALIGN (0x4)

.ARM.extab      0x0800ddc4        0x0
                0x0800ddc4                        . = ALIGN (0x4)
 *(.ARM.extab* .gnu.linkonce.armextab.*)
                0x0800ddc4                        . = ALIGN (0x4)

.ARM            0x0800ddc4        0x8
                0x0800ddc4                        . = ALIGN (0x4)
                0x0800ddc4                        __exidx_start = .
 *(.ARM.exidx*)
 .ARM.exidx     0x0800ddc4        0x8 C:/ST/STM32CubeIDE_1.17.0/STM32CubeIDE/plugins/com.st.stm32cube.ide.mcu.externaltools.gnu-tools-for-stm32.12.3.rel1.win32_1.1.0.202410251130/tools/bin/../lib/gcc/arm-none-eabi/12.3.1/../../../../arm-none-eabi/lib/thumb/v7e-m+fp/hard\libc_nano.a(libc_a-strcmp.o)
 .ARM.exidx     0x0800ddcc        0x0 C:/ST/STM32CubeIDE_1.17.0/STM32CubeIDE/plugins/com.st.stm32cube.ide.mcu.externaltools.gnu-tools-for-stm32.12.3.rel1.win32_1.1.0.202410251130/tools/bin/../lib/gcc/arm-none-eabi/12.3.1/../../../../arm-none-eabi/lib/thumb/v7e-m+fp/hard\libc_nano.a(libc_a-strlen.o)
                                  0x8 (size before relaxing)
 .ARM.exidx     0x0800ddcc        0x0 C:/ST/STM32CubeIDE_1.17.0/STM32CubeIDE/plugins/com.st.stm32cube.ide.mcu.externaltools.gnu-tools-for-stm32.12.3.rel1.win32_1.1.0.202410251130/tools/bin/../lib/gcc/arm-none-eabi/12.3.1/../../../../arm-none-eabi/lib/thumb/v7e-m+fp/hard\libc_nano.a(libc_a-memchr.o)
                                  0x8 (size before relaxing)
 .ARM.exidx     0x0800ddcc        0x0 C:/ST/STM32CubeIDE_1.17.0/STM32CubeIDE/plugins/com.st.stm32cube.ide.mcu.externaltools.gnu-tools-for-stm32.12.3.rel1.win32_1.1.0.202410251130/tools/bin/../lib/gcc/arm-none-eabi/12.3.1/thumb/v7e-m+fp/hard\libgcc.a(_udivmoddi4.o)
                                  0x8 (size before relaxing)
                0x0800ddcc                        __exidx_end = .
                0x0800ddcc                        . = ALIGN (0x4)

.preinit_array  0x0800ddcc        0x0
                0x0800ddcc                        . = ALIGN (0x4)
                0x0800ddcc                        PROVIDE (__preinit_array_start = .)
 *(.preinit_array*)
                0x0800ddcc                        PROVIDE (__preinit_array_end = .)
                0x0800ddcc                        . = ALIGN (0x4)

.init_array     0x0800ddcc        0x4
                0x0800ddcc                        . = ALIGN (0x4)
                0x0800ddcc                        PROVIDE (__init_array_start = .)
 *(SORT_BY_NAME(.init_array.*))
 *(.init_array*)
 .init_array    0x0800ddcc        0x4 C:/ST/STM32CubeIDE_1.17.0/STM32CubeIDE/plugins/com.st.stm32cube.ide.mcu.externaltools.gnu-tools-for-stm32.12.3.rel1.win32_1.1.0.202410251130/tools/bin/../lib/gcc/arm-none-eabi/12.3.1/thumb/v7e-m+fp/hard/crtbegin.o
                0x0800ddd0                        PROVIDE (__init_array_end = .)
                0x0800ddd0                        . = ALIGN (0x4)

.fini_array     0x0800ddd0        0x4
                0x0800ddd0                        . = ALIGN (0x4)
                [!provide]                        PROVIDE (__fini_array_start = .)
 *(SORT_BY_NAME(.fini_array.*))
 *(.fini_array*)
 .fini_array    0x0800ddd0        0x4 C:/ST/STM32CubeIDE_1.17.0/STM32CubeIDE/plugins/com.st.stm32cube.ide.mcu.externaltools.gnu-tools-for-stm32.12.3.rel1.win32_1.1.0.202410251130/tools/bin/../lib/gcc/arm-none-eabi/12.3.1/thumb/v7e-m+fp/hard/crtbegin.o
                [!provide]                        PROVIDE (__fini_array_end = .)
                0x0800ddd4                        . = ALIGN (0x4)
                0x0800ddd4                        _sidata = LOADADDR (.data)

.rel.dyn        0x0800ddd4        0x0
 .rel.iplt      0x0800ddd4        0x0 C:/ST/STM32CubeIDE_1.17.0/STM32CubeIDE/plugins/com.st.stm32cube.ide.mcu.externaltools.gnu-tools-for-stm32.12.3.rel1.win32_1.1.0.202410251130/tools/bin/../lib/gcc/arm-none-eabi/12.3.1/thumb/v7e-m+fp/hard/crtbegin.o

.data           0x20000000      0x170 load address 0x0800ddd4
                0x20000000                        . = ALIGN (0x4)
                0x20000000                        _sdata = .
 *(.data)
 *(.data*)
 .data.ds18b20_terminal
                0x20000000       0x18 ./Core/Src/main.o
                0x20000000                ds18b20_terminal
 .data.ds18b20_hot
                0x20000018       0x18 ./Core/Src/main.o
                0x20000018                ds18b20_hot
 .data.valve    0x20000030       0x14 ./Core/Src/main.o
                0x20000030                valve
 .data.button   0x20000044       0x30 ./Core/Src/main.o
                0x20000044                button
 .data.PAGE     0x20000074       0x14 ./Core/Src/main.o
                0x20000074                PAGE
 .data.SystemCoreClock
                0x20000088        0x4 ./Core/Src/system_stm32f4xx.o
                0x20000088                SystemCoreClock
 .data.ds18b20_status
                0x2000008c        0x1 ./Core/Src/lib/ds18b20_lib/ds18b20.o
                0x2000008c                ds18b20_status
 *fill*         0x2000008d        0x3 
 .data.keypad   0x20000090       0x84 ./Core/Src/lib/screen/USER/GUI.o
                0x20000090                keypad
 .data.uwTickPrio
                0x20000114        0x4 ./Drivers/STM32F4xx_HAL_Driver/Src/stm32f4xx_hal.o
                0x20000114                uwTickPrio
 .data.uwTickFreq
                0x20000118        0x1 ./Drivers/STM32F4xx_HAL_Driver/Src/stm32f4xx_hal.o
                0x20000118                uwTickFreq
 *fill*         0x20000119        0x3 
 .data.uxCriticalNesting
                0x2000011c        0x4 ./Middlewares/Third_Party/FreeRTOS/Source/portable/GCC/ARM_CM4F/port.o
 .data._impure_ptr
                0x20000120        0x4 C:/ST/STM32CubeIDE_1.17.0/STM32CubeIDE/plugins/com.st.stm32cube.ide.mcu.externaltools.gnu-tools-for-stm32.12.3.rel1.win32_1.1.0.202410251130/tools/bin/../lib/gcc/arm-none-eabi/12.3.1/../../../../arm-none-eabi/lib/thumb/v7e-m+fp/hard\libc_nano.a(libc_a-impure.o)
                0x20000120                _impure_ptr
 .data._impure_data
                0x20000124       0x4c C:/ST/STM32CubeIDE_1.17.0/STM32CubeIDE/plugins/com.st.stm32cube.ide.mcu.externaltools.gnu-tools-for-stm32.12.3.rel1.win32_1.1.0.202410251130/tools/bin/../lib/gcc/arm-none-eabi/12.3.1/../../../../arm-none-eabi/lib/thumb/v7e-m+fp/hard\libc_nano.a(libc_a-impure.o)
                0x20000124                _impure_data
 *(.RamFunc)
 *(.RamFunc*)
                0x20000170                        . = ALIGN (0x4)
                0x20000170                        _edata = .

.igot.plt       0x20000170        0x0 load address 0x0800df44
 .igot.plt      0x20000170        0x0 C:/ST/STM32CubeIDE_1.17.0/STM32CubeIDE/plugins/com.st.stm32cube.ide.mcu.externaltools.gnu-tools-for-stm32.12.3.rel1.win32_1.1.0.202410251130/tools/bin/../lib/gcc/arm-none-eabi/12.3.1/thumb/v7e-m+fp/hard/crtbegin.o
                0x20000170                        . = ALIGN (0x4)

.bss            0x20000170     0x60c0 load address 0x0800df44
                0x20000170                        _sbss = .
                0x20000170                        __bss_start__ = _sbss
 *(.bss)
 .bss           0x20000170       0x1c C:/ST/STM32CubeIDE_1.17.0/STM32CubeIDE/plugins/com.st.stm32cube.ide.mcu.externaltools.gnu-tools-for-stm32.12.3.rel1.win32_1.1.0.202410251130/tools/bin/../lib/gcc/arm-none-eabi/12.3.1/thumb/v7e-m+fp/hard/crtbegin.o
 *(.bss*)
 .bss.hspi2     0x2000018c       0x58 ./Core/Src/main.o
                0x2000018c                hspi2
 .bss.hspi4     0x200001e4       0x58 ./Core/Src/main.o
                0x200001e4                hspi4
 .bss.htim2     0x2000023c       0x48 ./Core/Src/main.o
                0x2000023c                htim2
 .bss.htim3     0x20000284       0x48 ./Core/Src/main.o
                0x20000284                htim3
 .bss.htim10    0x200002cc       0x48 ./Core/Src/main.o
                0x200002cc                htim10
 .bss.htim11    0x20000314       0x48 ./Core/Src/main.o
                0x20000314                htim11
 .bss.huart1    0x2000035c       0x48 ./Core/Src/main.o
                0x2000035c                huart1
 .bss.huart2    0x200003a4       0x48 ./Core/Src/main.o
                0x200003a4                huart2
 .bss.hdma_usart1_rx
                0x200003ec       0x60 ./Core/Src/main.o
                0x200003ec                hdma_usart1_rx
 .bss.hdma_usart1_tx
                0x2000044c       0x60 ./Core/Src/main.o
                0x2000044c                hdma_usart1_tx
 .bss.MainHandle
                0x200004ac        0x4 ./Core/Src/main.o
                0x200004ac                MainHandle
 .bss.ValveHandle
                0x200004b0        0x4 ./Core/Src/main.o
                0x200004b0                ValveHandle
 .bss.UartHandle
                0x200004b4        0x4 ./Core/Src/main.o
                0x200004b4                UartHandle
 .bss.ds18b20Handle
                0x200004b8        0x4 ./Core/Src/main.o
                0x200004b8                ds18b20Handle
 .bss.mainMutexHandle
                0x200004bc        0x4 ./Core/Src/main.o
                0x200004bc                mainMutexHandle
 .bss.valveMutexHandle
                0x200004c0        0x4 ./Core/Src/main.o
                0x200004c0                valveMutexHandle
 .bss.uartMutexHandle
                0x200004c4        0x4 ./Core/Src/main.o
                0x200004c4                uartMutexHandle
 .bss.ds18b20MutexHandle
                0x200004c8        0x4 ./Core/Src/main.o
                0x200004c8                ds18b20MutexHandle
 .bss.flag      0x200004cc        0x1 ./Core/Src/main.o
                0x200004cc                flag
 .bss.act       0x200004cd        0x1 ./Core/Src/main.o
                0x200004cd                act
 .bss.command   0x200004ce        0x1 ./Core/Src/main.o
                0x200004ce                command
 .bss.page      0x200004cf        0x1 ./Core/Src/main.o
                0x200004cf                page
 .bss.hot_temp  0x200004d0        0x4 ./Core/Src/main.o
                0x200004d0                hot_temp
 .bss.terminal_temp
                0x200004d4        0x4 ./Core/Src/main.o
                0x200004d4                terminal_temp
 .bss.pressed   0x200004d8        0x2 ./Core/Src/main.o
                0x200004d8                pressed
 *fill*         0x200004da        0x2 
 .bss.cmd       0x200004dc      0x92d ./Core/Src/main.o
                0x200004dc                cmd
 *fill*         0x20000e09        0x3 
 .bss.rxBuffer  0x20000e0c        0x2 ./Core/Src/main.o
                0x20000e0c                rxBuffer
 *fill*         0x20000e0e        0x2 
 .bss.FLAG_UART
                0x20000e10        0x4 ./Core/Src/main.o
                0x20000e10                FLAG_UART
 .bss.esp_uart_buffer_rx
                0x20000e14      0x800 ./Core/Src/main.o
                0x20000e14                esp_uart_buffer_rx
 .bss.htim1     0x20001614       0x48 ./Core/Src/stm32f4xx_hal_timebase_tim.o
                0x20001614                htim1
 .bss.__sbrk_heap_end
                0x2000165c        0x4 ./Core/Src/sysmem.o
 .bss.data_array.2
                0x20001660        0x9 ./Core/Src/lib/ds18b20_lib/ds18b20.o
 *fill*         0x20001669        0x3 
 .bss.temperature_data.1
                0x2000166c        0x3 ./Core/Src/lib/ds18b20_lib/ds18b20.o
 *fill*         0x2000166f        0x1 
 .bss.EraseInitStruct.0
                0x20001670       0x14 ./Core/Src/lib/equipments/valves.o
 .bss.lcddev    0x20001684        0xe ./Core/Src/lib/screen/LCD/lcd.o
                0x20001684                lcddev
 .bss.POINT_COLOR
                0x20001692        0x2 ./Core/Src/lib/screen/LCD/lcd.o
                0x20001692                POINT_COLOR
 .bss.Tim_Def   0x20001694       0x48 ./Core/Src/lib/timer_us/timer_us.o
                0x20001694                Tim_Def
 .bss.uwTick    0x200016dc        0x4 ./Drivers/STM32F4xx_HAL_Driver/Src/stm32f4xx_hal.o
                0x200016dc                uwTick
 .bss.pFlash    0x200016e0       0x20 ./Drivers/STM32F4xx_HAL_Driver/Src/stm32f4xx_hal_flash.o
                0x200016e0                pFlash
 .bss.KernelState
                0x20001700        0x4 ./Middlewares/Third_Party/FreeRTOS/Source/CMSIS_RTOS_V2/cmsis_os2.o
 .bss.Idle_TCB.3
                0x20001704       0xa8 ./Middlewares/Third_Party/FreeRTOS/Source/CMSIS_RTOS_V2/cmsis_os2.o
 .bss.Idle_Stack.2
                0x200017ac      0x200 ./Middlewares/Third_Party/FreeRTOS/Source/CMSIS_RTOS_V2/cmsis_os2.o
 .bss.Timer_TCB.1
                0x200019ac       0xa8 ./Middlewares/Third_Party/FreeRTOS/Source/CMSIS_RTOS_V2/cmsis_os2.o
 .bss.Timer_Stack.0
                0x20001a54      0x400 ./Middlewares/Third_Party/FreeRTOS/Source/CMSIS_RTOS_V2/cmsis_os2.o
 .bss.xQueueRegistry
                0x20001e54       0x40 ./Middlewares/Third_Party/FreeRTOS/Source/queue.o
                0x20001e54                xQueueRegistry
 .bss.pxCurrentTCB
                0x20001e94        0x4 ./Middlewares/Third_Party/FreeRTOS/Source/tasks.o
                0x20001e94                pxCurrentTCB
 .bss.pxReadyTasksLists
                0x20001e98      0x460 ./Middlewares/Third_Party/FreeRTOS/Source/tasks.o
 .bss.xDelayedTaskList1
                0x200022f8       0x14 ./Middlewares/Third_Party/FreeRTOS/Source/tasks.o
 .bss.xDelayedTaskList2
                0x2000230c       0x14 ./Middlewares/Third_Party/FreeRTOS/Source/tasks.o
 .bss.pxDelayedTaskList
                0x20002320        0x4 ./Middlewares/Third_Party/FreeRTOS/Source/tasks.o
 .bss.pxOverflowDelayedTaskList
                0x20002324        0x4 ./Middlewares/Third_Party/FreeRTOS/Source/tasks.o
 .bss.xPendingReadyList
                0x20002328       0x14 ./Middlewares/Third_Party/FreeRTOS/Source/tasks.o
 .bss.xTasksWaitingTermination
                0x2000233c       0x14 ./Middlewares/Third_Party/FreeRTOS/Source/tasks.o
 .bss.uxDeletedTasksWaitingCleanUp
                0x20002350        0x4 ./Middlewares/Third_Party/FreeRTOS/Source/tasks.o
 .bss.xSuspendedTaskList
                0x20002354       0x14 ./Middlewares/Third_Party/FreeRTOS/Source/tasks.o
 .bss.uxCurrentNumberOfTasks
                0x20002368        0x4 ./Middlewares/Third_Party/FreeRTOS/Source/tasks.o
 .bss.xTickCount
                0x2000236c        0x4 ./Middlewares/Third_Party/FreeRTOS/Source/tasks.o
 .bss.uxTopReadyPriority
                0x20002370        0x4 ./Middlewares/Third_Party/FreeRTOS/Source/tasks.o
 .bss.xSchedulerRunning
                0x20002374        0x4 ./Middlewares/Third_Party/FreeRTOS/Source/tasks.o
 .bss.xPendedTicks
                0x20002378        0x4 ./Middlewares/Third_Party/FreeRTOS/Source/tasks.o
 .bss.xYieldPending
                0x2000237c        0x4 ./Middlewares/Third_Party/FreeRTOS/Source/tasks.o
 .bss.xNumOfOverflows
                0x20002380        0x4 ./Middlewares/Third_Party/FreeRTOS/Source/tasks.o
 .bss.uxTaskNumber
                0x20002384        0x4 ./Middlewares/Third_Party/FreeRTOS/Source/tasks.o
 .bss.xNextTaskUnblockTime
                0x20002388        0x4 ./Middlewares/Third_Party/FreeRTOS/Source/tasks.o
 .bss.xIdleTaskHandle
                0x2000238c        0x4 ./Middlewares/Third_Party/FreeRTOS/Source/tasks.o
 .bss.uxSchedulerSuspended
                0x20002390        0x4 ./Middlewares/Third_Party/FreeRTOS/Source/tasks.o
 .bss.xActiveTimerList1
                0x20002394       0x14 ./Middlewares/Third_Party/FreeRTOS/Source/timers.o
 .bss.xActiveTimerList2
                0x200023a8       0x14 ./Middlewares/Third_Party/FreeRTOS/Source/timers.o
 .bss.pxCurrentTimerList
                0x200023bc        0x4 ./Middlewares/Third_Party/FreeRTOS/Source/timers.o
 .bss.pxOverflowTimerList
                0x200023c0        0x4 ./Middlewares/Third_Party/FreeRTOS/Source/timers.o
 .bss.xTimerQueue
                0x200023c4        0x4 ./Middlewares/Third_Party/FreeRTOS/Source/timers.o
 .bss.xTimerTaskHandle
                0x200023c8        0x4 ./Middlewares/Third_Party/FreeRTOS/Source/timers.o
 .bss.xLastTime.2
                0x200023cc        0x4 ./Middlewares/Third_Party/FreeRTOS/Source/timers.o
 .bss.ucStaticTimerQueueStorage.1
                0x200023d0       0xa0 ./Middlewares/Third_Party/FreeRTOS/Source/timers.o
 .bss.xStaticTimerQueue.0
                0x20002470       0x50 ./Middlewares/Third_Party/FreeRTOS/Source/timers.o
 .bss.ucMaxSysCallPriority
                0x200024c0        0x1 ./Middlewares/Third_Party/FreeRTOS/Source/portable/GCC/ARM_CM4F/port.o
 *fill*         0x200024c1        0x3 
 .bss.ulMaxPRIGROUPValue
                0x200024c4        0x4 ./Middlewares/Third_Party/FreeRTOS/Source/portable/GCC/ARM_CM4F/port.o
 .bss.ucHeap    0x200024c8     0x3c00 ./Middlewares/Third_Party/FreeRTOS/Source/portable/MemMang/heap_4.o
 .bss.xStart    0x200060c8        0x8 ./Middlewares/Third_Party/FreeRTOS/Source/portable/MemMang/heap_4.o
 .bss.pxEnd     0x200060d0        0x4 ./Middlewares/Third_Party/FreeRTOS/Source/portable/MemMang/heap_4.o
 .bss.xFreeBytesRemaining
                0x200060d4        0x4 ./Middlewares/Third_Party/FreeRTOS/Source/portable/MemMang/heap_4.o
 .bss.xMinimumEverFreeBytesRemaining
                0x200060d8        0x4 ./Middlewares/Third_Party/FreeRTOS/Source/portable/MemMang/heap_4.o
 .bss.xNumberOfSuccessfulAllocations
                0x200060dc        0x4 ./Middlewares/Third_Party/FreeRTOS/Source/portable/MemMang/heap_4.o
 .bss.xNumberOfSuccessfulFrees
                0x200060e0        0x4 ./Middlewares/Third_Party/FreeRTOS/Source/portable/MemMang/heap_4.o
 .bss.xBlockAllocatedBit
                0x200060e4        0x4 ./Middlewares/Third_Party/FreeRTOS/Source/portable/MemMang/heap_4.o
 .bss.__sf      0x200060e8      0x138 C:/ST/STM32CubeIDE_1.17.0/STM32CubeIDE/plugins/com.st.stm32cube.ide.mcu.externaltools.gnu-tools-for-stm32.12.3.rel1.win32_1.1.0.202410251130/tools/bin/../lib/gcc/arm-none-eabi/12.3.1/../../../../arm-none-eabi/lib/thumb/v7e-m+fp/hard\libc_nano.a(libc_a-findfp.o)
                0x200060e8                __sf
 .bss.errno     0x20006220        0x4 C:/ST/STM32CubeIDE_1.17.0/STM32CubeIDE/plugins/com.st.stm32cube.ide.mcu.externaltools.gnu-tools-for-stm32.12.3.rel1.win32_1.1.0.202410251130/tools/bin/../lib/gcc/arm-none-eabi/12.3.1/../../../../arm-none-eabi/lib/thumb/v7e-m+fp/hard\libc_nano.a(libc_a-reent.o)
                0x20006220                errno
 .bss.__lock___malloc_recursive_mutex
                0x20006224        0x1 C:/ST/STM32CubeIDE_1.17.0/STM32CubeIDE/plugins/com.st.stm32cube.ide.mcu.externaltools.gnu-tools-for-stm32.12.3.rel1.win32_1.1.0.202410251130/tools/bin/../lib/gcc/arm-none-eabi/12.3.1/../../../../arm-none-eabi/lib/thumb/v7e-m+fp/hard\libc_nano.a(libc_a-lock.o)
                0x20006224                __lock___malloc_recursive_mutex
 *fill*         0x20006225        0x3 
 .bss.__malloc_sbrk_start
                0x20006228        0x4 C:/ST/STM32CubeIDE_1.17.0/STM32CubeIDE/plugins/com.st.stm32cube.ide.mcu.externaltools.gnu-tools-for-stm32.12.3.rel1.win32_1.1.0.202410251130/tools/bin/../lib/gcc/arm-none-eabi/12.3.1/../../../../arm-none-eabi/lib/thumb/v7e-m+fp/hard\libc_nano.a(libc_a-mallocr.o)
                0x20006228                __malloc_sbrk_start
 .bss.__malloc_free_list
                0x2000622c        0x4 C:/ST/STM32CubeIDE_1.17.0/STM32CubeIDE/plugins/com.st.stm32cube.ide.mcu.externaltools.gnu-tools-for-stm32.12.3.rel1.win32_1.1.0.202410251130/tools/bin/../lib/gcc/arm-none-eabi/12.3.1/../../../../arm-none-eabi/lib/thumb/v7e-m+fp/hard\libc_nano.a(libc_a-mallocr.o)
                0x2000622c                __malloc_free_list
 *(COMMON)
                0x20006230                        . = ALIGN (0x4)
                0x20006230                        _ebss = .
                0x20006230                        __bss_end__ = _ebss

._user_heap_stack
                0x20006230      0x600 load address 0x0800df44
                0x20006230                        . = ALIGN (0x8)
                [!provide]                        PROVIDE (end = .)
                0x20006230                        PROVIDE (_end = .)
                0x20006430                        . = (. + _Min_Heap_Size)
 *fill*         0x20006230      0x200 
                0x20006830                        . = (. + _Min_Stack_Size)
 *fill*         0x20006430      0x400 
                0x20006830                        . = ALIGN (0x8)

/DISCARD/
 libc.a(*)
 libm.a(*)
 libgcc.a(*)

.ARM.attributes
                0x00000000       0x30
 *(.ARM.attributes)
 .ARM.attributes