Archive member included to satisfy reference by file (symbol)

C:/ST/STM32CubeIDE_1.17.0/STM32CubeIDE/plugins/com.st.stm32cube.ide.mcu.externaltools.gnu-tools-for-stm32.12.3.rel1.win32_1.1.0.202410251130/tools/bin/../lib/gcc/arm-none-eabi/12.3.1/../../../../arm-none-eabi/lib/thumb/v7e-m+fp/hard\libc_nano.a(libc_a-exit.o)
                              C:/ST/STM32CubeIDE_1.17.0/STM32CubeIDE/plugins/com.st.stm32cube.ide.mcu.externaltools.gnu-tools-for-stm32.12.3.rel1.win32_1.1.0.202410251130/tools/bin/../lib/gcc/arm-none-eabi/12.3.1/../../../../arm-none-eabi/lib/thumb/v7e-m+fp/hard/crt0.o (exit)
C:/ST/STM32CubeIDE_1.17.0/STM32CubeIDE/plugins/com.st.stm32cube.ide.mcu.externaltools.gnu-tools-for-stm32.12.3.rel1.win32_1.1.0.202410251130/tools/bin/../lib/gcc/arm-none-eabi/12.3.1/../../../../arm-none-eabi/lib/thumb/v7e-m+fp/hard\libc_nano.a(libc_a-malloc.o)
                              ./Core/lib/lcd/GUI.o (malloc)
C:/ST/STM32CubeIDE_1.17.0/STM32CubeIDE/plugins/com.st.stm32cube.ide.mcu.externaltools.gnu-tools-for-stm32.12.3.rel1.win32_1.1.0.202410251130/tools/bin/../lib/gcc/arm-none-eabi/12.3.1/../../../../arm-none-eabi/lib/thumb/v7e-m+fp/hard\libc_nano.a(libc_a-mallocr.o)
                              C:/ST/STM32CubeIDE_1.17.0/STM32CubeIDE/plugins/com.st.stm32cube.ide.mcu.externaltools.gnu-tools-for-stm32.12.3.rel1.win32_1.1.0.202410251130/tools/bin/../lib/gcc/arm-none-eabi/12.3.1/../../../../arm-none-eabi/lib/thumb/v7e-m+fp/hard\libc_nano.a(libc_a-malloc.o) (_malloc_r)
C:/ST/STM32CubeIDE_1.17.0/STM32CubeIDE/plugins/com.st.stm32cube.ide.mcu.externaltools.gnu-tools-for-stm32.12.3.rel1.win32_1.1.0.202410251130/tools/bin/../lib/gcc/arm-none-eabi/12.3.1/../../../../arm-none-eabi/lib/thumb/v7e-m+fp/hard\libc_nano.a(libc_a-mlock.o)
                              C:/ST/STM32CubeIDE_1.17.0/STM32CubeIDE/plugins/com.st.stm32cube.ide.mcu.externaltools.gnu-tools-for-stm32.12.3.rel1.win32_1.1.0.202410251130/tools/bin/../lib/gcc/arm-none-eabi/12.3.1/../../../../arm-none-eabi/lib/thumb/v7e-m+fp/hard\libc_nano.a(libc_a-mallocr.o) (__malloc_lock)
C:/ST/STM32CubeIDE_1.17.0/STM32CubeIDE/plugins/com.st.stm32cube.ide.mcu.externaltools.gnu-tools-for-stm32.12.3.rel1.win32_1.1.0.202410251130/tools/bin/../lib/gcc/arm-none-eabi/12.3.1/../../../../arm-none-eabi/lib/thumb/v7e-m+fp/hard\libc_nano.a(libc_a-findfp.o)
                              ./Middlewares/FreeRTOS/tasks.o (__sf)
C:/ST/STM32CubeIDE_1.17.0/STM32CubeIDE/plugins/com.st.stm32cube.ide.mcu.externaltools.gnu-tools-for-stm32.12.3.rel1.win32_1.1.0.202410251130/tools/bin/../lib/gcc/arm-none-eabi/12.3.1/../../../../arm-none-eabi/lib/thumb/v7e-m+fp/hard\libc_nano.a(libc_a-fwalk.o)
                              C:/ST/STM32CubeIDE_1.17.0/STM32CubeIDE/plugins/com.st.stm32cube.ide.mcu.externaltools.gnu-tools-for-stm32.12.3.rel1.win32_1.1.0.202410251130/tools/bin/../lib/gcc/arm-none-eabi/12.3.1/../../../../arm-none-eabi/lib/thumb/v7e-m+fp/hard\libc_nano.a(libc_a-findfp.o) (_fwalk_sglue)
C:/ST/STM32CubeIDE_1.17.0/STM32CubeIDE/plugins/com.st.stm32cube.ide.mcu.externaltools.gnu-tools-for-stm32.12.3.rel1.win32_1.1.0.202410251130/tools/bin/../lib/gcc/arm-none-eabi/12.3.1/../../../../arm-none-eabi/lib/thumb/v7e-m+fp/hard\libc_nano.a(libc_a-sprintf.o)
                              ./Core/Src/main.o (sprintf)
C:/ST/STM32CubeIDE_1.17.0/STM32CubeIDE/plugins/com.st.stm32cube.ide.mcu.externaltools.gnu-tools-for-stm32.12.3.rel1.win32_1.1.0.202410251130/tools/bin/../lib/gcc/arm-none-eabi/12.3.1/../../../../arm-none-eabi/lib/thumb/v7e-m+fp/hard\libc_nano.a(libc_a-stdio.o)
                              C:/ST/STM32CubeIDE_1.17.0/STM32CubeIDE/plugins/com.st.stm32cube.ide.mcu.externaltools.gnu-tools-for-stm32.12.3.rel1.win32_1.1.0.202410251130/tools/bin/../lib/gcc/arm-none-eabi/12.3.1/../../../../arm-none-eabi/lib/thumb/v7e-m+fp/hard\libc_nano.a(libc_a-findfp.o) (__sread)
C:/ST/STM32CubeIDE_1.17.0/STM32CubeIDE/plugins/com.st.stm32cube.ide.mcu.externaltools.gnu-tools-for-stm32.12.3.rel1.win32_1.1.0.202410251130/tools/bin/../lib/gcc/arm-none-eabi/12.3.1/../../../../arm-none-eabi/lib/thumb/v7e-m+fp/hard\libc_nano.a(libc_a-memset.o)
                              C:/ST/STM32CubeIDE_1.17.0/STM32CubeIDE/plugins/com.st.stm32cube.ide.mcu.externaltools.gnu-tools-for-stm32.12.3.rel1.win32_1.1.0.202410251130/tools/bin/../lib/gcc/arm-none-eabi/12.3.1/../../../../arm-none-eabi/lib/thumb/v7e-m+fp/hard/crt0.o (memset)
C:/ST/STM32CubeIDE_1.17.0/STM32CubeIDE/plugins/com.st.stm32cube.ide.mcu.externaltools.gnu-tools-for-stm32.12.3.rel1.win32_1.1.0.202410251130/tools/bin/../lib/gcc/arm-none-eabi/12.3.1/../../../../arm-none-eabi/lib/thumb/v7e-m+fp/hard\libc_nano.a(libc_a-strcat.o)
                              ./Core/lib/lcd/GUI.o (strcat)
C:/ST/STM32CubeIDE_1.17.0/STM32CubeIDE/plugins/com.st.stm32cube.ide.mcu.externaltools.gnu-tools-for-stm32.12.3.rel1.win32_1.1.0.202410251130/tools/bin/../lib/gcc/arm-none-eabi/12.3.1/../../../../arm-none-eabi/lib/thumb/v7e-m+fp/hard\libc_nano.a(libc_a-strsep.o)
[...]
Memory Configuration

Name             Origin             Length             Attributes
CCMRAM           0x10000000         0x00010000         xrw
RAM              0x20000000         0x00050000         xrw
FLASH            0x08000000         0x00200000         xr
*default*        0x00000000         0xffffffff

Linker script and memory map

LOAD C:/ST/STM32CubeIDE_1.17.0/STM32CubeIDE/plugins/com.st.stm32cube.ide.mcu.externaltools.gnu-tools-for-stm32.12.3.rel1.win32_1.1.0.202410251130/tools/bin/../lib/gcc/arm-none-eabi/12.3.1/thumb/v7e-m+fp/hard/crti.o
LOAD C:/ST/STM32CubeIDE_1.17.0/STM32CubeIDE/plugins/com.st.stm32cube.ide.mcu.externaltools.gnu-tools-for-stm32.12.3.rel1.win32_1.1.0.202410251130/tools/bin/../lib/gcc/arm-none-eabi/12.3.1/thumb/v7e-m+fp/hard/crtbegin.o
LOAD C:/ST/STM32CubeIDE_1.17.0/STM32CubeIDE/plugins/com.st.stm32cube.ide.mcu.externaltools.gnu-tools-for-stm32.12.3.rel1.win32_1.1.0.202410251130/tools/bin/../lib/gcc/arm-none-eabi/12.3.1/../../../../arm-none-eabi/lib/thumb/v7e-m+fp/hard/crt0.o
LOAD ./Core/Src/freertos.o
LOAD ./Core/Src/main.o
LOAD ./Core/Src/stm32f4xx_hal_msp.o
LOAD ./Core/Src/stm32f4xx_hal_timebase_tim.o
LOAD ./Core/Src/stm32f4xx_it.o
LOAD ./Core/Src/syscalls.o
LOAD ./Core/Src/sysmem.o
LOAD ./Core/Src/system_stm32f4xx.o
LOAD ./Core/Startup/startup_stm32f469iitx.o
LOAD ./Core/lib/control/control.o
LOAD ./Core/lib/lcd/FONT.o
LOAD ./Core/lib/lcd/GUI.o
LOAD ./Core/lib/lcd/pages.o
LOAD ./Core/lib/lcd/touch.o
LOAD ./Core/lib/serial_printing/serial_printing.o
LOAD ./Drivers/STM32F4xx_HAL_Driver/stm32f4xx_hal.o
LOAD ./Drivers/STM32F4xx_HAL_Driver/stm32f4xx_hal_adc.o
LOAD ./Drivers/STM32F4xx_HAL_Driver/stm32f4xx_hal_adc_ex.o
LOAD ./Drivers/STM32F4xx_HAL_Driver/stm32f4xx_hal_cortex.o
LOAD ./Drivers/STM32F4xx_HAL_Driver/stm32f4xx_hal_dma.o
LOAD ./Drivers/STM32F4xx_HAL_Driver/stm32f4xx_hal_dma_ex.o
LOAD ./Drivers/STM32F4xx_HAL_Driver/stm32f4xx_hal_dsi.o
LOAD ./Drivers/STM32F4xx_HAL_Driver/stm32f4xx_hal_exti.o
LOAD ./Drivers/STM32F4xx_HAL_Driver/stm32f4xx_hal_flash.o
LOAD ./Drivers/STM32F4xx_HAL_Driver/stm32f4xx_hal_flash_ex.o
LOAD ./Drivers/STM32F4xx_HAL_Driver/stm32f4xx_hal_flash_ramfunc.o
LOAD ./Drivers/STM32F4xx_HAL_Driver/stm32f4xx_hal_gpio.o
LOAD ./Drivers/STM32F4xx_HAL_Driver/stm32f4xx_hal_ltdc.o
LOAD ./Drivers/STM32F4xx_HAL_Driver/stm32f4xx_hal_ltdc_ex.o
LOAD ./Drivers/STM32F4xx_HAL_Driver/stm32f4xx_hal_nand.o
LOAD ./Drivers/STM32F4xx_HAL_Driver/stm32f4xx_hal_nor.o
LOAD ./Drivers/STM32F4xx_HAL_Driver/stm32f4xx_hal_pwr.o
LOAD ./Drivers/STM32F4xx_HAL_Driver/stm32f4xx_hal_pwr_ex.o
LOAD ./Drivers/STM32F4xx_HAL_Driver/stm32f4xx_hal_qspi.o
LOAD ./Drivers/STM32F4xx_HAL_Driver/stm32f4xx_hal_rcc.o
LOAD ./Drivers/STM32F4xx_HAL_Driver/stm32f4xx_hal_rcc_ex.o
LOAD ./Drivers/STM32F4xx_HAL_Driver/stm32f4xx_hal_sdram.o
LOAD ./Drivers/STM32F4xx_HAL_Driver/stm32f4xx_hal_spi.o
LOAD ./Drivers/STM32F4xx_HAL_Driver/stm32f4xx_hal_sram.o
LOAD ./Drivers/STM32F4xx_HAL_Driver/stm32f4xx_hal_tim.o
LOAD ./Drivers/STM32F4xx_HAL_Driver/stm32f4xx_hal_tim_ex.o
LOAD ./Drivers/STM32F4xx_HAL_Driver/stm32f4xx_hal_uart.o
LOAD ./Drivers/STM32F4xx_HAL_Driver/stm32f4xx_ll_adc.o
LOAD ./Drivers/STM32F4xx_HAL_Driver/stm32f4xx_ll_fmc.o
LOAD ./Middlewares/FreeRTOS/cmsis_os2.o
LOAD ./Middlewares/FreeRTOS/croutine.o
LOAD ./Middlewares/FreeRTOS/event_groups.o
LOAD ./Middlewares/FreeRTOS/heap_4.o
LOAD ./Middlewares/FreeRTOS/list.o
LOAD ./Middlewares/FreeRTOS/port.o
LOAD ./Middlewares/FreeRTOS/queue.o
LOAD ./Middlewares/FreeRTOS/stream_buffer.o
LOAD ./Middlewares/FreeRTOS/tasks.o
LOAD ./Middlewares/FreeRTOS/timers.o
START GROUP
LOAD C:/ST/STM32CubeIDE_1.17.0/STM32CubeIDE/plugins/com.st.stm32cube.ide.mcu.externaltools.gnu-tools-for-stm32.12.3.rel1.win32_1.1.0.202410251130/tools/bin/../lib/gcc/arm-none-eabi/12.3.1/../../../../arm-none-eabi/lib/thumb/v7e-m+fp/hard\libc_nano.a
LOAD C:/ST/STM32CubeIDE_1.17.0/STM32CubeIDE/plugins/com.st.stm32cube.ide.mcu.externaltools.gnu-tools-for-stm32.12.3.rel1.win32_1.1.0.202410251130/tools/bin/../lib/gcc/arm-none-eabi/12.3.1/../../../../arm-none-eabi/lib/thumb/v7e-m+fp/hard\libm.a
END GROUP
START GROUP
LOAD C:/ST/STM32CubeIDE_1.17.0/STM32CubeIDE/plugins/com.st.stm32cube.ide.mcu.externaltools.gnu-tools-for-stm32.12.3.rel1.win32_1.1.0.202410251130/tools/bin/../lib/gcc/arm-none-eabi/12.3.1/thumb/v7e-m+fp/hard\libgcc.a
LOAD C:/ST/STM32CubeIDE_1.17.0/STM32CubeIDE/plugins/com.st.stm32cube.ide.mcu.externaltools.gnu-tools-for-stm32.12.3.rel1.win32_1.1.0.202410251130/tools/bin/../lib/gcc/arm-none-eabi/12.3.1/../../../../arm-none-eabi/lib/thumb/v7e-m+fp/hard\libc_nano.a
END GROUP
START GROUP
LOAD C:/ST/STM32CubeIDE_1.17.0/STM32CubeIDE/plugins/com.st.stm32cube.ide.mcu.externaltools.gnu-tools-for-stm32.12.3.rel1.win32_1.1.0.202410251130/tools/bin/../lib/gcc/arm-none-eabi/12.3.1/thumb/v7e-m+fp/hard\libgcc.a
LOAD C:/ST/STM32CubeIDE_1.17.0/STM32CubeIDE/plugins/com.st.stm32cube.ide.mcu.externaltools.gnu-tools-for-stm32.12.3.rel1.win32_1.1.0.202410251130/tools/bin/../lib/gcc/arm-none-eabi/12.3.1/../../../../arm-none-eabi/lib/thumb/v7e-m+fp/hard\libc_nano.a
LOAD C:/ST/STM32CubeIDE_1.17.0/STM32CubeIDE/plugins/com.st.stm32cube.ide.mcu.externaltools.gnu-tools-for-stm32.12.3.rel1.win32_1.1.0.202410251130/tools/bin/../lib/gcc/arm-none-eabi/12.3.1/../../../../arm-none-eabi/lib/thumb/v7e-m+fp/hard\libnosys.a
END GROUP
START GROUP
LOAD C:/ST/STM32CubeIDE_1.17.0/STM32CubeIDE/plugins/com.st.stm32cube.ide.mcu.externaltools.gnu-tools-for-stm32.12.3.rel1.win32_1.1.0.202410251130/tools/bin/../lib/gcc/arm-none-eabi/12.3.1/thumb/v7e-m+fp/hard\libgcc.a
LOAD C:/ST/STM32CubeIDE_1.17.0/STM32CubeIDE/plugins/com.st.stm32cube.ide.mcu.externaltools.gnu-tools-for-stm32.12.3.rel1.win32_1.1.0.202410251130/tools/bin/../lib/gcc/arm-none-eabi/12.3.1/../../../../arm-none-eabi/lib/thumb/v7e-m+fp/hard\libc_nano.a
LOAD C:/ST/STM32CubeIDE_1.17.0/STM32CubeIDE/plugins/com.st.stm32cube.ide.mcu.externaltools.gnu-tools-for-stm32.12.3.rel1.win32_1.1.0.202410251130/tools/bin/../lib/gcc/arm-none-eabi/12.3.1/../../../../arm-none-eabi/lib/thumb/v7e-m+fp/hard\libnosys.a
END GROUP
LOAD C:/ST/STM32CubeIDE_1.17.0/STM32CubeIDE/plugins/com.st.stm32cube.ide.mcu.externaltools.gnu-tools-for-stm32.12.3.rel1.win32_1.1.0.202410251130/tools/bin/../lib/gcc/arm-none-eabi/12.3.1/thumb/v7e-m+fp/hard/crtend.o
LOAD C:/ST/STM32CubeIDE_1.17.0/STM32CubeIDE/plugins/com.st.stm32cube.ide.mcu.externaltools.gnu-tools-for-stm32.12.3.rel1.win32_1.1.0.202410251130/tools/bin/../lib/gcc/arm-none-eabi/12.3.1/thumb/v7e-m+fp/hard/crtn.o
                0x20050000                        _estack = (ORIGIN (RAM) + LENGTH (RAM))
                0x00000200                        _Min_Heap_Size = 0x200
                0x00000400                        _Min_Stack_Size = 0x400

.isr_vector     0x08000000      0x1b4
                0x08000000                        . = ALIGN (0x4)
 *(.isr_vector)
 .isr_vector    0x08000000      0x1b4 ./Core/Startup/startup_stm32f469iitx.o
                0x08000000                g_pfnVectors
                0x080001b4                        . = ALIGN (0x4)

.text           0x080001c0     0xc710
                0x080001c0                        . = ALIGN (0x4)
 *(.text)
 .text          0x080001c0       0x40 C:/ST/STM32CubeIDE_1.17.0/STM32CubeIDE/plugins/com.st.stm32cube.ide.mcu.externaltools.gnu-tools-for-stm32.12.3.rel1.win32_1.1.0.202410251130/tools/bin/../lib/gcc/arm-none-eabi/12.3.1/thumb/v7e-m+fp/hard/crtbegin.o
 .text          0x08000200       0x10 C:/ST/STM32CubeIDE_1.17.0/STM32CubeIDE/plugins/com.st.stm32cube.ide.mcu.externaltools.gnu-tools-for-stm32.12.3.rel1.win32_1.1.0.202410251130/tools/bin/../lib/gcc/arm-none-eabi/12.3.1/../../../../arm-none-eabi/lib/thumb/v7e-m+fp/hard\libc_nano.a(libc_a-strlen.o)
                0x08000200                strlen
 .text          0x08000210       0xa0 C:/ST/STM32CubeIDE_1.17.0/STM32CubeIDE/plugins/com.st.stm32cube.ide.mcu.externaltools.gnu-tools-for-stm32.12.3.rel1.win32_1.1.0.202410251130/tools/bin/../lib/gcc/arm-none-eabi/12.3.1/../../../../arm-none-eabi/lib/thumb/v7e-m+fp/hard\libc_nano.a(libc_a-memchr.o)
                0x08000210                memchr
 .text          0x080002b0      0x378 C:/ST/STM32CubeIDE_1.17.0/STM32CubeIDE/plugins/com.st.stm32cube.ide.mcu.externaltools.gnu-tools-for-stm32.12.3.rel1.win32_1.1.0.202410251130/tools/bin/../lib/gcc/arm-none-eabi/12.3.1/thumb/v7e-m+fp/hard\libgcc.a(_arm_addsubdf3.o)
                0x080002b0                __aeabi_drsub
                0x080002b8                __aeabi_dsub
                0x080002b8                __subdf3
                0x080002bc                __aeabi_dadd
                0x080002bc                __adddf3
                0x08000534                __floatunsidf
                0x08000534                __aeabi_ui2d
                0x08000554                __floatsidf
                0x08000554                __aeabi_i2d
                0x08000578                __aeabi_f2d
                0x08000578                __extendsfdf2
                0x080005bc                __floatundidf
                0x080005bc                __aeabi_ul2d
                0x080005cc                __floatdidf
                0x080005cc                __aeabi_l2d
 .text          0x08000628      0x424 C:/ST/STM32CubeIDE_1.17.0/STM32CubeIDE/plugins/com.st.stm32cube.ide.mcu.externaltools.gnu-tools-for-stm32.12.3.rel1.win32_1.1.0.202410251130/tools/bin/../lib/gcc/arm-none-eabi/12.3.1/thumb/v7e-m+fp/hard\libgcc.a(_arm_muldivdf3.o)
                0x08000628                __aeabi_dmul
                0x08000628                __muldf3
                0x0800087c                __divdf3
                0x0800087c                __aeabi_ddiv
 .text          0x08000a4c      0x110 C:/ST/STM32CubeIDE_1.17.0/STM32CubeIDE/plugins/com.st.stm32cube.ide.mcu.externaltools.gnu-tools-for-stm32.12.3.rel1.win32_1.1.0.202410251130/tools/bin/../lib/gcc/arm-none-eabi/12.3.1/thumb/v7e-m+fp/hard\libgcc.a(_arm_cmpdf2.o)
                0x08000a4c                __gtdf2
                0x08000a4c                __gedf2
                0x08000a54                __ltdf2
                0x08000a54                __ledf2
                0x08000a5c                __nedf2
                0x08000a5c                __eqdf2
                0x08000a5c                __cmpdf2
                0x08000ad8                __aeabi_cdrcmple
                0x08000ae8                __aeabi_cdcmpeq
                0x08000ae8                __aeabi_cdcmple
                0x08000af8                __aeabi_dcmpeq
                0x08000b0c                __aeabi_dcmplt
                0x08000b20                __aeabi_dcmple
                0x08000b34                __aeabi_dcmpge
                0x08000b48                __aeabi_dcmpgt
 .text          0x08000b5c       0x2c C:/ST/STM32CubeIDE_1.17.0/STM32CubeIDE/plugins/com.st.stm32cube.ide.mcu.externaltools.gnu-tools-for-stm32.12.3.rel1.win32_1.1.0.202410251130/tools/bin/../lib/gcc/arm-none-eabi/12.3.1/thumb/v7e-m+fp/hard\libgcc.a(_arm_unorddf2.o)
                0x08000b5c                __unorddf2
                0x08000b5c                __aeabi_dcmpun
 .text          0x08000b88       0x50 C:/ST/STM32CubeIDE_1.17.0/STM32CubeIDE/plugins/com.st.stm32cube.ide.mcu.externaltools.gnu-tools-for-stm32.12.3.rel1.win32_1.1.0.202410251130/tools/bin/../lib/gcc/arm-none-eabi/12.3.1/thumb/v7e-m+fp/hard\libgcc.a(_arm_fixdfsi.o)
                0x08000b88                __aeabi_d2iz
                0x08000b88                __fixdfsi
 .text          0x08000bd8       0x30 C:/ST/STM32CubeIDE_1.17.0/STM32CubeIDE/plugins/com.st.stm32cube.ide.mcu.externaltools.gnu-tools-for-stm32.12.3.rel1.win32_1.1.0.202410251130/tools/bin/../lib/gcc/arm-none-eabi/12.3.1/thumb/v7e-m+fp/hard\libgcc.a(_aeabi_uldivmod.o)
                0x08000bd8                __aeabi_uldivmod
 .text          0x08000c08      0x2bc C:/ST/STM32CubeIDE_1.17.0/STM32CubeIDE/plugins/com.st.stm32cube.ide.mcu.externaltools.gnu-tools-for-stm32.12.3.rel1.win32_1.1.0.202410251130/tools/bin/../lib/gcc/arm-none-eabi/12.3.1/thumb/v7e-m+fp/hard\libgcc.a(_udivmoddi4.o)
                0x08000c08                __udivmoddi4
 .text          0x08000ec4        0x4 C:/ST/STM32CubeIDE_1.17.0/STM32CubeIDE/plugins/com.st.stm32cube.ide.mcu.externaltools.gnu-tools-for-stm32.12.3.rel1.win32_1.1.0.202410251130/tools/bin/../lib/gcc/arm-none-eabi/12.3.1/thumb/v7e-m+fp/hard\libgcc.a(_dvmd_tls.o)
                0x08000ec4                __aeabi_idiv0
                0x08000ec4                __aeabi_ldiv0
 *(.text*)
 .text.main     0x08000ec8      0x2e4 ./Core/Src/main.o
                0x08000ec8                main
 .text.SystemClock_Config
                0x080011ac       0xe4 ./Core/Src/main.o
                0x080011ac                SystemClock_Config
 .text.MX_ADC1_Init
                0x08001290       0xa4 ./Core/Src/main.o
 .text.MX_LTDC_Init
                0x08001334      0x2d4 ./Core/Src/main.o
 .text.MX_QUADSPI_Init
                0x08001608       0x58 ./Core/Src/main.o
 .text.MX_SPI2_Init
                0x08001660       0x6c ./Core/Src/main.o
 .text.MX_UART4_Init
                0x080016cc       0x54 ./Core/Src/main.o
 .text.MX_UART5_Init
                0x08001720       0x54 ./Core/Src/main.o
 .text.MX_UART8_Init
                0x08001774       0x54 ./Core/Src/main.o
 .text.MX_DMA_Init
                0x080017c8       0x40 ./Core/Src/main.o
 .text.MX_FMC_Init
                0x08001808      0x110 ./Core/Src/main.o
 .text.MX_GPIO_Init
                0x08001918      0x25c ./Core/Src/main.o
 .text.RESTORE_ADC
                0x08001b74       0xa8 ./Core/Src/main.o
                0x08001b74                RESTORE_ADC
 .text.mainFunction
                0x08001c1c       0x44 ./Core/Src/main.o
                0x08001c1c                mainFunction
 .text.uartFunction
                0x08001c60       0x44 ./Core/Src/main.o
                0x08001c60                uartFunction
 .text.adcFunction
                0x08001ca4       0x94 ./Core/Src/main.o
                0x08001ca4                adcFunction
 .text.lcd_function
                0x08001d38       0x44 ./Core/Src/main.o
                0x08001d38                lcd_function
 .text.HAL_TIM_PeriodElapsedCallback
                0x08001d7c       0x24 ./Core/Src/main.o
                0x08001d7c                HAL_TIM_PeriodElapsedCallback
 .text.Error_Handler
                0x08001da0        0xc ./Core/Src/main.o
                0x08001da0                Error_Handler
 .text.HAL_MspInit
                0x08001dac       0x58 ./Core/Src/stm32f4xx_hal_msp.o
                0x08001dac                HAL_MspInit
 .text.HAL_ADC_MspInit
                0x08001e04      0x128 ./Core/Src/stm32f4xx_hal_msp.o
                0x08001e04                HAL_ADC_MspInit
 .text.HAL_LTDC_MspInit
                0x08001f2c      0x300 ./Core/Src/stm32f4xx_hal_msp.o
                0x08001f2c                HAL_LTDC_MspInit
 .text.HAL_QSPI_MspInit
                0x0800222c      0x174 ./Core/Src/stm32f4xx_hal_msp.o
                0x0800222c                HAL_QSPI_MspInit
 .text.HAL_SPI_MspInit
                0x080023a0       0xd0 ./Core/Src/stm32f4xx_hal_msp.o
                0x080023a0                HAL_SPI_MspInit
 .text.HAL_UART_MspInit
                0x08002470      0x1a8 ./Core/Src/stm32f4xx_hal_msp.o
                0x08002470                HAL_UART_MspInit
 .text.HAL_FMC_MspInit
                0x08002618      0x104 ./Core/Src/stm32f4xx_hal_msp.o
 .text.HAL_SDRAM_MspInit
                0x0800271c       0x14 ./Core/Src/stm32f4xx_hal_msp.o
                0x0800271c                HAL_SDRAM_MspInit
 .text.HAL_InitTick
                0x08002730       0xf8 ./Core/Src/stm32f4xx_hal_timebase_tim.o
                0x08002730                HAL_InitTick
 .text.NMI_Handler
                0x08002828        0x8 ./Core/Src/stm32f4xx_it.o
                0x08002828                NMI_Handler
 .text.HardFault_Handler
                0x08002830        0x8 ./Core/Src/stm32f4xx_it.o
                0x08002830                HardFault_Handler
 .text.MemManage_Handler
                0x08002838        0x8 ./Core/Src/stm32f4xx_it.o
                0x08002838                MemManage_Handler
 .text.BusFault_Handler
                0x08002840        0x8 ./Core/Src/stm32f4xx_it.o
                0x08002840                BusFault_Handler
 .text.UsageFault_Handler
                0x08002848        0x8 ./Core/Src/stm32f4xx_it.o
                0x08002848                UsageFault_Handler
 .text.DebugMon_Handler
                0x08002850        0xe ./Core/Src/stm32f4xx_it.o
                0x08002850                DebugMon_Handler
 *fill*         0x0800285e        0x2 
 .text.TIM6_DAC_IRQHandler
                0x08002860       0x14 ./Core/Src/stm32f4xx_it.o
                0x08002860                TIM6_DAC_IRQHandler
 .text.DMA2_Stream0_IRQHandler
                0x08002874       0x14 ./Core/Src/stm32f4xx_it.o
                0x08002874                DMA2_Stream0_IRQHandler
 .text.LTDC_IRQHandler
                0x08002888       0x14 ./Core/Src/stm32f4xx_it.o
                0x08002888                LTDC_IRQHandler
 .text._sbrk    0x0800289c       0x6c ./Core/Src/sysmem.o
                0x0800289c                _sbrk
 .text.SystemInit
                0x08002908       0x24 ./Core/Src/system_stm32f4xx.o
                0x08002908                SystemInit
 .text.Reset_Handler
                0x0800292c       0x50 ./Core/Startup/startup_stm32f469iitx.o
                0x0800292c                Reset_Handler
 .text.Default_Handler
                0x0800297c        0x2 ./Core/Startup/startup_stm32f469iitx.o
                0x0800297c                RTC_Alarm_IRQHandler
                0x0800297c                HASH_RNG_IRQHandler
                0x0800297c                EXTI2_IRQHandler
                0x0800297c                TIM8_CC_IRQHandler
                0x0800297c                UART8_IRQHandler
                0x0800297c                SPI4_IRQHandler
                0x0800297c                TIM1_CC_IRQHandler
                0x0800297c                DMA2_Stream5_IRQHandler
                0x0800297c                DMA1_Stream5_IRQHandler
                0x0800297c                PVD_IRQHandler
                0x0800297c                SDIO_IRQHandler
                0x0800297c                TAMP_STAMP_IRQHandler
                0x0800297c                CAN2_RX1_IRQHandler
                0x0800297c                EXTI3_IRQHandler
                0x0800297c                TIM8_TRG_COM_TIM14_IRQHandler
                0x0800297c                TIM1_UP_TIM10_IRQHandler
                0x0800297c                TIM8_UP_TIM13_IRQHandler
                0x0800297c                I2C3_ER_IRQHandler
                0x0800297c                EXTI0_IRQHandler
                0x0800297c                I2C2_EV_IRQHandler
                0x0800297c                DMA1_Stream2_IRQHandler
                0x0800297c                CAN1_RX0_IRQHandler
                0x0800297c                FPU_IRQHandler
                0x0800297c                OTG_HS_WKUP_IRQHandler
                0x0800297c                LTDC_ER_IRQHandler
                0x0800297c                CAN2_SCE_IRQHandler
                0x0800297c                DMA2_Stream2_IRQHandler
                0x0800297c                SPI1_IRQHandler
                0x0800297c                TIM1_BRK_TIM9_IRQHandler
                0x0800297c                DCMI_IRQHandler
                0x0800297c                CAN2_RX0_IRQHandler
                0x0800297c                DMA2_Stream3_IRQHandler
                0x0800297c                USART6_IRQHandler
                0x0800297c                USART3_IRQHandler
                0x0800297c                CAN1_RX1_IRQHandler
                0x0800297c                UART5_IRQHandler
                0x0800297c                TIM4_IRQHandler
                0x0800297c                QUADSPI_IRQHandler
                0x0800297c                I2C1_EV_IRQHandler
                0x0800297c                DMA1_Stream6_IRQHandler
                0x0800297c                DMA1_Stream1_IRQHandler
                0x0800297c                UART4_IRQHandler
                0x0800297c                TIM3_IRQHandler
                0x0800297c                RCC_IRQHandler
                0x0800297c                TIM8_BRK_TIM12_IRQHandler
                0x0800297c                Default_Handler
                0x0800297c                EXTI15_10_IRQHandler
                0x0800297c                ADC_IRQHandler
                0x0800297c                DMA1_Stream7_IRQHandler
                0x0800297c                SPI5_IRQHandler
                0x0800297c                TIM7_IRQHandler
                0x0800297c                CAN2_TX_IRQHandler
                0x0800297c                TIM5_IRQHandler
                0x0800297c                DMA2_Stream7_IRQHandler
                0x0800297c                I2C3_EV_IRQHandler
                0x0800297c                EXTI9_5_IRQHandler
                0x0800297c                RTC_WKUP_IRQHandler
                0x0800297c                ETH_WKUP_IRQHandler
                0x0800297c                SPI2_IRQHandler
                0x0800297c                OTG_HS_EP1_IN_IRQHandler
                0x0800297c                DMA1_Stream0_IRQHandler
                0x0800297c                CAN1_TX_IRQHandler
                0x0800297c                EXTI4_IRQHandler
                0x0800297c                DSI_IRQHandler
                0x0800297c                ETH_IRQHandler
                0x0800297c                OTG_HS_EP1_OUT_IRQHandler
                0x0800297c                WWDG_IRQHandler
                0x0800297c                SPI6_IRQHandler
                0x0800297c                TIM2_IRQHandler
                0x0800297c                OTG_FS_WKUP_IRQHandler
                0x0800297c                TIM1_TRG_COM_TIM11_IRQHandler
                0x0800297c                OTG_HS_IRQHandler
                0x0800297c                DMA2D_IRQHandler
                0x0800297c                EXTI1_IRQHandler
                0x0800297c                UART7_IRQHandler
                0x0800297c                USART2_IRQHandler
                0x0800297c                I2C2_ER_IRQHandler
                0x0800297c                DMA2_Stream1_IRQHandler
                0x0800297c                CAN1_SCE_IRQHandler
                0x0800297c                FLASH_IRQHandler
                0x0800297c                DMA2_Stream4_IRQHandler
                0x0800297c                USART1_IRQHandler
                0x0800297c                OTG_FS_IRQHandler
                0x0800297c                SPI3_IRQHandler
                0x0800297c                DMA1_Stream4_IRQHandler
                0x0800297c                I2C1_ER_IRQHandler
                0x0800297c                FMC_IRQHandler
                0x0800297c                DMA2_Stream6_IRQHandler
                0x0800297c                SAI1_IRQHandler
                0x0800297c                DMA1_Stream3_IRQHandler
 *fill*         0x0800297e        0x2 
 .text.CMD_HANDLER
                0x08002980      0x2b4 ./Core/lib/control/control.o
                0x08002980                CMD_HANDLER
 .text.HANDLE   0x08002c34       0x74 ./Core/lib/control/control.o
                0x08002c34                HANDLE
 .text.GUI_DrawPoint
                0x08002ca8       0x3c ./Core/lib/lcd/GUI.o
                0x08002ca8                GUI_DrawPoint
 .text.LCD_Fill
                0x08002ce4       0x68 ./Core/lib/lcd/GUI.o
                0x08002ce4                LCD_Fill
 .text.LCD_ShowChar
                0x08002d4c      0x130 ./Core/lib/lcd/GUI.o
                0x08002d4c                LCD_ShowChar
 .text.LCD_ShowString
                0x08002e7c       0xc2 ./Core/lib/lcd/GUI.o
                0x08002e7c                LCD_ShowString
 *fill*         0x08002f3e        0x2 
 .text.draw_terminal
                0x08002f40       0xdc ./Core/lib/lcd/GUI.o
                0x08002f40                draw_terminal
 .text.draw_var
                0x0800301c      0x1e8 ./Core/lib/lcd/GUI.o
                0x0800301c                draw_var
 .text.printf_  0x08003204       0xfc ./Core/lib/lcd/GUI.o
                0x08003204                printf_
 .text.addLine  0x08003300       0x60 ./Core/lib/lcd/GUI.o
                0x08003300                addLine
 .text.LCD_UpdateTypedTemp
                0x08003360       0x84 ./Core/lib/lcd/GUI.o
                0x08003360                LCD_UpdateTypedTemp
 .text.draw_futuristic_background
                0x080033e4      0x138 ./Core/lib/lcd/GUI.o
                0x080033e4                draw_futuristic_background
 .text.stampSquare
                0x0800351c       0x5e ./Core/lib/lcd/GUI.o
                0x0800351c                stampSquare
 .text.drawThickLine
                0x0800357a       0xc4 ./Core/lib/lcd/GUI.o
                0x0800357a                drawThickLine
 *fill*         0x0800363e        0x2 
 .text.draw_circle_filled
                0x08003640       0xa0 ./Core/lib/lcd/GUI.o
                0x08003640                draw_circle_filled
 .text.PAGE_HOME_INIT_VAR
                0x080036e0      0x1bc ./Core/lib/lcd/pages.o
                0x080036e0                PAGE_HOME_INIT_VAR
 .text.PAGE_HOME_Draw
                0x0800389c       0x28 ./Core/lib/lcd/pages.o
                0x0800389c                PAGE_HOME_Draw
 .text.draw_wifi_status
                0x080038c4       0x50 ./Core/lib/lcd/pages.o
                0x080038c4                draw_wifi_status
 .text.draw_statistic_panel
                0x08003914       0x38 ./Core/lib/lcd/pages.o
                0x08003914                draw_statistic_panel
 .text.draw_box_1
                0x0800394c       0xc0 ./Core/lib/lcd/pages.o
                0x0800394c                draw_box_1
 .text.update_setBox
                0x08003a0c       0x58 ./Core/lib/lcd/pages.o
                0x08003a0c                update_setBox
 .text.draw_box_2
                0x08003a64       0xb8 ./Core/lib/lcd/pages.o
                0x08003a64                draw_box_2
 .text.update_setTemp
                0x08003b1c       0x48 ./Core/lib/lcd/pages.o
                0x08003b1c                update_setTemp
 .text.update_outTemp
                0x08003b64       0x48 ./Core/lib/lcd/pages.o
                0x08003b64                update_outTemp
 .text.update_hotTemp
                0x08003bac       0x48 ./Core/lib/lcd/pages.o
                0x08003bac                update_hotTemp
 .text.draw_arrow_left
                0x08003bf4       0x9c ./Core/lib/lcd/pages.o
                0x08003bf4                draw_arrow_left
 .text.draw_arrow_right
                0x08003c90       0x90 ./Core/lib/lcd/pages.o
                0x08003c90                draw_arrow_right
 .text.scan_    0x08003d20      0x694 ./Core/lib/lcd/touch.o
                0x08003d20                scan_
 .text.get_value
                0x080043b4       0x98 ./Core/lib/lcd/touch.o
                0x080043b4                get_value
 .text.sort_    0x0800444c       0x86 ./Core/lib/lcd/touch.o
                0x0800444c                sort_
 .text.exchange
                0x080044d2       0x44 ./Core/lib/lcd/touch.o
                0x080044d2                exchange
 *fill*         0x08004516        0x2 
 .text.read_pad
                0x08004518      0x368 ./Core/lib/lcd/touch.o
                0x08004518                read_pad
 .text.get_button
                0x08004880      0x254 ./Core/lib/lcd/touch.o
                0x08004880                get_button
 .text.HAL_Init
                0x08004ad4       0x44 ./Drivers/STM32F4xx_HAL_Driver/stm32f4xx_hal.o
                0x08004ad4                HAL_Init
 .text.HAL_IncTick
                0x08004b18       0x28 ./Drivers/STM32F4xx_HAL_Driver/stm32f4xx_hal.o
                0x08004b18                HAL_IncTick
 .text.HAL_GetTick
                0x08004b40       0x18 ./Drivers/STM32F4xx_HAL_Driver/stm32f4xx_hal.o
                0x08004b40                HAL_GetTick
 .text.HAL_Delay
                0x08004b58       0x48 ./Drivers/STM32F4xx_HAL_Driver/stm32f4xx_hal.o
                0x08004b58                HAL_Delay
 .text.HAL_ADC_Init
                0x08004ba0       0x86 ./Drivers/STM32F4xx_HAL_Driver/stm32f4xx_hal_adc.o
                0x08004ba0                HAL_ADC_Init
 *fill*         0x08004c26        0x2 
 .text.HAL_ADC_Start
                0x08004c28      0x1a4 ./Drivers/STM32F4xx_HAL_Driver/stm32f4xx_hal_adc.o
                0x08004c28                HAL_ADC_Start
 .text.HAL_ADC_Stop
                0x08004dcc       0x66 ./Drivers/STM32F4xx_HAL_Driver/stm32f4xx_hal_adc.o
                0x08004dcc                HAL_ADC_Stop
 .text.HAL_ADC_PollForConversion
                0x08004e32      0x116 ./Drivers/STM32F4xx_HAL_Driver/stm32f4xx_hal_adc.o
                0x08004e32                HAL_ADC_PollForConversion
 .text.HAL_ADC_GetValue
                0x08004f48       0x1a ./Drivers/STM32F4xx_HAL_Driver/stm32f4xx_hal_adc.o
                0x08004f48                HAL_ADC_GetValue
 *fill*         0x08004f62        0x2 
 .text.HAL_ADC_ConfigChannel
                0x08004f64      0x264 ./Drivers/STM32F4xx_HAL_Driver/stm32f4xx_hal_adc.o
                0x08004f64                HAL_ADC_ConfigChannel
 .text.ADC_Init
                0x080051c8      0x1f8 ./Drivers/STM32F4xx_HAL_Driver/stm32f4xx_hal_adc.o
 .text.__NVIC_SetPriorityGrouping
                0x080053c0       0x48 ./Drivers/STM32F4xx_HAL_Driver/stm32f4xx_hal_cortex.o
 .text.__NVIC_GetPriorityGrouping
                0x08005408       0x1c ./Drivers/STM32F4xx_HAL_Driver/stm32f4xx_hal_cortex.o
 .text.__NVIC_EnableIRQ
                0x08005424       0x3c ./Drivers/STM32F4xx_HAL_Driver/stm32f4xx_hal_cortex.o
 .text.__NVIC_SetPriority
                0x08005460       0x54 ./Drivers/STM32F4xx_HAL_Driver/stm32f4xx_hal_cortex.o
 .text.NVIC_EncodePriority
                0x080054b4       0x66 ./Drivers/STM32F4xx_HAL_Driver/stm32f4xx_hal_cortex.o
 .text.HAL_NVIC_SetPriorityGrouping
                0x0800551a       0x16 ./Drivers/STM32F4xx_HAL_Driver/stm32f4xx_hal_cortex.o
                0x0800551a                HAL_NVIC_SetPriorityGrouping
 .text.HAL_NVIC_SetPriority
                0x08005530       0x38 ./Drivers/STM32F4xx_HAL_Driver/stm32f4xx_hal_cortex.o
                0x08005530                HAL_NVIC_SetPriority
 .text.HAL_NVIC_EnableIRQ
                0x08005568       0x1c ./Drivers/STM32F4xx_HAL_Driver/stm32f4xx_hal_cortex.o
                0x08005568                HAL_NVIC_EnableIRQ
 .text.HAL_DMA_Init
                0x08005584      0x15c ./Drivers/STM32F4xx_HAL_Driver/stm32f4xx_hal_dma.o
                0x08005584                HAL_DMA_Init
 .text.HAL_DMA_IRQHandler
                0x080056e0      0x314 ./Drivers/STM32F4xx_HAL_Driver/stm32f4xx_hal_dma.o
                0x080056e0                HAL_DMA_IRQHandler
 .text.DMA_CalcBaseAndBitshift
                0x080059f4       0x6c ./Drivers/STM32F4xx_HAL_Driver/stm32f4xx_hal_dma.o
 .text.DMA_CheckFifoParam
                0x08005a60       0xf8 ./Drivers/STM32F4xx_HAL_Driver/stm32f4xx_hal_dma.o
 .text.HAL_GPIO_Init
                0x08005b58      0x358 ./Drivers/STM32F4xx_HAL_Driver/stm32f4xx_hal_gpio.o
                0x08005b58                HAL_GPIO_Init
 .text.HAL_GPIO_WritePin
                0x08005eb0       0x32 ./Drivers/STM32F4xx_HAL_Driver/stm32f4xx_hal_gpio.o
                0x08005eb0                HAL_GPIO_WritePin
 *fill*         0x08005ee2        0x2 
 .text.HAL_LTDC_Init
                0x08005ee4      0x1a0 ./Drivers/STM32F4xx_HAL_Driver/stm32f4xx_hal_ltdc.o
                0x08005ee4                HAL_LTDC_Init
 .text.HAL_LTDC_IRQHandler
                0x08006084      0x148 ./Drivers/STM32F4xx_HAL_Driver/stm32f4xx_hal_ltdc.o
                0x08006084                HAL_LTDC_IRQHandler
 .text.HAL_LTDC_ErrorCallback
                0x080061cc       0x14 ./Drivers/STM32F4xx_HAL_Driver/stm32f4xx_hal_ltdc.o
                0x080061cc                HAL_LTDC_ErrorCallback
 .text.HAL_LTDC_LineEventCallback
                0x080061e0       0x14 ./Drivers/STM32F4xx_HAL_Driver/stm32f4xx_hal_ltdc.o
                0x080061e0                HAL_LTDC_LineEventCallback
 .text.HAL_LTDC_ReloadEventCallback
                0x080061f4       0x14 ./Drivers/STM32F4xx_HAL_Driver/stm32f4xx_hal_ltdc.o
                0x080061f4                HAL_LTDC_ReloadEventCallback
 .text.HAL_LTDC_ConfigLayer
                0x08006208       0x7c ./Drivers/STM32F4xx_HAL_Driver/stm32f4xx_hal_ltdc.o
                0x08006208                HAL_LTDC_ConfigLayer
 .text.LTDC_SetConfig
                0x08006284      0x32e ./Drivers/STM32F4xx_HAL_Driver/stm32f4xx_hal_ltdc.o
 *fill*         0x080065b2        0x2 
 .text.HAL_PWREx_EnableOverDrive
                0x080065b4       0xa0 ./Drivers/STM32F4xx_HAL_Driver/stm32f4xx_hal_pwr_ex.o
                0x080065b4                HAL_PWREx_EnableOverDrive
 .text.HAL_QSPI_Init
                0x08006654       0xf8 ./Drivers/STM32F4xx_HAL_Driver/stm32f4xx_hal_qspi.o
                0x08006654                HAL_QSPI_Init
 .text.HAL_QSPI_SetTimeout
                0x0800674c       0x1c ./Drivers/STM32F4xx_HAL_Driver/stm32f4xx_hal_qspi.o
                0x0800674c                HAL_QSPI_SetTimeout
 .text.QSPI_WaitFlagStateUntilTimeout
                0x08006768       0x6e ./Drivers/STM32F4xx_HAL_Driver/stm32f4xx_hal_qspi.o
 *fill*         0x080067d6        0x2 
 .text.HAL_RCC_ClockConfig
                0x080067d8      0x1cc ./Drivers/STM32F4xx_HAL_Driver/stm32f4xx_hal_rcc.o
                0x080067d8                HAL_RCC_ClockConfig
 .text.HAL_RCC_GetSysClockFreq
                0x080069a4      0x18c ./Drivers/STM32F4xx_HAL_Driver/stm32f4xx_hal_rcc.o
                0x080069a4                HAL_RCC_GetSysClockFreq
 .text.HAL_RCC_GetHCLKFreq
                0x08006b30       0x18 ./Drivers/STM32F4xx_HAL_Driver/stm32f4xx_hal_rcc.o
                0x08006b30                HAL_RCC_GetHCLKFreq
 .text.HAL_RCC_GetPCLK1Freq
                0x08006b48       0x28 ./Drivers/STM32F4xx_HAL_Driver/stm32f4xx_hal_rcc.o
                0x08006b48                HAL_RCC_GetPCLK1Freq
 .text.HAL_RCC_GetPCLK2Freq
                0x08006b70       0x28 ./Drivers/STM32F4xx_HAL_Driver/stm32f4xx_hal_rcc.o
                0x08006b70                HAL_RCC_GetPCLK2Freq
 .text.HAL_RCC_GetClockConfig
                0x08006b98       0x64 ./Drivers/STM32F4xx_HAL_Driver/stm32f4xx_hal_rcc.o
                0x08006b98                HAL_RCC_GetClockConfig
 .text.HAL_RCCEx_PeriphCLKConfig
                0x08006bfc      0x47c ./Drivers/STM32F4xx_HAL_Driver/stm32f4xx_hal_rcc_ex.o
                0x08006bfc                HAL_RCCEx_PeriphCLKConfig
 .text.HAL_RCC_OscConfig
                0x08007078      0x508 ./Drivers/STM32F4xx_HAL_Driver/stm32f4xx_hal_rcc_ex.o
                0x08007078                HAL_RCC_OscConfig
 .text.HAL_SDRAM_Init
                0x08007580       0x68 ./Drivers/STM32F4xx_HAL_Driver/stm32f4xx_hal_sdram.o
                0x08007580                HAL_SDRAM_Init
 .text.HAL_SDRAM_Write_16b
                0x080075e8       0xce ./Drivers/STM32F4xx_HAL_Driver/stm32f4xx_hal_sdram.o
                0x080075e8                HAL_SDRAM_Write_16b
 .text.HAL_SDRAM_SendCommand
                0x080076b6       0x6a ./Drivers/STM32F4xx_HAL_Driver/stm32f4xx_hal_sdram.o
                0x080076b6                HAL_SDRAM_SendCommand
 .text.HAL_SDRAM_ProgramRefreshRate
                0x08007720       0x50 ./Drivers/STM32F4xx_HAL_Driver/stm32f4xx_hal_sdram.o
                0x08007720                HAL_SDRAM_ProgramRefreshRate
 .text.HAL_SPI_Init
                0x08007770      0x112 ./Drivers/STM32F4xx_HAL_Driver/stm32f4xx_hal_spi.o
                0x08007770                HAL_SPI_Init
 .text.HAL_TIM_Base_Init
                0x08007882       0x9e ./Drivers/STM32F4xx_HAL_Driver/stm32f4xx_hal_tim.o
                0x08007882                HAL_TIM_Base_Init
 .text.HAL_TIM_Base_MspInit
                0x08007920       0x14 ./Drivers/STM32F4xx_HAL_Driver/stm32f4xx_hal_tim.o
                0x08007920                HAL_TIM_Base_MspInit
 .text.HAL_TIM_Base_Start_IT
                0x08007934       0xe0 ./Drivers/STM32F4xx_HAL_Driver/stm32f4xx_hal_tim.o
                0x08007934                HAL_TIM_Base_Start_IT
 .text.HAL_TIM_IRQHandler
                0x08007a14      0x1e0 ./Drivers/STM32F4xx_HAL_Driver/stm32f4xx_hal_tim.o
                0x08007a14                HAL_TIM_IRQHandler
 .text.HAL_TIM_OC_DelayElapsedCallback
                0x08007bf4       0x14 ./Drivers/STM32F4xx_HAL_Driver/stm32f4xx_hal_tim.o
                0x08007bf4                HAL_TIM_OC_DelayElapsedCallback
 .text.HAL_TIM_IC_CaptureCallback
                0x08007c08       0x14 ./Drivers/STM32F4xx_HAL_Driver/stm32f4xx_hal_tim.o
                0x08007c08                HAL_TIM_IC_CaptureCallback
 .text.HAL_TIM_PWM_PulseFinishedCallback
                0x08007c1c       0x14 ./Drivers/STM32F4xx_HAL_Driver/stm32f4xx_hal_tim.o
                0x08007c1c                HAL_TIM_PWM_PulseFinishedCallback
 .text.HAL_TIM_TriggerCallback
                0x08007c30       0x14 ./Drivers/STM32F4xx_HAL_Driver/stm32f4xx_hal_tim.o
                0x08007c30                HAL_TIM_TriggerCallback
 .text.TIM_Base_SetConfig
                0x08007c44      0x158 ./Drivers/STM32F4xx_HAL_Driver/stm32f4xx_hal_tim.o
                0x08007c44                TIM_Base_SetConfig
 .text.HAL_TIMEx_CommutCallback
                0x08007d9c       0x14 ./Drivers/STM32F4xx_HAL_Driver/stm32f4xx_hal_tim_ex.o
                0x08007d9c                HAL_TIMEx_CommutCallback
 .text.HAL_TIMEx_BreakCallback
                0x08007db0       0x14 ./Drivers/STM32F4xx_HAL_Driver/stm32f4xx_hal_tim_ex.o
                0x08007db0                HAL_TIMEx_BreakCallback
 .text.HAL_UART_Init
                0x08007dc4       0xa0 ./Drivers/STM32F4xx_HAL_Driver/stm32f4xx_hal_uart.o
                0x08007dc4                HAL_UART_Init
 .text.HAL_UART_Transmit
                0x08007e64      0x116 ./Drivers/STM32F4xx_HAL_Driver/stm32f4xx_hal_uart.o
                0x08007e64                HAL_UART_Transmit
 .text.UART_WaitOnFlagUntilTimeout
                0x08007f7a       0xb2 ./Drivers/STM32F4xx_HAL_Driver/stm32f4xx_hal_uart.o
 .text.UART_EndRxTransfer
                0x0800802c       0xc6 ./Drivers/STM32F4xx_HAL_Driver/stm32f4xx_hal_uart.o
 *fill*         0x080080f2        0x2 
 .text.UART_SetConfig
                0x080080f4      0x4e8 ./Drivers/STM32F4xx_HAL_Driver/stm32f4xx_hal_uart.o
 .text.FMC_SDRAM_Init
                0x080085dc       0xba ./Drivers/STM32F4xx_HAL_Driver/stm32f4xx_ll_fmc.o
                0x080085dc                FMC_SDRAM_Init
 .text.FMC_SDRAM_Timing_Init
                0x08008696       0xd2 ./Drivers/STM32F4xx_HAL_Driver/stm32f4xx_ll_fmc.o
                0x08008696                FMC_SDRAM_Timing_Init
 .text.FMC_SDRAM_SendCommand
                0x08008768       0x7a ./Drivers/STM32F4xx_HAL_Driver/stm32f4xx_ll_fmc.o
                0x08008768                FMC_SDRAM_SendCommand
 .text.FMC_SDRAM_ProgramRefreshRate
                0x080087e2       0x2e ./Drivers/STM32F4xx_HAL_Driver/stm32f4xx_ll_fmc.o
                0x080087e2                FMC_SDRAM_ProgramRefreshRate
 .text.__NVIC_SetPriority
                0x08008810       0x54 ./Middlewares/FreeRTOS/cmsis_os2.o
 .text.SysTick_Handler
                0x08008864       0x20 ./Middlewares/FreeRTOS/cmsis_os2.o
                0x08008864                SysTick_Handler
 .text.SVC_Setup
                0x08008884       0x12 ./Middlewares/FreeRTOS/cmsis_os2.o
 *fill*         0x08008896        0x2 
 .text.osKernelInitialize
                0x08008898       0x48 ./Middlewares/FreeRTOS/cmsis_os2.o
                0x08008898                osKernelInitialize
 .text.osKernelStart
                0x080088e0       0x4c ./Middlewares/FreeRTOS/cmsis_os2.o
                0x080088e0                osKernelStart
 .text.osThreadNew
                0x0800892c      0x124 ./Middlewares/FreeRTOS/cmsis_os2.o
                0x0800892c                osThreadNew
 .text.osDelay  0x08008a50       0x36 ./Middlewares/FreeRTOS/cmsis_os2.o
                0x08008a50                osDelay
 .text.osMutexNew
                0x08008a86      0x10c ./Middlewares/FreeRTOS/cmsis_os2.o
                0x08008a86                osMutexNew
 .text.osMutexAcquire
                0x08008b92       0x96 ./Middlewares/FreeRTOS/cmsis_os2.o
                0x08008b92                osMutexAcquire
 .text.osMutexRelease
                0x08008c28       0x7a ./Middlewares/FreeRTOS/cmsis_os2.o
                0x08008c28                osMutexRelease
 *fill*         0x08008ca2        0x2 
 .text.vApplicationGetIdleTaskMemory
                0x08008ca4       0x34 ./Middlewares/FreeRTOS/cmsis_os2.o
                0x08008ca4                vApplicationGetIdleTaskMemory
 .text.vApplicationGetTimerTaskMemory
                0x08008cd8       0x34 ./Middlewares/FreeRTOS/cmsis_os2.o
                0x08008cd8                vApplicationGetTimerTaskMemory
 .text.pvPortMalloc
                0x08008d0c      0x19c ./Middlewares/FreeRTOS/heap_4.o
                0x08008d0c                pvPortMalloc
 .text.vPortFree
                0x08008ea8       0xc8 ./Middlewares/FreeRTOS/heap_4.o
                0x08008ea8                vPortFree
 .text.prvHeapInit
                0x08008f70       0xc4 ./Middlewares/FreeRTOS/heap_4.o
 .text.prvInsertBlockIntoFreeList
                0x08009034       0xb4 ./Middlewares/FreeRTOS/heap_4.o
 .text.vListInitialise
                0x080090e8       0x40 ./Middlewares/FreeRTOS/list.o
                0x080090e8                vListInitialise
 .text.vListInitialiseItem
                0x08009128       0x1a ./Middlewares/FreeRTOS/list.o
                0x08009128                vListInitialiseItem
 .text.vListInsertEnd
                0x08009142       0x48 ./Middlewares/FreeRTOS/list.o
                0x08009142                vListInsertEnd
 .text.vListInsert
                0x0800918a       0x72 ./Middlewares/FreeRTOS/list.o
                0x0800918a                vListInsert
 .text.uxListRemove
                0x080091fc       0x54 ./Middlewares/FreeRTOS/list.o
                0x080091fc                uxListRemove
 .text.pxPortInitialiseStack
                0x08009250       0x68 ./Middlewares/FreeRTOS/port.o
                0x08009250                pxPortInitialiseStack
 .text.prvTaskExitError
                0x080092b8       0x5c ./Middlewares/FreeRTOS/port.o
 *fill*         0x08009314        0xc 
 .text.SVC_Handler
                0x08009320       0x28 ./Middlewares/FreeRTOS/port.o
                0x08009320                SVC_Handler
 .text.prvPortStartFirstTask
                0x08009348       0x28 ./Middlewares/FreeRTOS/port.o
 .text.xPortStartScheduler
                0x08009370      0x148 ./Middlewares/FreeRTOS/port.o
                0x08009370                xPortStartScheduler
 .text.vPortEnterCritical
                0x080094b8       0x64 ./Middlewares/FreeRTOS/port.o
                0x080094b8                vPortEnterCritical
 .text.vPortExitCritical
                0x0800951c       0x54 ./Middlewares/FreeRTOS/port.o
                0x0800951c                vPortExitCritical
 .text.PendSV_Handler
                0x08009570       0x68 ./Middlewares/FreeRTOS/port.o
                0x08009570                PendSV_Handler
 .text.xPortSysTickHandler
                0x080095d8       0x44 ./Middlewares/FreeRTOS/port.o
                0x080095d8                xPortSysTickHandler
 .text.vPortSetupTimerInterrupt
                0x0800961c       0x48 ./Middlewares/FreeRTOS/port.o
                0x0800961c                vPortSetupTimerInterrupt
 .text.vPortEnableVFP
                0x08009664       0x14 ./Middlewares/FreeRTOS/port.o
 .text.vPortValidateInterruptPriority
                0x08009678       0x84 ./Middlewares/FreeRTOS/port.o
                0x08009678                vPortValidateInterruptPriority
 .text.xQueueGenericReset
                0x080096fc       0xd4 ./Middlewares/FreeRTOS/queue.o
                0x080096fc                xQueueGenericReset
 .text.xQueueGenericCreateStatic
                0x080097d0       0xfa ./Middlewares/FreeRTOS/queue.o
                0x080097d0                xQueueGenericCreateStatic
 .text.xQueueGenericCreate
                0x080098ca       0x76 ./Middlewares/FreeRTOS/queue.o
                0x080098ca                xQueueGenericCreate
 .text.prvInitialiseNewQueue
                0x08009940       0x46 ./Middlewares/FreeRTOS/queue.o
 .text.prvInitialiseMutex
                0x08009986       0x34 ./Middlewares/FreeRTOS/queue.o
 .text.xQueueCreateMutex
                0x080099ba       0x30 ./Middlewares/FreeRTOS/queue.o
                0x080099ba                xQueueCreateMutex
 .text.xQueueCreateMutexStatic
                0x080099ea       0x36 ./Middlewares/FreeRTOS/queue.o
                0x080099ea                xQueueCreateMutexStatic
 .text.xQueueGiveMutexRecursive
                0x08009a20       0x6a ./Middlewares/FreeRTOS/queue.o
                0x08009a20                xQueueGiveMutexRecursive
 .text.xQueueTakeMutexRecursive
                0x08009a8a       0x6e ./Middlewares/FreeRTOS/queue.o
                0x08009a8a                xQueueTakeMutexRecursive
 .text.xQueueGenericSend
                0x08009af8      0x204 ./Middlewares/FreeRTOS/queue.o
                0x08009af8                xQueueGenericSend
 .text.xQueueGenericSendFromISR
                0x08009cfc      0x13c ./Middlewares/FreeRTOS/queue.o
                0x08009cfc                xQueueGenericSendFromISR
 .text.xQueueReceive
                0x08009e38      0x1c4 ./Middlewares/FreeRTOS/queue.o
                0x08009e38                xQueueReceive
 .text.xQueueSemaphoreTake
                0x08009ffc      0x220 ./Middlewares/FreeRTOS/queue.o
                0x08009ffc                xQueueSemaphoreTake
 .text.prvGetDisinheritPriorityAfterTimeout
                0x0800a21c       0x30 ./Middlewares/FreeRTOS/queue.o
 .text.prvCopyDataToQueue
                0x0800a24c       0xd4 ./Middlewares/FreeRTOS/queue.o
 .text.prvCopyDataFromQueue
                0x0800a320       0x4c ./Middlewares/FreeRTOS/queue.o
 .text.prvUnlockQueue
                0x0800a36c       0xa4 ./Middlewares/FreeRTOS/queue.o
 .text.prvIsQueueEmpty
                0x0800a410       0x2c ./Middlewares/FreeRTOS/queue.o
 .text.prvIsQueueFull
                0x0800a43c       0x30 ./Middlewares/FreeRTOS/queue.o
 .text.vQueueAddToRegistry
                0x0800a46c       0x54 ./Middlewares/FreeRTOS/queue.o
                0x0800a46c                vQueueAddToRegistry
 .text.vQueueWaitForMessageRestricted
                0x0800a4c0       0x68 ./Middlewares/FreeRTOS/queue.o
                0x0800a4c0                vQueueWaitForMessageRestricted
 .text.xTaskCreateStatic
                0x0800a528       0xc0 ./Middlewares/FreeRTOS/tasks.o
                0x0800a528                xTaskCreateStatic
 .text.xTaskCreate
                0x0800a5e8       0x8a ./Middlewares/FreeRTOS/tasks.o
                0x0800a5e8                xTaskCreate
 *fill*         0x0800a672        0x2 
 .text.prvInitialiseNewTask
                0x0800a674      0x150 ./Middlewares/FreeRTOS/tasks.o
 .text.prvAddNewTaskToReadyList
                0x0800a7c4       0xe0 ./Middlewares/FreeRTOS/tasks.o
 .text.vTaskDelay
                0x0800a8a4       0x6c ./Middlewares/FreeRTOS/tasks.o
                0x0800a8a4                vTaskDelay
 .text.vTaskStartScheduler
                0x0800a910       0xe0 ./Middlewares/FreeRTOS/tasks.o
                0x0800a910                vTaskStartScheduler
 .text.vTaskSuspendAll
                0x0800a9f0       0x1c ./Middlewares/FreeRTOS/tasks.o
                0x0800a9f0                vTaskSuspendAll
 .text.xTaskResumeAll
                0x0800aa0c      0x13c ./Middlewares/FreeRTOS/tasks.o
                0x0800aa0c                xTaskResumeAll
 .text.xTaskGetTickCount
                0x0800ab48       0x20 ./Middlewares/FreeRTOS/tasks.o
                0x0800ab48                xTaskGetTickCount
 .text.xTaskIncrementTick
                0x0800ab68      0x174 ./Middlewares/FreeRTOS/tasks.o
                0x0800ab68                xTaskIncrementTick
 .text.vTaskSwitchContext
                0x0800acdc       0xcc ./Middlewares/FreeRTOS/tasks.o
                0x0800acdc                vTaskSwitchContext
 .text.vTaskPlaceOnEventList
                0x0800ada8       0x4c ./Middlewares/FreeRTOS/tasks.o
                0x0800ada8                vTaskPlaceOnEventList
 .text.vTaskPlaceOnEventListRestricted
                0x0800adf4       0x58 ./Middlewares/FreeRTOS/tasks.o
                0x0800adf4                vTaskPlaceOnEventListRestricted
 .text.xTaskRemoveFromEventList
                0x0800ae4c       0xc8 ./Middlewares/FreeRTOS/tasks.o
                0x0800ae4c                xTaskRemoveFromEventList
 .text.vTaskInternalSetTimeOutState
                0x0800af14       0x2c ./Middlewares/FreeRTOS/tasks.o
                0x0800af14                vTaskInternalSetTimeOutState
 .text.xTaskCheckForTimeOut
                0x0800af40       0xc8 ./Middlewares/FreeRTOS/tasks.o
                0x0800af40                xTaskCheckForTimeOut
 .text.vTaskMissedYield
                0x0800b008       0x18 ./Middlewares/FreeRTOS/tasks.o
                0x0800b008                vTaskMissedYield
 .text.prvIdleTask
                0x0800b020       0x30 ./Middlewares/FreeRTOS/tasks.o
 .text.prvInitialiseTaskLists
                0x0800b050       0x80 ./Middlewares/FreeRTOS/tasks.o
 .text.prvCheckTasksWaitingTermination
                0x0800b0d0       0x5c ./Middlewares/FreeRTOS/tasks.o
 .text.prvDeleteTCB
                0x0800b12c       0x6a ./Middlewares/FreeRTOS/tasks.o
 *fill*         0x0800b196        0x2 
 .text.prvResetNextTaskUnblockTime
                0x0800b198       0x40 ./Middlewares/FreeRTOS/tasks.o
 .text.xTaskGetCurrentTaskHandle
                0x0800b1d8       0x20 ./Middlewares/FreeRTOS/tasks.o
                0x0800b1d8                xTaskGetCurrentTaskHandle
 .text.xTaskGetSchedulerState
                0x0800b1f8       0x3c ./Middlewares/FreeRTOS/tasks.o
                0x0800b1f8                xTaskGetSchedulerState
 .text.xTaskPriorityInherit
                0x0800b234       0xd0 ./Middlewares/FreeRTOS/tasks.o
                0x0800b234                xTaskPriorityInherit
 .text.xTaskPriorityDisinherit
                0x0800b304       0xe0 ./Middlewares/FreeRTOS/tasks.o
                0x0800b304                xTaskPriorityDisinherit
 .text.vTaskPriorityDisinheritAfterTimeout
                0x0800b3e4      0x108 ./Middlewares/FreeRTOS/tasks.o
                0x0800b3e4                vTaskPriorityDisinheritAfterTimeout
 .text.pvTaskIncrementMutexHeldCount
                0x0800b4ec       0x28 ./Middlewares/FreeRTOS/tasks.o
                0x0800b4ec                pvTaskIncrementMutexHeldCount
 .text.prvAddCurrentTaskToDelayedList
                0x0800b514       0xa8 ./Middlewares/FreeRTOS/tasks.o
 .text.xTimerCreateTimerTask
                0x0800b5bc       0x94 ./Middlewares/FreeRTOS/timers.o
                0x0800b5bc                xTimerCreateTimerTask
 .text.xTimerGenericCommand
                0x0800b650       0x9c ./Middlewares/FreeRTOS/timers.o
                0x0800b650                xTimerGenericCommand
 .text.prvProcessExpiredTimer
                0x0800b6ec       0x9c ./Middlewares/FreeRTOS/timers.o
 .text.prvTimerTask
                0x0800b788       0x26 ./Middlewares/FreeRTOS/timers.o
 *fill*         0x0800b7ae        0x2 
 .text.prvProcessTimerOrBlockTask
                0x0800b7b0       0x9c ./Middlewares/FreeRTOS/timers.o
 .text.prvGetNextExpireTime
                0x0800b84c       0x48 ./Middlewares/FreeRTOS/timers.o
 .text.prvSampleTimeNow
                0x0800b894       0x40 ./Middlewares/FreeRTOS/timers.o
 .text.prvInsertTimerInActiveList
                0x0800b8d4       0x84 ./Middlewares/FreeRTOS/timers.o
 .text.prvProcessReceivedCommands
                0x0800b958      0x1cc ./Middlewares/FreeRTOS/timers.o
 .text.prvSwitchTimerLists
                0x0800bb24       0xcc ./Middlewares/FreeRTOS/timers.o
 .text.prvCheckForValidListAndQueue
                0x0800bbf0       0x80 ./Middlewares/FreeRTOS/timers.o
 .text.malloc   0x0800bc70       0x10 C:/ST/STM32CubeIDE_1.17.0/STM32CubeIDE/plugins/com.st.stm32cube.ide.mcu.externaltools.gnu-tools-for-stm32.12.3.rel1.win32_1.1.0.202410251130/tools/bin/../lib/gcc/arm-none-eabi/12.3.1/../../../../arm-none-eabi/lib/thumb/v7e-m+fp/hard\libc_nano.a(libc_a-malloc.o)
                0x0800bc70                malloc
 .text.free     0x0800bc80       0x10 C:/ST/STM32CubeIDE_1.17.0/STM32CubeIDE/plugins/com.st.stm32cube.ide.mcu.externaltools.gnu-tools-for-stm32.12.3.rel1.win32_1.1.0.202410251130/tools/bin/../lib/gcc/arm-none-eabi/12.3.1/../../../../arm-none-eabi/lib/thumb/v7e-m+fp/hard\libc_nano.a(libc_a-malloc.o)
                0x0800bc80                free
 .text.sbrk_aligned
                0x0800bc90       0x44 C:/ST/STM32CubeIDE_1.17.0/STM32CubeIDE/plugins/com.st.stm32cube.ide.mcu.externaltools.gnu-tools-for-stm32.12.3.rel1.win32_1.1.0.202410251130/tools/bin/../lib/gcc/arm-none-eabi/12.3.1/../../../../arm-none-eabi/lib/thumb/v7e-m+fp/hard\libc_nano.a(libc_a-mallocr.o)
 .text._malloc_r
                0x0800bcd4      0x100 C:/ST/STM32CubeIDE_1.17.0/STM32CubeIDE/plugins/com.st.stm32cube.ide.mcu.externaltools.gnu-tools-for-stm32.12.3.rel1.win32_1.1.0.202410251130/tools/bin/../lib/gcc/arm-none-eabi/12.3.1/../../../../arm-none-eabi/lib/thumb/v7e-m+fp/hard\libc_nano.a(libc_a-mallocr.o)
                0x0800bcd4                _malloc_r
 .text.__malloc_lock
                0x0800bdd4        0xc C:/ST/STM32CubeIDE_1.17.0/STM32CubeIDE/plugins/com.st.stm32cube.ide.mcu.externaltools.gnu-tools-for-stm32.12.3.rel1.win32_1.1.0.202410251130/tools/bin/../lib/gcc/arm-none-eabi/12.3.1/../../../../arm-none-eabi/lib/thumb/v7e-m+fp/hard\libc_nano.a(libc_a-mlock.o)
                0x0800bdd4                __malloc_lock
 .text.__malloc_unlock
                0x0800bde0        0xc C:/ST/STM32CubeIDE_1.17.0/STM32CubeIDE/plugins/com.st.stm32cube.ide.mcu.externaltools.gnu-tools-for-stm32.12.3.rel1.win32_1.1.0.202410251130/tools/bin/../lib/gcc/arm-none-eabi/12.3.1/../../../../arm-none-eabi/lib/thumb/v7e-m+fp/hard\libc_nano.a(libc_a-mlock.o)
                0x0800bde0                __malloc_unlock
 .text.sprintf  0x0800bdec       0x40 C:/ST/STM32CubeIDE_1.17.0/STM32CubeIDE/plugins/com.st.stm32cube.ide.mcu.externaltools.gnu-tools-for-stm32.12.3.rel1.win32_1.1.0.202410251130/tools/bin/../lib/gcc/arm-none-eabi/12.3.1/../../../../arm-none-eabi/lib/thumb/v7e-m+fp/hard\libc_nano.a(libc_a-sprintf.o)
                0x0800bdec                siprintf
                0x0800bdec                sprintf
 .text.memset   0x0800be2c       0x10 C:/ST/STM32CubeIDE_1.17.0/STM32CubeIDE/plugins/com.st.stm32cube.ide.mcu.externaltools.gnu-tools-for-stm32.12.3.rel1.win32_1.1.0.202410251130/tools/bin/../lib/gcc/arm-none-eabi/12.3.1/../../../../arm-none-eabi/lib/thumb/v7e-m+fp/hard\libc_nano.a(libc_a-memset.o)
                0x0800be2c                memset
 .text.strcat   0x0800be3c       0x1e C:/ST/STM32CubeIDE_1.17.0/STM32CubeIDE/plugins/com.st.stm32cube.ide.mcu.externaltools.gnu-tools-for-stm32.12.3.rel1.win32_1.1.0.202410251130/tools/bin/../lib/gcc/arm-none-eabi/12.3.1/../../../../arm-none-eabi/lib/thumb/v7e-m+fp/hard\libc_nano.a(libc_a-strcat.o)
                0x0800be3c                strcat
 *fill*         0x0800be5a        0x2 
 .text._reclaim_reent
                0x0800be5c       0xac C:/ST/STM32CubeIDE_1.17.0/STM32CubeIDE/plugins/com.st.stm32cube.ide.mcu.externaltools.gnu-tools-for-stm32.12.3.rel1.win32_1.1.0.202410251130/tools/bin/../lib/gcc/arm-none-eabi/12.3.1/../../../../arm-none-eabi/lib/thumb/v7e-m+fp/hard\libc_nano.a(libc_a-reent.o)
                0x0800be5c                _reclaim_reent
 .text._sbrk_r  0x0800bf08       0x20 C:/ST/STM32CubeIDE_1.17.0/STM32CubeIDE/plugins/com.st.stm32cube.ide.mcu.externaltools.gnu-tools-for-stm32.12.3.rel1.win32_1.1.0.202410251130/tools/bin/../lib/gcc/arm-none-eabi/12.3.1/../../../../arm-none-eabi/lib/thumb/v7e-m+fp/hard\libc_nano.a(libc_a-sbrkr.o)
                0x0800bf08                _sbrk_r
 .text.__errno  0x0800bf28        0xc C:/ST/STM32CubeIDE_1.17.0/STM32CubeIDE/plugins/com.st.stm32cube.ide.mcu.externaltools.gnu-tools-for-stm32.12.3.rel1.win32_1.1.0.202410251130/tools/bin/../lib/gcc/arm-none-eabi/12.3.1/../../../../arm-none-eabi/lib/thumb/v7e-m+fp/hard\libc_nano.a(libc_a-errno.o)
                0x0800bf28                __errno
 .text.__libc_init_array
                0x0800bf34       0x48 C:/ST/STM32CubeIDE_1.17.0/STM32CubeIDE/plugins/com.st.stm32cube.ide.mcu.externaltools.gnu-tools-for-stm32.12.3.rel1.win32_1.1.0.202410251130/tools/bin/../lib/gcc/arm-none-eabi/12.3.1/../../../../arm-none-eabi/lib/thumb/v7e-m+fp/hard\libc_nano.a(libc_a-init.o)
                0x0800bf34                __libc_init_array
 .text.__retarget_lock_acquire_recursive
                0x0800bf7c        0x2 C:/ST/STM32CubeIDE_1.17.0/STM32CubeIDE/plugins/com.st.stm32cube.ide.mcu.externaltools.gnu-tools-for-stm32.12.3.rel1.win32_1.1.0.202410251130/tools/bin/../lib/gcc/arm-none-eabi/12.3.1/../../../../arm-none-eabi/lib/thumb/v7e-m+fp/hard\libc_nano.a(libc_a-lock.o)
                0x0800bf7c                __retarget_lock_acquire_recursive
 .text.__retarget_lock_release_recursive
                0x0800bf7e        0x2 C:/ST/STM32CubeIDE_1.17.0/STM32CubeIDE/plugins/com.st.stm32cube.ide.mcu.externaltools.gnu-tools-for-stm32.12.3.rel1.win32_1.1.0.202410251130/tools/bin/../lib/gcc/arm-none-eabi/12.3.1/../../../../arm-none-eabi/lib/thumb/v7e-m+fp/hard\libc_nano.a(libc_a-lock.o)
                0x0800bf7e                __retarget_lock_release_recursive
 .text.strcpy   0x0800bf80       0x10 C:/ST/STM32CubeIDE_1.17.0/STM32CubeIDE/plugins/com.st.stm32cube.ide.mcu.externaltools.gnu-tools-for-stm32.12.3.rel1.win32_1.1.0.202410251130/tools/bin/../lib/gcc/arm-none-eabi/12.3.1/../../../../arm-none-eabi/lib/thumb/v7e-m+fp/hard\libc_nano.a(libc_a-strcpy.o)
                0x0800bf80                strcpy
 .text.memcpy   0x0800bf90       0x1c C:/ST/STM32CubeIDE_1.17.0/STM32CubeIDE/plugins/com.st.stm32cube.ide.mcu.externaltools.gnu-tools-for-stm32.12.3.rel1.win32_1.1.0.202410251130/tools/bin/../lib/gcc/arm-none-eabi/12.3.1/../../../../arm-none-eabi/lib/thumb/v7e-m+fp/hard\libc_nano.a(libc_a-memcpy-stub.o)
                0x0800bf90                memcpy
 .text._free_r  0x0800bfac       0x94 C:/ST/STM32CubeIDE_1.17.0/STM32CubeIDE/plugins/com.st.stm32cube.ide.mcu.externaltools.gnu-tools-for-stm32.12.3.rel1.win32_1.1.0.202410251130/tools/bin/../lib/gcc/arm-none-eabi/12.3.1/../../../../arm-none-eabi/lib/thumb/v7e-m+fp/hard\libc_nano.a(libc_a-freer.o)
                0x0800bfac                _free_r
 .text.__ssputs_r
                0x0800c040       0xb6 C:/ST/STM32CubeIDE_1.17.0/STM32CubeIDE/plugins/com.st.stm32cube.ide.mcu.externaltools.gnu-tools-for-stm32.12.3.rel1.win32_1.1.0.202410251130/tools/bin/../lib/gcc/arm-none-eabi/12.3.1/../../../../arm-none-eabi/lib/thumb/v7e-m+fp/hard\libc_nano.a(libc_a-nano-svfprintf.o)
                0x0800c040                __ssputs_r
 *fill*         0x0800c0f6        0x2 
 .text._svfprintf_r
                0x0800c0f8      0x1f8 C:/ST/STM32CubeIDE_1.17.0/STM32CubeIDE/plugins/com.st.stm32cube.ide.mcu.externaltools.gnu-tools-for-stm32.12.3.rel1.win32_1.1.0.202410251130/tools/bin/../lib/gcc/arm-none-eabi/12.3.1/../../../../arm-none-eabi/lib/thumb/v7e-m+fp/hard\libc_nano.a(libc_a-nano-svfprintf.o)
                0x0800c0f8                _svfiprintf_r
                0x0800c0f8                _svfprintf_r
 .text._printf_common
                0x0800c2f0       0xda C:/ST/STM32CubeIDE_1.17.0/STM32CubeIDE/plugins/com.st.stm32cube.ide.mcu.externaltools.gnu-tools-for-stm32.12.3.rel1.win32_1.1.0.202410251130/tools/bin/../lib/gcc/arm-none-eabi/12.3.1/../../../../arm-none-eabi/lib/thumb/v7e-m+fp/hard\libc_nano.a(libc_a-nano-vfprintf_i.o)
                0x0800c2f0                _printf_common
 *fill*         0x0800c3ca        0x2 
 .text._printf_i
                0x0800c3cc      0x240 C:/ST/STM32CubeIDE_1.17.0/STM32CubeIDE/plugins/com.st.stm32cube.ide.mcu.externaltools.gnu-tools-for-stm32.12.3.rel1.win32_1.1.0.202410251130/tools/bin/../lib/gcc/arm-none-eabi/12.3.1/../../../../arm-none-eabi/lib/thumb/v7e-m+fp/hard\libc_nano.a(libc_a-nano-vfprintf_i.o)
                0x0800c3cc                _printf_i
 .text.memmove  0x0800c60c       0x34 C:/ST/STM32CubeIDE_1.17.0/STM32CubeIDE/plugins/com.st.stm32cube.ide.mcu.externaltools.gnu-tools-for-stm32.12.3.rel1.win32_1.1.0.202410251130/tools/bin/../lib/gcc/arm-none-eabi/12.3.1/../../../../arm-none-eabi/lib/thumb/v7e-m+fp/hard\libc_nano.a(libc_a-memmove.o)
                0x0800c60c                memmove
 .text._realloc_r
                0x0800c640       0x5c C:/ST/STM32CubeIDE_1.17.0/STM32CubeIDE/plugins/com.st.stm32cube.ide.mcu.externaltools.gnu-tools-for-stm32.12.3.rel1.win32_1.1.0.202410251130/tools/bin/../lib/gcc/arm-none-eabi/12.3.1/../../../../arm-none-eabi/lib/thumb/v7e-m+fp/hard\libc_nano.a(libc_a-reallocr.o)
                0x0800c640                _realloc_r
 .text._malloc_usable_size_r
                0x0800c69c       0x10 C:/ST/STM32CubeIDE_1.17.0/STM32CubeIDE/plugins/com.st.stm32cube.ide.mcu.externaltools.gnu-tools-for-stm32.12.3.rel1.win32_1.1.0.202410251130/tools/bin/../lib/gcc/arm-none-eabi/12.3.1/../../../../arm-none-eabi/lib/thumb/v7e-m+fp/hard\libc_nano.a(libc_a-msizer.o)
                0x0800c69c                _malloc_usable_size_r
 .text.sqrt     0x0800c6ac       0x58 C:/ST/STM32CubeIDE_1.17.0/STM32CubeIDE/plugins/com.st.stm32cube.ide.mcu.externaltools.gnu-tools-for-stm32.12.3.rel1.win32_1.1.0.202410251130/tools/bin/../lib/gcc/arm-none-eabi/12.3.1/../../../../arm-none-eabi/lib/thumb/v7e-m+fp/hard\libm.a(libm_a-w_sqrt.o)
                0x0800c6ac                sqrt
 .text.__ieee754_sqrt
                0x0800c704      0x1b4 C:/ST/STM32CubeIDE_1.17.0/STM32CubeIDE/plugins/com.st.stm32cube.ide.mcu.externaltools.gnu-tools-for-stm32.12.3.rel1.win32_1.1.0.202410251130/tools/bin/../lib/gcc/arm-none-eabi/12.3.1/../../../../arm-none-eabi/lib/thumb/v7e-m+fp/hard\libm.a(libm_a-e_sqrt.o)
                0x0800c704                __ieee754_sqrt
 *(.glue_7)
 .glue_7        0x0800c8b8        0x0 linker stubs
 *(.glue_7t)
 .glue_7t       0x0800c8b8        0x0 linker stubs
 *(.eh_frame)
 .eh_frame      0x0800c8b8        0x0 C:/ST/STM32CubeIDE_1.17.0/STM32CubeIDE/plugins/com.st.stm32cube.ide.mcu.externaltools.gnu-tools-for-stm32.12.3.rel1.win32_1.1.0.202410251130/tools/bin/../lib/gcc/arm-none-eabi/12.3.1/thumb/v7e-m+fp/hard/crtbegin.o
 *(.init)
 .init          0x0800c8b8        0x4 C:/ST/STM32CubeIDE_1.17.0/STM32CubeIDE/plugins/com.st.stm32cube.ide.mcu.externaltools.gnu-tools-for-stm32.12.3.rel1.win32_1.1.0.202410251130/tools/bin/../lib/gcc/arm-none-eabi/12.3.1/thumb/v7e-m+fp/hard/crti.o
                0x0800c8b8                _init
 .init          0x0800c8bc        0x8 C:/ST/STM32CubeIDE_1.17.0/STM32CubeIDE/plugins/com.st.stm32cube.ide.mcu.externaltools.gnu-tools-for-stm32.12.3.rel1.win32_1.1.0.202410251130/tools/bin/../lib/gcc/arm-none-eabi/12.3.1/thumb/v7e-m+fp/hard/crtn.o
 *(.fini)
 .fini          0x0800c8c4        0x4 C:/ST/STM32CubeIDE_1.17.0/STM32CubeIDE/plugins/com.st.stm32cube.ide.mcu.externaltools.gnu-tools-for-stm32.12.3.rel1.win32_1.1.0.202410251130/tools/bin/../lib/gcc/arm-none-eabi/12.3.1/thumb/v7e-m+fp/hard/crti.o
                0x0800c8c4                _fini
 .fini          0x0800c8c8        0x8 C:/ST/STM32CubeIDE_1.17.0/STM32CubeIDE/plugins/com.st.stm32cube.ide.mcu.externaltools.gnu-tools-for-stm32.12.3.rel1.win32_1.1.0.202410251130/tools/bin/../lib/gcc/arm-none-eabi/12.3.1/thumb/v7e-m+fp/hard/crtn.o
                0x0800c8d0                        . = ALIGN (0x4)
                0x0800c8d0                        _etext = .

.vfp11_veneer   0x0800c8d0        0x0
 .vfp11_veneer  0x0800c8d0        0x0 linker stubs

.v4_bx          0x0800c8d0        0x0
 .v4_bx         0x0800c8d0        0x0 linker stubs

.iplt           0x0800c8d0        0x0
 .iplt          0x0800c8d0        0x0 C:/ST/STM32CubeIDE_1.17.0/STM32CubeIDE/plugins/com.st.stm32cube.ide.mcu.externaltools.gnu-tools-for-stm32.12.3.rel1.win32_1.1.0.202410251130/tools/bin/../lib/gcc/arm-none-eabi/12.3.1/thumb/v7e-m+fp/hard/crtbegin.o

.rodata         0x0800c8d0     0x288c
                0x0800c8d0                        . = ALIGN (0x4)
 *(.rodata)
 .rodata        0x0800c8d0      0x150 ./Core/Src/main.o
 .rodata        0x0800ca20      0x113 ./Core/lib/control/control.o
 *fill*         0x0800cb33        0x1 
 .rodata        0x0800cb34       0xc4 ./Core/lib/lcd/GUI.o
 .rodata        0x0800cbf8       0x3a ./Core/lib/lcd/pages.o
 *fill*         0x0800cc32        0x2 
 .rodata        0x0800cc34      0x1f1 ./Core/lib/lcd/touch.o
 *fill*         0x0800ce25        0x3 
 .rodata        0x0800ce28        0x5 ./Middlewares/FreeRTOS/tasks.o
 *fill*         0x0800ce2d        0x3 
 .rodata        0x0800ce30        0xd ./Middlewares/FreeRTOS/timers.o
 *(.rodata*)
 *fill*         0x0800ce3d        0x3 
 .rodata.mainTask_attributes
                0x0800ce40       0x24 ./Core/Src/main.o
                0x0800ce40                mainTask_attributes
 .rodata.lcdTask_attributes
                0x0800ce64       0x24 ./Core/Src/main.o
                0x0800ce64                lcdTask_attributes
 .rodata.adcTask_attributes
                0x0800ce88       0x24 ./Core/Src/main.o
                0x0800ce88                adcTask_attributes
 .rodata.lcd_task_attributes
                0x0800ceac       0x24 ./Core/Src/main.o
                0x0800ceac                lcd_task_attributes
 .rodata.mainMutexHandle_attributes
                0x0800ced0       0x10 ./Core/Src/main.o
                0x0800ced0                mainMutexHandle_attributes
 .rodata.adcControllerMutex_attributes
                0x0800cee0       0x10 ./Core/Src/main.o
                0x0800cee0                adcControllerMutex_attributes
 .rodata.lcdControllerMutex_attributes
                0x0800cef0       0x10 ./Core/Src/main.o
                0x0800cef0                lcdControllerMutex_attributes
 .rodata.uartControllerMutex_attributes
                0x0800cf00       0x10 ./Core/Src/main.o
                0x0800cf00                uartControllerMutex_attributes
 .rodata.adcMutex_attributes
                0x0800cf10       0x10 ./Core/Src/main.o
                0x0800cf10                adcMutex_attributes
 .rodata.uartMutex_attributes
                0x0800cf20       0x10 ./Core/Src/main.o
                0x0800cf20                uartMutex_attributes
 .rodata.lcdMutex_attributes
                0x0800cf30       0x10 ./Core/Src/main.o
                0x0800cf30                lcdMutex_attributes
 .rodata.AHBPrescTable
                0x0800cf40       0x10 ./Core/Src/system_stm32f4xx.o
                0x0800cf40                AHBPrescTable
 .rodata.APBPrescTable
                0x0800cf50        0x8 ./Core/Src/system_stm32f4xx.o
                0x0800cf50                APBPrescTable
 .rodata.asc2_1608
                0x0800cf58      0x5f0 ./Core/lib/lcd/FONT.o
                0x0800cf58                asc2_1608
 .rodata.Font24
                0x0800d548     0x1bd5 ./Core/lib/lcd/FONT.o
                0x0800d548                Font24
 *fill*         0x0800f11d        0x3 
 .rodata.flagBitshiftOffset.0
                0x0800f120        0x8 ./Drivers/STM32F4xx_HAL_Driver/stm32f4xx_hal_dma.o
 .rodata._svfprintf_r.str1.1
                0x0800f128       0x11 C:/ST/STM32CubeIDE_1.17.0/STM32CubeIDE/plugins/com.st.stm32cube.ide.mcu.externaltools.gnu-tools-for-stm32.12.3.rel1.win32_1.1.0.202410251130/tools/bin/../lib/gcc/arm-none-eabi/12.3.1/../../../../arm-none-eabi/lib/thumb/v7e-m+fp/hard\libc_nano.a(libc_a-nano-svfprintf.o)
 .rodata._printf_i.str1.1
                0x0800f139       0x22 C:/ST/STM32CubeIDE_1.17.0/STM32CubeIDE/plugins/com.st.stm32cube.ide.mcu.externaltools.gnu-tools-for-stm32.12.3.rel1.win32_1.1.0.202410251130/tools/bin/../lib/gcc/arm-none-eabi/12.3.1/../../../../arm-none-eabi/lib/thumb/v7e-m+fp/hard\libc_nano.a(libc_a-nano-vfprintf_i.o)
                0x0800f15c                        . = ALIGN (0x4)
 *fill*         0x0800f15b        0x1 

.ARM.extab      0x0800f15c        0x0
                0x0800f15c                        . = ALIGN (0x4)
 *(.ARM.extab* .gnu.linkonce.armextab.*)
                0x0800f15c                        . = ALIGN (0x4)

.ARM            0x0800f15c        0x8
                0x0800f15c                        . = ALIGN (0x4)
                0x0800f15c                        __exidx_start = .
 *(.ARM.exidx*)
 .ARM.exidx     0x0800f15c        0x8 C:/ST/STM32CubeIDE_1.17.0/STM32CubeIDE/plugins/com.st.stm32cube.ide.mcu.externaltools.gnu-tools-for-stm32.12.3.rel1.win32_1.1.0.202410251130/tools/bin/../lib/gcc/arm-none-eabi/12.3.1/../../../../arm-none-eabi/lib/thumb/v7e-m+fp/hard\libc_nano.a(libc_a-strlen.o)
 .ARM.exidx     0x0800f164        0x0 C:/ST/STM32CubeIDE_1.17.0/STM32CubeIDE/plugins/com.st.stm32cube.ide.mcu.externaltools.gnu-tools-for-stm32.12.3.rel1.win32_1.1.0.202410251130/tools/bin/../lib/gcc/arm-none-eabi/12.3.1/../../../../arm-none-eabi/lib/thumb/v7e-m+fp/hard\libc_nano.a(libc_a-memchr.o)
                                  0x8 (size before relaxing)
 .ARM.exidx     0x0800f164        0x0 C:/ST/STM32CubeIDE_1.17.0/STM32CubeIDE/plugins/com.st.stm32cube.ide.mcu.externaltools.gnu-tools-for-stm32.12.3.rel1.win32_1.1.0.202410251130/tools/bin/../lib/gcc/arm-none-eabi/12.3.1/thumb/v7e-m+fp/hard\libgcc.a(_udivmoddi4.o)
                                  0x8 (size before relaxing)
                0x0800f164                        __exidx_end = .
                0x0800f164                        . = ALIGN (0x4)

.preinit_array  0x0800f164        0x0
                0x0800f164                        . = ALIGN (0x4)
                0x0800f164                        PROVIDE (__preinit_array_start = .)
 *(.preinit_array*)
                0x0800f164                        PROVIDE (__preinit_array_end = .)
                0x0800f164                        . = ALIGN (0x4)

.init_array     0x0800f164        0x4
                0x0800f164                        . = ALIGN (0x4)
                0x0800f164                        PROVIDE (__init_array_start = .)
 *(SORT_BY_NAME(.init_array.*))
 *(.init_array*)
 .init_array    0x0800f164        0x4 C:/ST/STM32CubeIDE_1.17.0/STM32CubeIDE/plugins/com.st.stm32cube.ide.mcu.externaltools.gnu-tools-for-stm32.12.3.rel1.win32_1.1.0.202410251130/tools/bin/../lib/gcc/arm-none-eabi/12.3.1/thumb/v7e-m+fp/hard/crtbegin.o
                0x0800f168                        PROVIDE (__init_array_end = .)
                0x0800f168                        . = ALIGN (0x4)

.fini_array     0x0800f168        0x4
                0x0800f168                        . = ALIGN (0x4)
                [!provide]                        PROVIDE (__fini_array_start = .)
 *(SORT_BY_NAME(.fini_array.*))
 *(.fini_array*)
 .fini_array    0x0800f168        0x4 C:/ST/STM32CubeIDE_1.17.0/STM32CubeIDE/plugins/com.st.stm32cube.ide.mcu.externaltools.gnu-tools-for-stm32.12.3.rel1.win32_1.1.0.202410251130/tools/bin/../lib/gcc/arm-none-eabi/12.3.1/thumb/v7e-m+fp/hard/crtbegin.o
                [!provide]                        PROVIDE (__fini_array_end = .)
                0x0800f16c                        . = ALIGN (0x4)
                0x0800f16c                        _sidata = LOADADDR (.data)

.rel.dyn        0x0800f16c        0x0
 .rel.iplt      0x0800f16c        0x0 C:/ST/STM32CubeIDE_1.17.0/STM32CubeIDE/plugins/com.st.stm32cube.ide.mcu.externaltools.gnu-tools-for-stm32.12.3.rel1.win32_1.1.0.202410251130/tools/bin/../lib/gcc/arm-none-eabi/12.3.1/thumb/v7e-m+fp/hard/crtbegin.o

.data           0x20000000      0x170 load address 0x0800f16c
                0x20000000                        . = ALIGN (0x4)
                0x20000000                        _sdata = .
 *(.data)
 *(.data*)
 .data.button   0x20000000       0x30 ./Core/Src/main.o
                0x20000000                button
 .data.SystemCoreClock
                0x20000030        0x4 ./Core/Src/system_stm32f4xx.o
                0x20000030                SystemCoreClock
 .data.terminal
                0x20000034       0x24 ./Core/lib/lcd/GUI.o
                0x20000034                terminal
 .data.map      0x20000058       0xa8 ./Core/lib/lcd/touch.o
                0x20000058                map
 .data.uwTickPrio
                0x20000100        0x4 ./Drivers/STM32F4xx_HAL_Driver/stm32f4xx_hal.o
                0x20000100                uwTickPrio
 .data.uwTickFreq
                0x20000104        0x1 ./Drivers/STM32F4xx_HAL_Driver/stm32f4xx_hal.o
                0x20000104                uwTickFreq
 *fill*         0x20000105        0x3 
 .data.uxCriticalNesting
                0x20000108        0x4 ./Middlewares/FreeRTOS/port.o
 .data._impure_ptr
                0x2000010c        0x4 C:/ST/STM32CubeIDE_1.17.0/STM32CubeIDE/plugins/com.st.stm32cube.ide.mcu.externaltools.gnu-tools-for-stm32.12.3.rel1.win32_1.1.0.202410251130/tools/bin/../lib/gcc/arm-none-eabi/12.3.1/../../../../arm-none-eabi/lib/thumb/v7e-m+fp/hard\libc_nano.a(libc_a-impure.o)
                0x2000010c                _impure_ptr
 .data._impure_data
                0x20000110       0x4c C:/ST/STM32CubeIDE_1.17.0/STM32CubeIDE/plugins/com.st.stm32cube.ide.mcu.externaltools.gnu-tools-for-stm32.12.3.rel1.win32_1.1.0.202410251130/tools/bin/../lib/gcc/arm-none-eabi/12.3.1/../../../../arm-none-eabi/lib/thumb/v7e-m+fp/hard\libc_nano.a(libc_a-impure.o)
                0x20000110                _impure_data
 *fill*         0x2000015c        0x4 
 .data.tiny     0x20000160        0x8 C:/ST/STM32CubeIDE_1.17.0/STM32CubeIDE/plugins/com.st.stm32cube.ide.mcu.externaltools.gnu-tools-for-stm32.12.3.rel1.win32_1.1.0.202410251130/tools/bin/../lib/gcc/arm-none-eabi/12.3.1/../../../../arm-none-eabi/lib/thumb/v7e-m+fp/hard\libm.a(libm_a-e_sqrt.o)
 .data.one      0x20000168        0x8 C:/ST/STM32CubeIDE_1.17.0/STM32CubeIDE/plugins/com.st.stm32cube.ide.mcu.externaltools.gnu-tools-for-stm32.12.3.rel1.win32_1.1.0.202410251130/tools/bin/../lib/gcc/arm-none-eabi/12.3.1/../../../../arm-none-eabi/lib/thumb/v7e-m+fp/hard\libm.a(libm_a-e_sqrt.o)
 *(.RamFunc)
 *(.RamFunc*)
                0x20000170                        . = ALIGN (0x4)
                0x20000170                        _edata = .
                0x0800f2dc                        _siccmram = LOADADDR (.ccmram)

.igot.plt       0x20000170        0x0 load address 0x0800f2dc
 .igot.plt      0x20000170        0x0 C:/ST/STM32CubeIDE_1.17.0/STM32CubeIDE/plugins/com.st.stm32cube.ide.mcu.externaltools.gnu-tools-for-stm32.12.3.rel1.win32_1.1.0.202410251130/tools/bin/../lib/gcc/arm-none-eabi/12.3.1/thumb/v7e-m+fp/hard/crtbegin.o

.ccmram         0x10000000        0x0 load address 0x0800f2dc
                0x10000000                        . = ALIGN (0x4)
                0x10000000                        _sccmram = .
 *(.ccmram)
 *(.ccmram*)
                0x10000000                        . = ALIGN (0x4)
                0x10000000                        _eccmram = .
                0x10000000                        . = ALIGN (0x4)

.bss            0x20000170     0x5b68
                0x20000170                        _sbss = .
                0x20000170                        __bss_start__ = _sbss
 *(.bss)
 .bss           0x20000170       0x1c C:/ST/STM32CubeIDE_1.17.0/STM32CubeIDE/plugins/com.st.stm32cube.ide.mcu.externaltools.gnu-tools-for-stm32.12.3.rel1.win32_1.1.0.202410251130/tools/bin/../lib/gcc/arm-none-eabi/12.3.1/thumb/v7e-m+fp/hard/crtbegin.o
 *(.bss*)
 .bss.hadc1     0x2000018c       0x48 ./Core/Src/main.o
                0x2000018c                hadc1
 .bss.hdma_adc1
                0x200001d4       0x60 ./Core/Src/main.o
                0x200001d4                hdma_adc1
 .bss.hltdc     0x20000234       0xa8 ./Core/Src/main.o
                0x20000234                hltdc
 .bss.hqspi     0x200002dc       0x4c ./Core/Src/main.o
                0x200002dc                hqspi
 .bss.hspi2     0x20000328       0x58 ./Core/Src/main.o
                0x20000328                hspi2
 .bss.huart4    0x20000380       0x48 ./Core/Src/main.o
                0x20000380                huart4
 .bss.huart5    0x200003c8       0x48 ./Core/Src/main.o
                0x200003c8                huart5
 .bss.huart8    0x20000410       0x48 ./Core/Src/main.o
                0x20000410                huart8
 .bss.hsdram1   0x20000458       0x34 ./Core/Src/main.o
                0x20000458                hsdram1
 .bss.mainTaskHandle
                0x2000048c        0x4 ./Core/Src/main.o
                0x2000048c                mainTaskHandle
 .bss.lcdTaskHandle
                0x20000490        0x4 ./Core/Src/main.o
                0x20000490                lcdTaskHandle
 .bss.adcTaskHandle
                0x20000494        0x4 ./Core/Src/main.o
                0x20000494                adcTaskHandle
 .bss.lcd_taskHandle
                0x20000498        0x4 ./Core/Src/main.o
                0x20000498                lcd_taskHandle
 .bss.mainMutexHandleHandle
                0x2000049c        0x4 ./Core/Src/main.o
                0x2000049c                mainMutexHandleHandle
 .bss.adcControllerMutexHandle
                0x200004a0        0x4 ./Core/Src/main.o
                0x200004a0                adcControllerMutexHandle
 .bss.lcdControllerMutexHandle
                0x200004a4        0x4 ./Core/Src/main.o
                0x200004a4                lcdControllerMutexHandle
 .bss.uartControllerMutexHandle
                0x200004a8        0x4 ./Core/Src/main.o
                0x200004a8                uartControllerMutexHandle
 .bss.adcMutexHandle
                0x200004ac        0x4 ./Core/Src/main.o
                0x200004ac                adcMutexHandle
 .bss.uartMutexHandle
                0x200004b0        0x4 ./Core/Src/main.o
                0x200004b0                uartMutexHandle
 .bss.lcdMutexHandle
                0x200004b4        0x4 ./Core/Src/main.o
                0x200004b4                lcdMutexHandle
 .bss.BUFFER_LAYER_1
                0x200004b8        0x4 ./Core/Src/main.o
                0x200004b8                BUFFER_LAYER_1
 .bss.ADC_THREAD_CONTROL_BIT
                0x200004bc        0x4 ./Core/Src/main.o
                0x200004bc                ADC_THREAD_CONTROL_BIT
 .bss.MAIN_THREAD_ADC_CONTROL_BIT
                0x200004c0        0x4 ./Core/Src/main.o
                0x200004c0                MAIN_THREAD_ADC_CONTROL_BIT
 .bss.mainDataHolder
                0x200004c4       0xcc ./Core/Src/main.o
                0x200004c4                mainDataHolder
 .bss.lcdDataHolder
                0x20000590       0xcc ./Core/Src/main.o
                0x20000590                lcdDataHolder
 .bss.cmd       0x2000065c      0x968 ./Core/Src/main.o
                0x2000065c                cmd
 .bss.pressed   0x20000fc4        0x6 ./Core/Src/main.o
                0x20000fc4                pressed
 *fill*         0x20000fca        0x2 
 .bss.FMC_Initialized
                0x20000fcc        0x4 ./Core/Src/stm32f4xx_hal_msp.o
 .bss.htim6     0x20000fd0       0x48 ./Core/Src/stm32f4xx_hal_timebase_tim.o
                0x20000fd0                htim6
 .bss.__sbrk_heap_end
                0x20001018        0x4 ./Core/Src/sysmem.o
 .bss.msg1      0x2000101c       0xc8 ./Core/lib/control/control.o
                0x2000101c                msg1
 .bss.hpage     0x200010e4       0xc0 ./Core/lib/lcd/pages.o
                0x200010e4                hpage
 .bss.uwTick    0x200011a4        0x4 ./Drivers/STM32F4xx_HAL_Driver/stm32f4xx_hal.o
                0x200011a4                uwTick
 .bss.KernelState
                0x200011a8        0x4 ./Middlewares/FreeRTOS/cmsis_os2.o
 .bss.Idle_TCB.3
                0x200011ac       0xa8 ./Middlewares/FreeRTOS/cmsis_os2.o
 .bss.Idle_Stack.2
                0x20001254      0x200 ./Middlewares/FreeRTOS/cmsis_os2.o
 .bss.Timer_TCB.1
                0x20001454       0xa8 ./Middlewares/FreeRTOS/cmsis_os2.o
 .bss.Timer_Stack.0
                0x200014fc      0x400 ./Middlewares/FreeRTOS/cmsis_os2.o
 .bss.ucHeap    0x200018fc     0x3c00 ./Middlewares/FreeRTOS/heap_4.o
 .bss.xStart    0x200054fc        0x8 ./Middlewares/FreeRTOS/heap_4.o
 .bss.pxEnd     0x20005504        0x4 ./Middlewares/FreeRTOS/heap_4.o
 .bss.xFreeBytesRemaining
                0x20005508        0x4 ./Middlewares/FreeRTOS/heap_4.o
 .bss.xMinimumEverFreeBytesRemaining
                0x2000550c        0x4 ./Middlewares/FreeRTOS/heap_4.o
 .bss.xNumberOfSuccessfulAllocations
                0x20005510        0x4 ./Middlewares/FreeRTOS/heap_4.o
 .bss.xNumberOfSuccessfulFrees
                0x20005514        0x4 ./Middlewares/FreeRTOS/heap_4.o
 .bss.xBlockAllocatedBit
                0x20005518        0x4 ./Middlewares/FreeRTOS/heap_4.o
 .bss.ucMaxSysCallPriority
                0x2000551c        0x1 ./Middlewares/FreeRTOS/port.o
 *fill*         0x2000551d        0x3 
 .bss.ulMaxPRIGROUPValue
                0x20005520        0x4 ./Middlewares/FreeRTOS/port.o
 .bss.xQueueRegistry
                0x20005524       0x40 ./Middlewares/FreeRTOS/queue.o
                0x20005524                xQueueRegistry
 .bss.pxCurrentTCB
                0x20005564        0x4 ./Middlewares/FreeRTOS/tasks.o
                0x20005564                pxCurrentTCB
 .bss.pxReadyTasksLists
                0x20005568      0x460 ./Middlewares/FreeRTOS/tasks.o
 .bss.xDelayedTaskList1
                0x200059c8       0x14 ./Middlewares/FreeRTOS/tasks.o
 .bss.xDelayedTaskList2
                0x200059dc       0x14 ./Middlewares/FreeRTOS/tasks.o
 .bss.pxDelayedTaskList
                0x200059f0        0x4 ./Middlewares/FreeRTOS/tasks.o
 .bss.pxOverflowDelayedTaskList
                0x200059f4        0x4 ./Middlewares/FreeRTOS/tasks.o
 .bss.xPendingReadyList
                0x200059f8       0x14 ./Middlewares/FreeRTOS/tasks.o
 .bss.xTasksWaitingTermination
                0x20005a0c       0x14 ./Middlewares/FreeRTOS/tasks.o
 .bss.uxDeletedTasksWaitingCleanUp
                0x20005a20        0x4 ./Middlewares/FreeRTOS/tasks.o
 .bss.xSuspendedTaskList
                0x20005a24       0x14 ./Middlewares/FreeRTOS/tasks.o
 .bss.uxCurrentNumberOfTasks
                0x20005a38        0x4 ./Middlewares/FreeRTOS/tasks.o
 .bss.xTickCount
                0x20005a3c        0x4 ./Middlewares/FreeRTOS/tasks.o
 .bss.uxTopReadyPriority
                0x20005a40        0x4 ./Middlewares/FreeRTOS/tasks.o
 .bss.xSchedulerRunning
                0x20005a44        0x4 ./Middlewares/FreeRTOS/tasks.o
 .bss.xPendedTicks
                0x20005a48        0x4 ./Middlewares/FreeRTOS/tasks.o
 .bss.xYieldPending
                0x20005a4c        0x4 ./Middlewares/FreeRTOS/tasks.o
 .bss.xNumOfOverflows
                0x20005a50        0x4 ./Middlewares/FreeRTOS/tasks.o
 .bss.uxTaskNumber
                0x20005a54        0x4 ./Middlewares/FreeRTOS/tasks.o
 .bss.xNextTaskUnblockTime
                0x20005a58        0x4 ./Middlewares/FreeRTOS/tasks.o
 .bss.xIdleTaskHandle
                0x20005a5c        0x4 ./Middlewares/FreeRTOS/tasks.o
 .bss.uxSchedulerSuspended
                0x20005a60        0x4 ./Middlewares/FreeRTOS/tasks.o
 .bss.xActiveTimerList1
                0x20005a64       0x14 ./Middlewares/FreeRTOS/timers.o
 .bss.xActiveTimerList2
                0x20005a78       0x14 ./Middlewares/FreeRTOS/timers.o
 .bss.pxCurrentTimerList
                0x20005a8c        0x4 ./Middlewares/FreeRTOS/timers.o
 .bss.pxOverflowTimerList
                0x20005a90        0x4 ./Middlewares/FreeRTOS/timers.o
 .bss.xTimerQueue
                0x20005a94        0x4 ./Middlewares/FreeRTOS/timers.o
 .bss.xTimerTaskHandle
                0x20005a98        0x4 ./Middlewares/FreeRTOS/timers.o
 .bss.xLastTime.2
                0x20005a9c        0x4 ./Middlewares/FreeRTOS/timers.o
 .bss.ucStaticTimerQueueStorage.1
                0x20005aa0       0xa0 ./Middlewares/FreeRTOS/timers.o
 .bss.xStaticTimerQueue.0
                0x20005b40       0x50 ./Middlewares/FreeRTOS/timers.o
 .bss.__malloc_sbrk_start
                0x20005b90        0x4 C:/ST/STM32CubeIDE_1.17.0/STM32CubeIDE/plugins/com.st.stm32cube.ide.mcu.externaltools.gnu-tools-for-stm32.12.3.rel1.win32_1.1.0.202410251130/tools/bin/../lib/gcc/arm-none-eabi/12.3.1/../../../../arm-none-eabi/lib/thumb/v7e-m+fp/hard\libc_nano.a(libc_a-mallocr.o)
                0x20005b90                __malloc_sbrk_start
 .bss.__malloc_free_list
                0x20005b94        0x4 C:/ST/STM32CubeIDE_1.17.0/STM32CubeIDE/plugins/com.st.stm32cube.ide.mcu.externaltools.gnu-tools-for-stm32.12.3.rel1.win32_1.1.0.202410251130/tools/bin/../lib/gcc/arm-none-eabi/12.3.1/../../../../arm-none-eabi/lib/thumb/v7e-m+fp/hard\libc_nano.a(libc_a-mallocr.o)
                0x20005b94                __malloc_free_list
 .bss.__sf      0x20005b98      0x138 C:/ST/STM32CubeIDE_1.17.0/STM32CubeIDE/plugins/com.st.stm32cube.ide.mcu.externaltools.gnu-tools-for-stm32.12.3.rel1.win32_1.1.0.202410251130/tools/bin/../lib/gcc/arm-none-eabi/12.3.1/../../../../arm-none-eabi/lib/thumb/v7e-m+fp/hard\libc_nano.a(libc_a-findfp.o)
                0x20005b98                __sf
 .bss.errno     0x20005cd0        0x4 C:/ST/STM32CubeIDE_1.17.0/STM32CubeIDE/plugins/com.st.stm32cube.ide.mcu.externaltools.gnu-tools-for-stm32.12.3.rel1.win32_1.1.0.202410251130/tools/bin/../lib/gcc/arm-none-eabi/12.3.1/../../../../arm-none-eabi/lib/thumb/v7e-m+fp/hard\libc_nano.a(libc_a-reent.o)
                0x20005cd0                errno
 .bss.__lock___malloc_recursive_mutex
                0x20005cd4        0x1 C:/ST/STM32CubeIDE_1.17.0/STM32CubeIDE/plugins/com.st.stm32cube.ide.mcu.externaltools.gnu-tools-for-stm32.12.3.rel1.win32_1.1.0.202410251130/tools/bin/../lib/gcc/arm-none-eabi/12.3.1/../../../../arm-none-eabi/lib/thumb/v7e-m+fp/hard\libc_nano.a(libc_a-lock.o)
                0x20005cd4                __lock___malloc_recursive_mutex
 *(COMMON)
                0x20005cd8                        . = ALIGN (0x4)
 *fill*         0x20005cd5        0x3 
                0x20005cd8                        _ebss = .
                0x20005cd8                        __bss_end__ = _ebss

._user_heap_stack
                0x20005cd8      0x600
                0x20005cd8                        . = ALIGN (0x8)
                [!provide]                        PROVIDE (end = .)
                0x20005cd8                        PROVIDE (_end = .)
                0x20005ed8                        . = (. + _Min_Heap_Size)
 *fill*         0x20005cd8      0x200 
                0x200062d8                        . = (. + _Min_Stack_Size)
 *fill*         0x20005ed8      0x400 
                0x200062d8                        . = ALIGN (0x8)

/DISCARD/
 libc.a(*)
 libm.a(*)
 libgcc.a(*)

.ARM.attributes
                0x00000000       0x30
 *(.ARM.attributes)
 .ARM.attributes
                0x00000000       0x22 C:/ST/STM32CubeIDE_1.17.0/STM32CubeIDE/plugins/com.st.stm32cube.ide.mcu.externaltools.gnu-tools-for-stm32.12.3.rel1.win32_1.1.0.202410251130/tools/bin/../lib/gcc/arm-none-eabi/12.3.1/thumb/v7e-m+fp/hard/crti.o
 .ARM.attributes
                0x00000022       0x34 C:/ST/STM32CubeIDE_1.17.0/STM32CubeIDE/plugins/com.st.stm32cube.ide.mcu.externaltools.gnu-tools-for-stm32.12.3.rel1.win32_1.1.0.202410251130/tools/bin/../lib/gcc/arm-none-eabi/12.3.1/thumb/v7e-m+fp/hard/crtbegin.o
 .ARM.attributes
                0x00000056       0x34 ./Core/Src/main.o
 .ARM.attributes
                0x0000008a       0x34 ./Core/Src/stm32f4xx_hal_msp.o
 .ARM.attributes
                0x000000be       0x34 ./Core/Src/stm32f4xx_hal_timebase_tim.o
 .ARM.attributes
                0x000000f2       0x34 ./Core/Src/stm32f4xx_it.o
 .ARM.attributes
                0x00000126       0x34 ./Core/Src/sysmem.o
 .ARM.attributes
                0x0000015a       0x34 ./Core/Src/system_stm32f4xx.o
 .ARM.attributes
                0x0000018e       0x21 ./Core/Startup/startup_stm32f469iitx.o
 .ARM.attributes
                0x000001af       0x34 ./Core/lib/control/control.o
 .ARM.attributes
                0x000001e3       0x34 ./Core/lib/lcd/FONT.o
 .ARM.attributes
                0x00000217       0x34 ./Core/lib/lcd/GUI.o
 .ARM.attributes
                0x0000024b       0x34 ./Core/lib/lcd/pages.o
 .ARM.attributes
                0x0000027f       0x34 ./Core/lib/lcd/touch.o
 .ARM.attributes
                0x000002b3       0x34 ./Drivers/STM32F4xx_HAL_Driver/stm32f4xx_hal.o
 .ARM.attributes
                0x000002e7       0x34 ./Drivers/STM32F4xx_HAL_Driver/stm32f4xx_hal_adc.o
 .ARM.attributes
                0x0000031b       0x34 ./Drivers/STM32F4xx_HAL_Driver/stm32f4xx_hal_cortex.o
 .ARM.attributes
                0x0000034f       0x34 ./Drivers/STM32F4xx_HAL_Driver/stm32f4xx_hal_dma.o
 .ARM.attributes
                0x00000383       0x34 ./Drivers/STM32F4xx_HAL_Driver/stm32f4xx_hal_gpio.o
 .ARM.attributes
                0x000003b7       0x34 ./Drivers/STM32F4xx_HAL_Driver/stm32f4xx_hal_ltdc.o
 .ARM.attributes
                0x000003eb       0x34 ./Drivers/STM32F4xx_HAL_Driver/stm32f4xx_hal_pwr_ex.o
 .ARM.attributes
                0x0000041f       0x34 ./Drivers/STM32F4xx_HAL_Driver/stm32f4xx_hal_qspi.o
 .ARM.attributes
                0x00000453       0x34 ./Drivers/STM32F4xx_HAL_Driver/stm32f4xx_hal_rcc.o
 .ARM.attributes
                0x00000487       0x34 ./Drivers/STM32F4xx_HAL_Driver/stm32f4xx_hal_rcc_ex.o
 .ARM.attributes
                0x000004bb       0x34 ./Drivers/STM32F4xx_HAL_Driver/stm32f4xx_hal_sdram.o
 .ARM.attributes
                0x000004ef       0x34 ./Drivers/STM32F4xx_HAL_Driver/stm32f4xx_hal_spi.o
 .ARM.attributes
                0x00000523       0x34 ./Drivers/STM32F4xx_HAL_Driver/stm32f4xx_hal_tim.o
 .ARM.attributes
                0x00000557       0x34 ./Drivers/STM32F4xx_HAL_Driver/stm32f4xx_hal_tim_ex.o
 .ARM.attributes
                0x0000058b       0x34 ./Drivers/STM32F4xx_HAL_Driver/stm32f4xx_hal_uart.o
 .ARM.attributes
                0x000005bf       0x34 ./Drivers/STM32F4xx_HAL_Driver/stm32f4xx_ll_fmc.o
 .ARM.attributes
                0x000005f3       0x34 ./Middlewares/FreeRTOS/cmsis_os2.o
 .ARM.attributes
                0x00000627       0x34 ./Middlewares/FreeRTOS/heap_4.o
 .ARM.attributes
                0x0000065b       0x34 ./Middlewares/FreeRTOS/list.o
 .ARM.attributes
                0x0000068f       0x34 ./Middlewares/FreeRTOS/port.o
 .ARM.attributes
                0x000006c3       0x34 ./Middlewares/FreeRTOS/queue.o
 .ARM.attributes
                0x000006f7       0x34 ./Middlewares/FreeRTOS/tasks.o
 .ARM.attributes
                0x0000072b       0x34 ./Middlewares/FreeRTOS/timers.o
 .ARM.attributes
                0x0000075f       0x34 C:/ST/STM32CubeIDE_1.17.0/STM32CubeIDE/plugins/com.st.stm32cube.ide.mcu.externaltools.gnu-tools-for-stm32.12.3.rel1.win32_1.1.0.202410251130/tools/bin/../lib/gcc/arm-none-eabi/12.3.1/../../../../arm-none-eabi/lib/thumb/v7e-m+fp/hard\libc_nano.a(libc_a-malloc.o)
 .ARM.attributes
                0x00000793       0x34 C:/ST/STM32CubeIDE_1.17.0/STM32CubeIDE/plugins/com.st.stm32cube.ide.mcu.externaltools.gnu-tools-for-stm32.12.3.rel1.win32_1.1.0.202410251130/tools/bin/../lib/gcc/arm-none-eabi/12.3.1/../../../../arm-none-eabi/lib/thumb/v7e-m+fp/hard\libc_nano.a(libc_a-mallocr.o)
 .ARM.attributes
                0x000007c7       0x34 C:/ST/STM32CubeIDE_1.17.0/STM32CubeIDE/plugins/com.st.stm32cube.ide.mcu.externaltools.gnu-tools-for-stm32.12.3.rel1.win32_1.1.0.202410251130/tools/bin/../lib/gcc/arm-none-eabi/12.3.1/../../../../arm-none-eabi/lib/thumb/v7e-m+fp/hard\libc_nano.a(libc_a-mlock.o)
 .ARM.attributes
                0x000007fb       0x34 C:/ST/STM32CubeIDE_1.17.0/STM32CubeIDE/plugins/com.st.stm32cube.ide.mcu.externaltools.gnu-tools-for-stm32.12.3.rel1.win32_1.1.0.202410251130/tools/bin/../lib/gcc/arm-none-eabi/12.3.1/../../../../arm-none-eabi/lib/thumb/v7e-m+fp/hard\libc_nano.a(libc_a-findfp.o)
 .ARM.attributes
                0x0000082f       0x34 C:/ST/STM32CubeIDE_1.17.0/STM32CubeIDE/plugins/com.st.stm32cube.ide.mcu.externaltools.gnu-tools-for-stm32.12.3.rel1.win32_1.1.0.202410251130/tools/bin/../lib/gcc/arm-none-eabi/12.3.1/../../../../arm-none-eabi/lib/thumb/v7e-m+fp/hard\libc_nano.a(libc_a-sprintf.o)
 .ARM.attributes
                0x00000863       0x34 C:/ST/STM32CubeIDE_1.17.0/STM32CubeIDE/plugins/com.st.stm32cube.ide.mcu.externaltools.gnu-tools-for-stm32.12.3.rel1.win32_1.1.0.202410251130/tools/bin/../lib/gcc/arm-none-eabi/12.3.1/../../../../arm-none-eabi/lib/thumb/v7e-m+fp/hard\libc_nano.a(libc_a-memset.o)
 .ARM.attributes
                0x00000897       0x34 C:/ST/STM32CubeIDE_1.17.0/STM32CubeIDE/plugins/com.st.stm32cube.ide.mcu.externaltools.gnu-tools-for-stm32.12.3.rel1.win32_1.1.0.202410251130/tools/bin/../lib/gcc/arm-none-eabi/12.3.1/../../../../arm-none-eabi/lib/thumb/v7e-m+fp/hard\libc_nano.a(libc_a-strcat.o)
 .ARM.attributes
                0x000008cb       0x34 C:/ST/STM32CubeIDE_1.17.0/STM32CubeIDE/plugins/com.st.stm32cube.ide.mcu.externaltools.gnu-tools-for-stm32.12.3.rel1.win32_1.1.0.202410251130/tools/bin/../lib/gcc/arm-none-eabi/12.3.1/../../../../arm-none-eabi/lib/thumb/v7e-m+fp/hard\libc_nano.a(libc_a-reent.o)
 .ARM.attributes
                0x000008ff       0x34 C:/ST/STM32CubeIDE_1.17.0/STM32CubeIDE/plugins/com.st.stm32cube.ide.mcu.externaltools.gnu-tools-for-stm32.12.3.rel1.win32_1.1.0.202410251130/tools/bin/../lib/gcc/arm-none-eabi/12.3.1/../../../../arm-none-eabi/lib/thumb/v7e-m+fp/hard\libc_nano.a(libc_a-impure.o)
 .ARM.attributes
                0x00000933       0x34 C:/ST/STM32CubeIDE_1.17.0/STM32CubeIDE/plugins/com.st.stm32cube.ide.mcu.externaltools.gnu-tools-for-stm32.12.3.rel1.win32_1.1.0.202410251130/tools/bin/../lib/gcc/arm-none-eabi/12.3.1/../../../../arm-none-eabi/lib/thumb/v7e-m+fp/hard\libc_nano.a(libc_a-sbrkr.o)
 .ARM.attributes
                0x00000967       0x34 C:/ST/STM32CubeIDE_1.17.0/STM32CubeIDE/plugins/com.st.stm32cube.ide.mcu.externaltools.gnu-tools-for-stm32.12.3.rel1.win32_1.1.0.202410251130/tools/bin/../lib/gcc/arm-none-eabi/12.3.1/../../../../arm-none-eabi/lib/thumb/v7e-m+fp/hard\libc_nano.a(libc_a-errno.o)
 .ARM.attributes