../Core/Src/main.c:168:5:main	7
../Core/Src/main.c:335:6:SystemClock_Config	4
../Core/Src/main.c:390:13:MX_ADC1_Init	3
../Core/Src/main.c:442:13:MX_CRC_Init	2
../Core/Src/main.c:468:13:MX_DMA2D_Init	3
../Core/Src/main.c:505:13:MX_LTDC_Init	5
../Core/Src/main.c:627:13:MX_QUADSPI_Init	2
../Core/Src/main.c:662:13:MX_SPI2_Init	2
../Core/Src/main.c:700:13:MX_UART4_Init	2
../Core/Src/main.c:733:13:MX_UART5_Init	2
../Core/Src/main.c:766:13:MX_UART8_Init	2
../Core/Src/main.c:797:13:MX_DMA_Init	1
../Core/Src/main.c:811:13:MX_FMC_Init	2
../Core/Src/main.c:886:13:MX_GPIO_Init	1
../Core/Src/main.c:981:6:RESTORE_ADC	1
../Core/Src/main.c:1011:6:HAL_UART_TxCpltCallback	2
../Core/Src/main.c:1027:6:StartDefaultTask	1
../Core/Src/main.c:1051:6:HAL_TIM_PeriodElapsedCallback	2
../Core/Src/main.c:1068:6:Error_Handler	1
