../Core/Src/main.c:168:5:main	1
../Core/Src/main.c:311:6:SystemClock_Config	4
../Core/Src/main.c:366:13:MX_ADC1_Init	3
../Core/Src/main.c:418:13:MX_CRC_Init	2
../Core/Src/main.c:444:13:MX_DMA2D_Init	3
../Core/Src/main.c:481:13:MX_LTDC_Init	3
../Core/Src/main.c:546:13:MX_QUADSPI_Init	2
../Core/Src/main.c:581:13:MX_SPI2_Init	2
../Core/Src/main.c:619:13:MX_UART4_Init	2
../Core/Src/main.c:652:13:MX_UART5_Init	2
../Core/Src/main.c:685:13:MX_UART8_Init	2
../Core/Src/main.c:716:13:MX_DMA_Init	1
../Core/Src/main.c:730:13:MX_FMC_Init	2
../Core/Src/main.c:805:13:MX_GPIO_Init	1
../Core/Src/main.c:900:6:RESTORE_ADC	1
../Core/Src/main.c:930:6:HAL_UART_TxCpltCallback	2
../Core/Src/main.c:946:6:StartDefaultTask	1
../Core/Src/main.c:966:6:HAL_TIM_PeriodElapsedCallback	2
../Core/Src/main.c:983:6:Error_Handler	1
