../Core/Src/main.c:168:5:main	40	static
../Core/Src/main.c:335:6:SystemClock_Config	88	static
../Core/Src/main.c:390:13:MX_ADC1_Init	24	static
../Core/Src/main.c:442:13:MX_CRC_Init	8	static
../Core/Src/main.c:468:13:MX_DMA2D_Init	8	static
../Core/Src/main.c:505:13:MX_LTDC_Init	64	static
../Core/Src/main.c:627:13:MX_QUADSPI_Init	8	static
../Core/Src/main.c:662:13:MX_SPI2_Init	8	static
../Core/Src/main.c:700:13:MX_UART4_Init	8	static
../Core/Src/main.c:733:13:MX_UART5_Init	8	static
../Core/Src/main.c:766:13:MX_UART8_Init	8	static
../Core/Src/main.c:797:13:MX_DMA_Init	16	static
../Core/Src/main.c:811:13:MX_FMC_Init	56	static
../Core/Src/main.c:886:13:MX_GPIO_Init	64	static
../Core/Src/main.c:981:6:RESTORE_ADC	48	static
../Core/Src/main.c:1011:6:HAL_UART_TxCpltCallback	16	static
../Core/Src/main.c:1027:6:StartDefaultTask	120	static
../Core/Src/main.c:1051:6:HAL_TIM_PeriodElapsedCallback	16	static
../Core/Src/main.c:1068:6:Error_Handler	4	static,ignoring_inline_asm
