../Core/Src/stm32f4xx_hal_msp.c:64:6:HAL_MspInit	16	static
../Core/Src/stm32f4xx_hal_msp.c:89:6:HAL_ADC_MspInit	48	static
../Core/Src/stm32f4xx_hal_msp.c:149:6:HAL_ADC_MspDeInit	16	static
../Core/Src/stm32f4xx_hal_msp.c:182:6:HAL_CRC_MspInit	24	static
../Core/Src/stm32f4xx_hal_msp.c:205:6:HAL_CRC_MspDeInit	16	static
../Core/Src/stm32f4xx_hal_msp.c:227:6:HAL_DMA2D_MspInit	24	static
../Core/Src/stm32f4xx_hal_msp.c:253:6:HAL_DMA2D_MspDeInit	16	static
../Core/Src/stm32f4xx_hal_msp.c:278:6:HAL_LTDC_MspInit	136	static
../Core/Src/stm32f4xx_hal_msp.c:435:6:HAL_LTDC_MspDeInit	16	static
../Core/Src/stm32f4xx_hal_msp.c:508:6:HAL_QSPI_MspInit	56	static
../Core/Src/stm32f4xx_hal_msp.c:580:6:HAL_QSPI_MspDeInit	16	static
../Core/Src/stm32f4xx_hal_msp.c:619:6:HAL_SPI_MspInit	48	static
../Core/Src/stm32f4xx_hal_msp.c:665:6:HAL_SPI_MspDeInit	16	static
../Core/Src/stm32f4xx_hal_msp.c:697:6:HAL_UART_MspInit	64	static
../Core/Src/stm32f4xx_hal_msp.c:789:6:HAL_UART_MspDeInit	16	static
../Core/Src/stm32f4xx_hal_msp.c:852:13:HAL_FMC_MspInit	32	static
../Core/Src/stm32f4xx_hal_msp.c:950:6:HAL_SDRAM_MspInit	16	static
../Core/Src/stm32f4xx_hal_msp.c:962:13:HAL_FMC_MspDeInit	8	static
../Core/Src/stm32f4xx_hal_msp.c:1033:6:HAL_SDRAM_MspDeInit	16	static
