../Core/Src/lib/screen/LCD/lcd.c:76:6:LCD_WR_REG	16	static
../Core/Src/lib/screen/LCD/lcd.c:91:6:LCD_WR_DATA	16	static
../Core/Src/lib/screen/LCD/lcd.c:109:6:LCD_WriteReg	16	static
../Core/Src/lib/screen/LCD/lcd.c:122:6:LCD_WriteRAM_Prepare	8	static
../Core/Src/lib/screen/LCD/lcd.c:134:6:Lcd_WriteData_16Bit	24	static
../Core/Src/lib/screen/LCD/lcd.c:153:6:LCD_DrawPoint	16	static
../Core/Src/lib/screen/LCD/lcd.c:166:6:LCD_Clear	24	static
../Core/Src/lib/screen/LCD/lcd.c:207:6:LCD_RESET	8	static
../Core/Src/lib/screen/LCD/lcd.c:222:6:LCD_Init	16	static
../Core/Src/lib/screen/LCD/lcd.c:337:6:LCD_SetWindows	24	static
../Core/Src/lib/screen/LCD/lcd.c:362:6:LCD_SetCursor	16	static
../Core/Src/lib/screen/LCD/lcd.c:377:6:LCD_direction	16	static
