../Core/Src/lib/screen/USER/home_page_layout.c:333:5:LinkScreenNodes	16	static
../Core/Src/lib/screen/USER/home_page_layout.c:363:5:LinkCanvas	24	static
../Core/Src/lib/screen/USER/home_page_layout.c:417:6:linkPagesToCanvas	32	static
../Core/Src/lib/screen/USER/home_page_layout.c:433:6:linkCanvasToCanvas	48	static
../Core/Src/lib/screen/USER/home_page_layout.c:471:6:linkCanvasToText	40	static
../Core/Src/lib/screen/USER/home_page_layout.c:493:5:SCREEN_INIT	8	static
../Core/Src/lib/screen/USER/home_page_layout.c:501:6:GUI_VAR_INIT	24	static
../Core/Src/lib/screen/USER/home_page_layout.c:544:6:PROCESS_VAR_PARENT	24	static
../Core/Src/lib/screen/USER/home_page_layout.c:558:6:PROCESS_VAR_SIBLING	16	static
../Core/Src/lib/screen/USER/home_page_layout.c:582:6:GUI_HANDLE	24	static
../Core/Src/lib/screen/USER/home_page_layout.c:604:6:canvasDrawHandle	40	static
../Core/Src/lib/screen/USER/home_page_layout.c:627:6:pushCanvasNode	24	static
../Core/Src/lib/screen/USER/home_page_layout.c:640:17:popCanvasNode	32	static
