../Core/Src/main.c:439:5:main	7
../Core/Src/main.c:686:6:SystemClock_Config	3
../Core/Src/main.c:733:13:MX_SPI2_Init	2
../Core/Src/main.c:771:13:MX_SPI4_Init	2
../Core/Src/main.c:809:13:MX_TIM2_Init	4
../Core/Src/main.c:854:13:MX_TIM3_Init	4
../Core/Src/main.c:899:13:MX_TIM10_Init	2
../Core/Src/main.c:930:13:MX_TIM11_Init	2
../Core/Src/main.c:961:13:MX_USART1_UART_Init	2
../Core/Src/main.c:996:13:MX_USART2_UART_Init	2
../Core/Src/main.c:1027:13:MX_DMA_Init	1
../Core/Src/main.c:1052:13:MX_GPIO_Init	1
../Core/Src/main.c:1158:6:HAL_GPIO_EXTI_Callback	2
../Core/Src/main.c:1183:6:getFloatString	1
../Core/Src/main.c:1190:6:HAL_UARTEx_RxEventCallback	2
../Core/Src/main.c:1198:6:HAL_UART_TxCpltCallback	2
../Core/Src/main.c:1205:6:ERR_INIT	1
../Core/Src/main.c:1218:6:mainFunction	1
../Core/Src/main.c:1242:6:valveFunction	4
../Core/Src/main.c:1282:6:uartFunction	8
../Core/Src/main.c:1330:6:ds18b20Function	1
../Core/Src/main.c:1373:6:HUART_WORKER_TRANSMIT	1
../Core/Src/main.c:1391:6:HUART_WORKER_RECIVE	2
../Core/Src/main.c:1419:6:DS18B20_WORKER_TR	1
../Core/Src/main.c:1445:6:StartTask08	1
../Core/Src/main.c:1464:6:SCREEN_WORKER_RECEIVE	1
../Core/Src/main.c:1483:6:SCREEN_WORKER_TRANSMIT	1
../Core/Src/main.c:1504:6:BACKUP_FUNCTION	1
../Core/Src/main.c:1523:6:BACKUP_WORKER_RECEIVE	1
../Core/Src/main.c:1542:6:BACKUP_WORKER_TRANSMIT	1
../Core/Src/main.c:1561:6:VALVE_WORKER_RECEIVE	1
../Core/Src/main.c:1580:6:ScreenFunction	1
../Core/Src/main.c:1623:6:TouchScreenFunction	3
../Core/Src/main.c:1660:6:PRINT	3
../Core/Src/main.c:1693:6:HAL_TIM_PeriodElapsedCallback	2
../Core/Src/main.c:1710:6:Error_Handler	1
