../Core/Src/main.c:217:5:main	440	static
../Core/Src/main.c:399:6:SystemClock_Config	88	static
../Core/Src/main.c:446:13:MX_SPI2_Init	8	static
../Core/Src/main.c:484:13:MX_SPI4_Init	8	static
../Core/Src/main.c:522:13:MX_TIM2_Init	32	static
../Core/Src/main.c:567:13:MX_TIM3_Init	32	static
../Core/Src/main.c:612:13:MX_TIM10_Init	8	static
../Core/Src/main.c:643:13:MX_TIM11_Init	8	static
../Core/Src/main.c:674:13:MX_USART1_UART_Init	8	static
../Core/Src/main.c:707:13:MX_USART2_UART_Init	8	static
../Core/Src/main.c:740:13:MX_GPIO_Init	48	static
../Core/Src/main.c:842:6:getFloatString	24	static
../Core/Src/main.c:848:6:ERR_INIT	16	static
../Core/Src/main.c:859:6:mainFunction	16	static
../Core/Src/main.c:877:6:valveFunction	16	static
../Core/Src/main.c:895:6:uartFunction	16	static
../Core/Src/main.c:914:6:HAL_TIM_PeriodElapsedCallback	16	static
../Core/Src/main.c:931:6:Error_Handler	4	static,ignoring_inline_asm
