../Core/Src/main.c:447:5:main	520	static
../Core/Src/main.c:697:6:SystemClock_Config	88	static
../Core/Src/main.c:744:13:MX_SPI2_Init	8	static
../Core/Src/main.c:782:13:MX_SPI4_Init	8	static
../Core/Src/main.c:820:13:MX_TIM2_Init	32	static
../Core/Src/main.c:865:13:MX_TIM3_Init	32	static
../Core/Src/main.c:910:13:MX_TIM10_Init	8	static
../Core/Src/main.c:941:13:MX_TIM11_Init	8	static
../Core/Src/main.c:972:13:MX_USART1_UART_Init	8	static
../Core/Src/main.c:1007:13:MX_USART2_UART_Init	8	static
../Core/Src/main.c:1038:13:MX_DMA_Init	16	static
../Core/Src/main.c:1072:13:MX_GPIO_Init	48	static
../Core/Src/main.c:1178:6:HAL_GPIO_EXTI_Callback	16	static
../Core/Src/main.c:1203:6:getFloatString	24	static
../Core/Src/main.c:1210:6:HAL_UARTEx_RxEventCallback	16	static
../Core/Src/main.c:1218:6:HAL_UART_TxCpltCallback	16	static
../Core/Src/main.c:1225:6:ERR_INIT	16	static
../Core/Src/main.c:1238:6:mainFunction	24	static
../Core/Src/main.c:1262:6:valveFunction	24	static
../Core/Src/main.c:1302:6:uartFunction	16	static
../Core/Src/main.c:1350:6:ds18b20Function	128	static
../Core/Src/main.c:1393:6:HUART_WORKER_TRANSMIT	16	static
../Core/Src/main.c:1411:6:HUART_WORKER_RECIVE	32	static
../Core/Src/main.c:1439:6:DS18B20_WORKER_TR	24	static
../Core/Src/main.c:1465:6:StartTask08	16	static
../Core/Src/main.c:1484:6:SCREEN_WORKER_RECEIVE	16	static
../Core/Src/main.c:1503:6:SCREEN_WORKER_TRANSMIT	16	static
../Core/Src/main.c:1524:6:BACKUP_FUNCTION	16	static
../Core/Src/main.c:1543:6:BACKUP_WORKER_RECEIVE	16	static
../Core/Src/main.c:1562:6:BACKUP_WORKER_TRANSMIT	16	static
../Core/Src/main.c:1581:6:VALVE_WORKER_RECEIVE	16	static
../Core/Src/main.c:1600:6:ScreenFunction	32	static
../Core/Src/main.c:1644:6:TouchScreenFunction	64	static
../Core/Src/main.c:1681:6:PRINT	40	static
../Core/Src/main.c:1714:6:HAL_TIM_PeriodElapsedCallback	16	static
../Core/Src/main.c:1731:6:Error_Handler	4	static,ignoring_inline_asm
