../Core/Src/main.c:287:5:main	544	static
../Core/Src/main.c:491:6:SystemClock_Config	88	static
../Core/Src/main.c:538:13:MX_SPI2_Init	8	static
../Core/Src/main.c:576:13:MX_SPI4_Init	8	static
../Core/Src/main.c:614:13:MX_TIM2_Init	32	static
../Core/Src/main.c:659:13:MX_TIM3_Init	32	static
../Core/Src/main.c:704:13:MX_TIM10_Init	8	static
../Core/Src/main.c:735:13:MX_TIM11_Init	8	static
../Core/Src/main.c:766:13:MX_USART1_UART_Init	8	static
../Core/Src/main.c:801:13:MX_USART2_UART_Init	8	static
../Core/Src/main.c:832:13:MX_DMA_Init	16	static
../Core/Src/main.c:857:13:MX_GPIO_Init	48	static
../Core/Src/main.c:960:6:getFloatString	24	static
../Core/Src/main.c:967:6:HAL_UARTEx_RxEventCallback	16	static
../Core/Src/main.c:978:6:HAL_UART_TxCpltCallback	16	static
../Core/Src/main.c:989:6:ERR_INIT	16	static
../Core/Src/main.c:1002:6:mainFunction	136	static
../Core/Src/main.c:1031:6:valveFunction	136	static
../Core/Src/main.c:1058:6:uartFunction	128	static
../Core/Src/main.c:1119:6:ds18b20Function	128	static
../Core/Src/main.c:1162:6:HAL_TIM_PeriodElapsedCallback	16	static
../Core/Src/main.c:1179:6:Error_Handler	4	static,ignoring_inline_asm
