../Core/Src/main.c:251:5:main	440	static
../Core/Src/main.c:434:6:SystemClock_Config	88	static
../Core/Src/main.c:481:13:MX_SPI2_Init	8	static
../Core/Src/main.c:519:13:MX_SPI4_Init	8	static
../Core/Src/main.c:557:13:MX_TIM2_Init	32	static
../Core/Src/main.c:602:13:MX_TIM3_Init	32	static
../Core/Src/main.c:647:13:MX_TIM10_Init	8	static
../Core/Src/main.c:678:13:MX_TIM11_Init	8	static
../Core/Src/main.c:709:13:MX_USART1_UART_Init	8	static
../Core/Src/main.c:742:13:MX_USART2_UART_Init	8	static
../Core/Src/main.c:773:13:MX_DMA_Init	16	static
../Core/Src/main.c:798:13:MX_GPIO_Init	48	static
../Core/Src/main.c:901:6:getFloatString	24	static
../Core/Src/main.c:908:6:HAL_UARTEx_RxEventCallback	16	static
../Core/Src/main.c:923:6:HAL_UART_TxCpltCallback	16	static
../Core/Src/main.c:929:6:ERR_INIT	16	static
../Core/Src/main.c:942:6:mainFunction	16	static
../Core/Src/main.c:963:6:valveFunction	16	static
../Core/Src/main.c:984:6:uartFunction	24	static
../Core/Src/main.c:1054:6:ds18b20Function	16	static
../Core/Src/main.c:1076:6:HAL_TIM_PeriodElapsedCallback	16	static
../Core/Src/main.c:1093:6:Error_Handler	4	static,ignoring_inline_asm
