../Core/Src/main.c:238:5:main	440	static
../Core/Src/main.c:427:6:SystemClock_Config	88	static
../Core/Src/main.c:474:13:MX_SPI2_Init	8	static
../Core/Src/main.c:512:13:MX_SPI4_Init	8	static
../Core/Src/main.c:550:13:MX_TIM2_Init	32	static
../Core/Src/main.c:595:13:MX_TIM3_Init	32	static
../Core/Src/main.c:640:13:MX_TIM10_Init	8	static
../Core/Src/main.c:671:13:MX_TIM11_Init	8	static
../Core/Src/main.c:702:13:MX_USART1_UART_Init	8	static
../Core/Src/main.c:735:13:MX_USART2_UART_Init	8	static
../Core/Src/main.c:766:13:MX_DMA_Init	16	static
../Core/Src/main.c:787:13:MX_GPIO_Init	48	static
../Core/Src/main.c:890:6:getFloatString	24	static
../Core/Src/main.c:897:6:HAL_UARTEx_RxEventCallback	16	static
../Core/Src/main.c:913:6:ERR_INIT	16	static
../Core/Src/main.c:917:6:SET_UP_DMAT	16	static
../Core/Src/main.c:934:6:SET_UP_DMAR	4	static
../Core/Src/main.c:966:6:RESET_DMAR	8	static
../Core/Src/main.c:977:6:UART_DMA_MFLAG	136	static
../Core/Src/main.c:1005:6:mainFunction	128	static
../Core/Src/main.c:1026:6:valveFunction	128	static
../Core/Src/main.c:1047:6:uartFunction	128	static
../Core/Src/main.c:1096:6:ds18b20Function	128	static
../Core/Src/main.c:1118:6:HAL_TIM_PeriodElapsedCallback	16	static
../Core/Src/main.c:1135:6:Error_Handler	4	static,ignoring_inline_asm
