../Core/Src/main.c:439:5:main	520	static
../Core/Src/main.c:686:6:SystemClock_Config	88	static
../Core/Src/main.c:733:13:MX_SPI2_Init	8	static
../Core/Src/main.c:771:13:MX_SPI4_Init	8	static
../Core/Src/main.c:809:13:MX_TIM2_Init	32	static
../Core/Src/main.c:854:13:MX_TIM3_Init	32	static
../Core/Src/main.c:899:13:MX_TIM10_Init	8	static
../Core/Src/main.c:930:13:MX_TIM11_Init	8	static
../Core/Src/main.c:961:13:MX_USART1_UART_Init	8	static
../Core/Src/main.c:996:13:MX_USART2_UART_Init	8	static
../Core/Src/main.c:1027:13:MX_DMA_Init	16	static
../Core/Src/main.c:1052:13:MX_GPIO_Init	48	static
../Core/Src/main.c:1158:6:HAL_GPIO_EXTI_Callback	16	static
../Core/Src/main.c:1183:6:getFloatString	24	static
../Core/Src/main.c:1190:6:HAL_UARTEx_RxEventCallback	16	static
../Core/Src/main.c:1198:6:HAL_UART_TxCpltCallback	16	static
../Core/Src/main.c:1205:6:ERR_INIT	16	static
../Core/Src/main.c:1218:6:mainFunction	24	static
../Core/Src/main.c:1242:6:valveFunction	24	static
../Core/Src/main.c:1282:6:uartFunction	16	static
../Core/Src/main.c:1330:6:ds18b20Function	128	static
../Core/Src/main.c:1373:6:HUART_WORKER_TRANSMIT	16	static
../Core/Src/main.c:1391:6:HUART_WORKER_RECIVE	32	static
../Core/Src/main.c:1419:6:DS18B20_WORKER_TR	24	static
../Core/Src/main.c:1445:6:StartTask08	16	static
../Core/Src/main.c:1464:6:SCREEN_WORKER_RECEIVE	16	static
../Core/Src/main.c:1483:6:SCREEN_WORKER_TRANSMIT	16	static
../Core/Src/main.c:1504:6:BACKUP_FUNCTION	16	static
../Core/Src/main.c:1523:6:BACKUP_WORKER_RECEIVE	16	static
../Core/Src/main.c:1542:6:BACKUP_WORKER_TRANSMIT	16	static
../Core/Src/main.c:1561:6:VALVE_WORKER_RECEIVE	16	static
../Core/Src/main.c:1580:6:ScreenFunction	32	static
../Core/Src/main.c:1623:6:TouchScreenFunction	64	static
../Core/Src/main.c:1660:6:PRINT	40	static
../Core/Src/main.c:1693:6:HAL_TIM_PeriodElapsedCallback	16	static
../Core/Src/main.c:1710:6:Error_Handler	4	static,ignoring_inline_asm
