../Core/Src/main.c:176:5:main	440	static
../Core/Src/main.c:307:6:SystemClock_Config	88	static
../Core/Src/main.c:354:13:MX_SPI2_Init	8	static
../Core/Src/main.c:392:13:MX_SPI4_Init	8	static
../Core/Src/main.c:430:13:MX_TIM2_Init	32	static
../Core/Src/main.c:475:13:MX_TIM3_Init	32	static
../Core/Src/main.c:520:13:MX_TIM10_Init	8	static
../Core/Src/main.c:551:13:MX_TIM11_Init	8	static
../Core/Src/main.c:582:13:MX_USART1_UART_Init	8	static
../Core/Src/main.c:615:13:MX_USART2_UART_Init	8	static
../Core/Src/main.c:648:13:MX_GPIO_Init	48	static
../Core/Src/main.c:750:6:getFloatString	24	static
../Core/Src/main.c:756:6:ERR_INIT	16	static
../Core/Src/main.c:764:6:Error_Handler	4	static,ignoring_inline_asm
