../Core/Src/stm32f4xx_it.c:97:6:NMI_Handler	4	static
../Core/Src/stm32f4xx_it.c:112:6:HardFault_Handler	4	static
../Core/Src/stm32f4xx_it.c:127:6:MemManage_Handler	4	static
../Core/Src/stm32f4xx_it.c:142:6:BusFault_Handler	4	static
../Core/Src/stm32f4xx_it.c:157:6:UsageFault_Handler	4	static
../Core/Src/stm32f4xx_it.c:172:6:DebugMon_Handler	4	static
../Core/Src/stm32f4xx_it.c:192:6:PVD_IRQHandler	8	static
../Core/Src/stm32f4xx_it.c:206:6:FLASH_IRQHandler	8	static
../Core/Src/stm32f4xx_it.c:220:6:RCC_IRQHandler	4	static
../Core/Src/stm32f4xx_it.c:233:6:DMA1_Stream4_IRQHandler	8	static
../Core/Src/stm32f4xx_it.c:247:6:DMA1_Stream6_IRQHandler	8	static
../Core/Src/stm32f4xx_it.c:261:6:EXTI9_5_IRQHandler	8	static
../Core/Src/stm32f4xx_it.c:277:6:TIM1_UP_TIM10_IRQHandler	8	static
../Core/Src/stm32f4xx_it.c:294:6:TIM1_TRG_COM_TIM11_IRQHandler	8	static
../Core/Src/stm32f4xx_it.c:308:6:TIM2_IRQHandler	8	static
../Core/Src/stm32f4xx_it.c:322:6:TIM3_IRQHandler	8	static
../Core/Src/stm32f4xx_it.c:336:6:SPI2_IRQHandler	8	static
../Core/Src/stm32f4xx_it.c:350:6:USART1_IRQHandler	8	static
../Core/Src/stm32f4xx_it.c:364:6:USART2_IRQHandler	8	static
../Core/Src/stm32f4xx_it.c:378:6:EXTI15_10_IRQHandler	8	static
../Core/Src/stm32f4xx_it.c:392:6:DMA2_Stream0_IRQHandler	8	static
../Core/Src/stm32f4xx_it.c:406:6:DMA2_Stream1_IRQHandler	8	static
../Core/Src/stm32f4xx_it.c:420:6:DMA2_Stream5_IRQHandler	8	static
../Core/Src/stm32f4xx_it.c:434:6:DMA2_Stream7_IRQHandler	8	static
