../Core/Src/stm32f4xx_it.c:90:6:NMI_Handler	4	static
../Core/Src/stm32f4xx_it.c:105:6:HardFault_Handler	4	static
../Core/Src/stm32f4xx_it.c:120:6:MemManage_Handler	4	static
../Core/Src/stm32f4xx_it.c:135:6:BusFault_Handler	4	static
../Core/Src/stm32f4xx_it.c:150:6:UsageFault_Handler	4	static
../Core/Src/stm32f4xx_it.c:165:6:DebugMon_Handler	4	static
../Core/Src/stm32f4xx_it.c:185:6:DMA1_Stream6_IRQHandler	8	static
../Core/Src/stm32f4xx_it.c:199:6:EXTI9_5_IRQHandler	8	static
../Core/Src/stm32f4xx_it.c:213:6:TIM1_UP_TIM10_IRQHandler	8	static
../Core/Src/stm32f4xx_it.c:230:6:TIM2_IRQHandler	8	static
../Core/Src/stm32f4xx_it.c:244:6:TIM3_IRQHandler	8	static
../Core/Src/stm32f4xx_it.c:258:6:USART1_IRQHandler	8	static
../Core/Src/stm32f4xx_it.c:272:6:DMA2_Stream5_IRQHandler	8	static
../Core/Src/stm32f4xx_it.c:286:6:DMA2_Stream7_IRQHandler	8	static
