../Core/Src/lib/ds18b20_lib/ds18b20.c:15:5:ds18b20_test	120	static
../Core/Src/lib/ds18b20_lib/ds18b20.c:54:6:ds18b20_drive_LOW	8	static
../Core/Src/lib/ds18b20_lib/ds18b20.c:59:6:ds18b20_release_HIGH	8	static
../Core/Src/lib/ds18b20_lib/ds18b20.c:64:6:ds18b20_write_0	8	static
../Core/Src/lib/ds18b20_lib/ds18b20.c:76:6:ds18b20_write_1	8	static
../Core/Src/lib/ds18b20_lib/ds18b20.c:89:6:ds18b20_start	16	static
../Core/Src/lib/ds18b20_lib/ds18b20.c:107:6:ds18b20_write_byte	24	static
../Core/Src/lib/ds18b20_lib/ds18b20.c:115:10:ds18b20_read	40	static
../Core/Src/lib/ds18b20_lib/ds18b20.c:159:7:ds18b20_read_temperature	56	static
../Core/Src/lib/ds18b20_lib/ds18b20.c:184:7:ds18b20_get_temperature	40	static
../Core/Src/lib/ds18b20_lib/ds18b20.c:198:8:ds18b20_search_ROM	200	static
../Core/Src/lib/ds18b20_lib/ds18b20.c:284:10:ds18b20_read_ROM	16	static
../Core/Src/lib/ds18b20_lib/ds18b20.c:291:6:ds18b20_match_ROM	24	static
../Core/Src/lib/ds18b20_lib/ds18b20.c:298:6:ds18b20_skip_ROM	8	static
../Core/Src/lib/ds18b20_lib/ds18b20.c:302:6:ds18b20_alarm_search	8	static
../Core/Src/lib/ds18b20_lib/ds18b20.c:308:6:ds18b20_convert_T	8	static
../Core/Src/lib/ds18b20_lib/ds18b20.c:313:6:ds18b20_write_scratchpad	8	static
../Core/Src/lib/ds18b20_lib/ds18b20.c:318:10:ds18b20_read_scratchpad	24	static
