../Core/lib/lcd/pages.c:38:6:PAGE_HOME_INIT_VAR	4	static
../Core/lib/lcd/pages.c:102:6:PAGE_HOME_Draw	16	static
../Core/lib/lcd/pages.c:109:6:PAGE_CONF_Draw	16	static
../Core/lib/lcd/pages.c:112:6:draw_wifi_status	32	static
../Core/lib/lcd/pages.c:118:6:draw_statistic_panel	32	static
../Core/lib/lcd/pages.c:122:6:plot_statistic_panel	16	static
../Core/lib/lcd/pages.c:126:6:draw_box_1	40	static
../Core/lib/lcd/pages.c:146:6:draw_box_1_words	16	static
../Core/lib/lcd/pages.c:150:6:update_setBox	64	static
../Core/lib/lcd/pages.c:156:6:animate_setBox	16	static
../Core/lib/lcd/pages.c:158:6:animate_homeBox	16	static
../Core/lib/lcd/pages.c:161:6:update_confBox	16	static
../Core/lib/lcd/pages.c:165:6:draw_box_2	40	static
../Core/lib/lcd/pages.c:175:6:update_setTemp	40	static
../Core/lib/lcd/pages.c:179:6:update_outTemp	40	static
../Core/lib/lcd/pages.c:183:6:update_hotTemp	40	static
../Core/lib/lcd/pages.c:188:6:draw_arrow_left	56	static
../Core/lib/lcd/pages.c:206:6:animate_arrow_left	16	static
../Core/lib/lcd/pages.c:213:6:draw_arrow_right	56	static
../Core/lib/lcd/pages.c:233:6:animate_arrow_right	16	static
